2026-01-08 20:38:41 [   DEBUG] [selenium_manager.py:100] Selenium Manager binary found at: C:\Users\AnkushGurudath\AppData\Local\Programs\Python\Python312\Lib\site-packages\selenium\webdriver\common\windows\selenium-manager.exe
2026-01-08 20:38:42 [   DEBUG] [selenium_manager.py:113] Executing process: C:\Users\AnkushGurudath\AppData\Local\Programs\Python\Python312\Lib\site-packages\selenium\webdriver\common\windows\selenium-manager.exe --browser chrome --debug --language-binding python --output json
2026-01-08 20:38:42 [   DEBUG] [selenium_manager.py:139] chromedriver not found in PATH
2026-01-08 20:38:42 [   DEBUG] [selenium_manager.py:139] chrome detected at C:\Program Files\Google\Chrome\Application\chrome.exe
2026-01-08 20:38:42 [   DEBUG] [selenium_manager.py:139] Detected browser: chrome 143.0.7499.170
2026-01-08 20:38:42 [   DEBUG] [selenium_manager.py:139] Required driver: chromedriver 143.0.7499.192
2026-01-08 20:38:42 [   DEBUG] [selenium_manager.py:139] chromedriver 143.0.7499.192 already in the cache
2026-01-08 20:38:42 [   DEBUG] [selenium_manager.py:139] Driver path: C:\Users\AnkushGurudath\.cache\selenium\chromedriver\win64\143.0.7499.192\chromedriver.exe
2026-01-08 20:38:42 [   DEBUG] [selenium_manager.py:139] Browser path: C:\Program Files\Google\Chrome\Application\chrome.exe
2026-01-08 20:38:42 [   DEBUG] [service.py:226] Started executable: `C:\Users\AnkushGurudath\.cache\selenium\chromedriver\win64\143.0.7499.192\chromedriver.exe` in a child process with pid: 24612 using 0 to output -3
2026-01-08 20:38:42 [   DEBUG] [remote_connection.py:405] POST http://localhost:51854/session {'capabilities': {'firstMatch': [{}], 'alwaysMatch': {'browserName': 'chrome', 'pageLoadStrategy': <PageLoadStrategy.normal: 'normal'>, 'browserVersion': None, 'goog:chromeOptions': {'extensions': [], 'binary': 'C:\\Program Files\\Google\\Chrome\\Application\\chrome.exe', 'args': ['--start-maximized']}}}}
2026-01-08 20:38:42 [   DEBUG] [connectionpool.py:241] Starting new HTTP connection (1): localhost:51854
2026-01-08 20:38:43 [   DEBUG] [connectionpool.py:544] http://localhost:51854 "POST /session HTTP/1.1" 200 0
2026-01-08 20:38:43 [   DEBUG] [remote_connection.py:438] Remote response: status=200 | data={"value":{"capabilities":{"acceptInsecureCerts":false,"browserName":"chrome","browserVersion":"143.0.7499.170","chrome":{"chromedriverVersion":"143.0.7499.192 (be2c1f4fd451578a9ada68a0ac12d659362b44bf-refs/branch-heads/7499@{#4083})","userDataDir":"C:\\Users\\ANKUSH~1\\AppData\\Local\\Temp\\scoped_dir24612_1476874737"},"fedcm:accounts":true,"goog:chromeOptions":{"debuggerAddress":"localhost:57079"},"goog:processID":16144,"networkConnectionEnabled":false,"pageLoadStrategy":"normal","platformName":"windows","proxy":{},"setWindowRect":true,"strictFileInteractability":false,"timeouts":{"implicit":0,"pageLoad":300000,"script":30000},"unhandledPromptBehavior":"dismiss and notify","webauthn:extension:credBlob":true,"webauthn:extension:largeBlob":true,"webauthn:extension:minPinLength":true,"webauthn:extension:prf":true,"webauthn:virtualAuthenticators":true},"sessionId":"3b7ea9b8ae3b9f898b5332732fa74180"}} | headers=HTTPHeaderDict({'Content-Length': '910', 'Content-Type': 'application/json; charset=utf-8', 'cache-control': 'no-cache'})
2026-01-08 20:38:43 [   DEBUG] [remote_connection.py:467] Finished Request
2026-01-08 20:38:43 [   DEBUG] [remote_connection.py:405] POST http://localhost:51854/session/3b7ea9b8ae3b9f898b5332732fa74180/timeouts {'implicit': 10000}
2026-01-08 20:38:43 [   DEBUG] [connectionpool.py:544] http://localhost:51854 "POST /session/3b7ea9b8ae3b9f898b5332732fa74180/timeouts HTTP/1.1" 200 0
2026-01-08 20:38:43 [   DEBUG] [remote_connection.py:438] Remote response: status=200 | data={"value":null} | headers=HTTPHeaderDict({'Content-Length': '14', 'Content-Type': 'application/json; charset=utf-8', 'cache-control': 'no-cache'})
2026-01-08 20:38:43 [   DEBUG] [remote_connection.py:467] Finished Request
2026-01-08 20:38:43 [   DEBUG] [remote_connection.py:405] POST http://localhost:51854/session/3b7ea9b8ae3b9f898b5332732fa74180/url {'url': 'https://app.lytx.com/#/lvs/vehicles'}
2026-01-08 20:38:52 [   DEBUG] [connectionpool.py:544] http://localhost:51854 "POST /session/3b7ea9b8ae3b9f898b5332732fa74180/url HTTP/1.1" 200 0
2026-01-08 20:38:52 [   DEBUG] [remote_connection.py:438] Remote response: status=200 | data={"value":null} | headers=HTTPHeaderDict({'Content-Length': '14', 'Content-Type': 'application/json; charset=utf-8', 'cache-control': 'no-cache'})
2026-01-08 20:38:52 [   DEBUG] [remote_connection.py:467] Finished Request
2026-01-08 20:38:52 [   DEBUG] [remote_connection.py:405] POST http://localhost:51854/session/3b7ea9b8ae3b9f898b5332732fa74180/element {'using': 'css selector', 'value': '[id="username"]'}
2026-01-08 20:38:53 [   DEBUG] [connectionpool.py:544] http://localhost:51854 "POST /session/3b7ea9b8ae3b9f898b5332732fa74180/element HTTP/1.1" 200 0
2026-01-08 20:38:53 [   DEBUG] [remote_connection.py:438] Remote response: status=200 | data={"value":{"element-6066-11e4-a52e-4f735466cecf":"f.791E0EA8D4C19E44145BFD7D4024DC0E.d.1536B962ADE681A982F5F0C15A05737B.e.255"}} | headers=HTTPHeaderDict({'Content-Length': '127', 'Content-Type': 'application/json; charset=utf-8', 'cache-control': 'no-cache'})
2026-01-08 20:38:53 [   DEBUG] [remote_connection.py:467] Finished Request
2026-01-08 20:38:53 [   DEBUG] [remote_connection.py:405] POST http://localhost:51854/session/3b7ea9b8ae3b9f898b5332732fa74180/element {'using': 'css selector', 'value': '[id="username"]'}
2026-01-08 20:38:53 [   DEBUG] [connectionpool.py:544] http://localhost:51854 "POST /session/3b7ea9b8ae3b9f898b5332732fa74180/element HTTP/1.1" 200 0
2026-01-08 20:38:53 [   DEBUG] [remote_connection.py:438] Remote response: status=200 | data={"value":{"element-6066-11e4-a52e-4f735466cecf":"f.791E0EA8D4C19E44145BFD7D4024DC0E.d.1536B962ADE681A982F5F0C15A05737B.e.255"}} | headers=HTTPHeaderDict({'Content-Length': '127', 'Content-Type': 'application/json; charset=utf-8', 'cache-control': 'no-cache'})
2026-01-08 20:38:53 [   DEBUG] [remote_connection.py:467] Finished Request
2026-01-08 20:38:53 [   DEBUG] [remote_connection.py:405] POST http://localhost:51854/session/3b7ea9b8ae3b9f898b5332732fa74180/element/f.791E0EA8D4C19E44145BFD7D4024DC0E.d.1536B962ADE681A982F5F0C15A05737B.e.255/value {'text': 'qa_ind_full_access', 'value': ['q', 'a', '_', 'i', 'n', 'd', '_', 'f', 'u', 'l', 'l', '_', 'a', 'c', 'c', 'e', 's', 's']}
2026-01-08 20:38:53 [   DEBUG] [connectionpool.py:544] http://localhost:51854 "POST /session/3b7ea9b8ae3b9f898b5332732fa74180/element/f.791E0EA8D4C19E44145BFD7D4024DC0E.d.1536B962ADE681A982F5F0C15A05737B.e.255/value HTTP/1.1" 200 0
2026-01-08 20:38:53 [   DEBUG] [remote_connection.py:438] Remote response: status=200 | data={"value":null} | headers=HTTPHeaderDict({'Content-Length': '14', 'Content-Type': 'application/json; charset=utf-8', 'cache-control': 'no-cache'})
2026-01-08 20:38:53 [   DEBUG] [remote_connection.py:467] Finished Request
2026-01-08 20:38:53 [   DEBUG] [remote_connection.py:405] POST http://localhost:51854/session/3b7ea9b8ae3b9f898b5332732fa74180/element {'using': 'css selector', 'value': '[id="password"]'}
2026-01-08 20:38:53 [   DEBUG] [connectionpool.py:544] http://localhost:51854 "POST /session/3b7ea9b8ae3b9f898b5332732fa74180/element HTTP/1.1" 200 0
2026-01-08 20:38:53 [   DEBUG] [remote_connection.py:438] Remote response: status=200 | data={"value":{"element-6066-11e4-a52e-4f735466cecf":"f.791E0EA8D4C19E44145BFD7D4024DC0E.d.1536B962ADE681A982F5F0C15A05737B.e.261"}} | headers=HTTPHeaderDict({'Content-Length': '127', 'Content-Type': 'application/json; charset=utf-8', 'cache-control': 'no-cache'})
2026-01-08 20:38:53 [   DEBUG] [remote_connection.py:467] Finished Request
2026-01-08 20:38:53 [   DEBUG] [remote_connection.py:405] POST http://localhost:51854/session/3b7ea9b8ae3b9f898b5332732fa74180/element {'using': 'css selector', 'value': '[id="password"]'}
2026-01-08 20:38:53 [   DEBUG] [connectionpool.py:544] http://localhost:51854 "POST /session/3b7ea9b8ae3b9f898b5332732fa74180/element HTTP/1.1" 200 0
2026-01-08 20:38:53 [   DEBUG] [remote_connection.py:438] Remote response: status=200 | data={"value":{"element-6066-11e4-a52e-4f735466cecf":"f.791E0EA8D4C19E44145BFD7D4024DC0E.d.1536B962ADE681A982F5F0C15A05737B.e.261"}} | headers=HTTPHeaderDict({'Content-Length': '127', 'Content-Type': 'application/json; charset=utf-8', 'cache-control': 'no-cache'})
2026-01-08 20:38:53 [   DEBUG] [remote_connection.py:467] Finished Request
2026-01-08 20:38:53 [   DEBUG] [remote_connection.py:405] POST http://localhost:51854/session/3b7ea9b8ae3b9f898b5332732fa74180/element/f.791E0EA8D4C19E44145BFD7D4024DC0E.d.1536B962ADE681A982F5F0C15A05737B.e.261/value {'text': 'Login123!', 'value': ['L', 'o', 'g', 'i', 'n', '1', '2', '3', '!']}
2026-01-08 20:38:53 [   DEBUG] [connectionpool.py:544] http://localhost:51854 "POST /session/3b7ea9b8ae3b9f898b5332732fa74180/element/f.791E0EA8D4C19E44145BFD7D4024DC0E.d.1536B962ADE681A982F5F0C15A05737B.e.261/value HTTP/1.1" 200 0
2026-01-08 20:38:53 [   DEBUG] [remote_connection.py:438] Remote response: status=200 | data={"value":null} | headers=HTTPHeaderDict({'Content-Length': '14', 'Content-Type': 'application/json; charset=utf-8', 'cache-control': 'no-cache'})
2026-01-08 20:38:53 [   DEBUG] [remote_connection.py:467] Finished Request
2026-01-08 20:38:53 [   DEBUG] [remote_connection.py:405] POST http://localhost:51854/session/3b7ea9b8ae3b9f898b5332732fa74180/element {'using': 'css selector', 'value': '[id="submitButton"]'}
2026-01-08 20:38:53 [   DEBUG] [connectionpool.py:544] http://localhost:51854 "POST /session/3b7ea9b8ae3b9f898b5332732fa74180/element HTTP/1.1" 200 0
2026-01-08 20:38:53 [   DEBUG] [remote_connection.py:438] Remote response: status=200 | data={"value":{"element-6066-11e4-a52e-4f735466cecf":"f.791E0EA8D4C19E44145BFD7D4024DC0E.d.1536B962ADE681A982F5F0C15A05737B.e.245"}} | headers=HTTPHeaderDict({'Content-Length': '127', 'Content-Type': 'application/json; charset=utf-8', 'cache-control': 'no-cache'})
2026-01-08 20:38:53 [   DEBUG] [remote_connection.py:467] Finished Request
2026-01-08 20:38:53 [   DEBUG] [remote_connection.py:405] POST http://localhost:51854/session/3b7ea9b8ae3b9f898b5332732fa74180/element/f.791E0EA8D4C19E44145BFD7D4024DC0E.d.1536B962ADE681A982F5F0C15A05737B.e.245/click {}
2026-01-08 20:38:53 [   DEBUG] [connectionpool.py:544] http://localhost:51854 "POST /session/3b7ea9b8ae3b9f898b5332732fa74180/element/f.791E0EA8D4C19E44145BFD7D4024DC0E.d.1536B962ADE681A982F5F0C15A05737B.e.245/click HTTP/1.1" 200 0
2026-01-08 20:38:53 [   DEBUG] [remote_connection.py:438] Remote response: status=200 | data={"value":null} | headers=HTTPHeaderDict({'Content-Length': '14', 'Content-Type': 'application/json; charset=utf-8', 'cache-control': 'no-cache'})
2026-01-08 20:38:53 [   DEBUG] [remote_connection.py:467] Finished Request
2026-01-08 20:38:53 [   DEBUG] [remote_connection.py:405] POST http://localhost:51854/session/3b7ea9b8ae3b9f898b5332732fa74180/element {'using': 'css selector', 'value': '[id="videoSearchText"]'}
2026-01-08 20:39:03 [   DEBUG] [connectionpool.py:544] http://localhost:51854 "POST /session/3b7ea9b8ae3b9f898b5332732fa74180/element HTTP/1.1" 404 0
2026-01-08 20:39:03 [   DEBUG] [remote_connection.py:438] Remote response: status=404 | data={"value":{"error":"no such element","message":"no such element: Unable to locate element: {\"method\":\"css selector\",\"selector\":\"[id=\"videoSearchText\"]\"}\n  (Session info: chrome=143.0.7499.170)","stacktrace":"Symbols not available. Dumping unresolved backtrace:\n\t0x7ff6013088d5\n\t0x7ff601308930\n\t0x7ff6010e165d\n\t0x7ff601139a33\n\t0x7ff601139d3c\n\t0x7ff60118df67\n\t0x7ff60118ac97\n\t0x7ff60112ac29\n\t0x7ff60112ba93\n\t0x7ff601620620\n\t0x7ff60161af60\n\t0x7ff6016396c6\n\t0x7ff601325dd4\n\t0x7ff60132ed7c\n\t0x7ff601311ff4\n\t0x7ff6013121a5\n\t0x7ff6012f7ed2\n\t0x7ffd7983e8d7\n\t0x7ffd7b84c53c\n"}} | headers=HTTPHeaderDict({'Content-Length': '617', 'Content-Type': 'application/json; charset=utf-8', 'cache-control': 'no-cache'})
2026-01-08 20:39:03 [   DEBUG] [remote_connection.py:467] Finished Request
2026-01-08 20:39:04 [   DEBUG] [remote_connection.py:405] POST http://localhost:51854/session/3b7ea9b8ae3b9f898b5332732fa74180/element {'using': 'css selector', 'value': '[id="videoSearchText"]'}
2026-01-08 20:39:14 [   DEBUG] [connectionpool.py:544] http://localhost:51854 "POST /session/3b7ea9b8ae3b9f898b5332732fa74180/element HTTP/1.1" 404 0
2026-01-08 20:39:14 [   DEBUG] [remote_connection.py:438] Remote response: status=404 | data={"value":{"error":"no such element","message":"no such element: Unable to locate element: {\"method\":\"css selector\",\"selector\":\"[id=\"videoSearchText\"]\"}\n  (Session info: chrome=143.0.7499.170)","stacktrace":"Symbols not available. Dumping unresolved backtrace:\n\t0x7ff6013088d5\n\t0x7ff601308930\n\t0x7ff6010e165d\n\t0x7ff601139a33\n\t0x7ff601139d3c\n\t0x7ff60118df67\n\t0x7ff60118ac97\n\t0x7ff60112ac29\n\t0x7ff60112ba93\n\t0x7ff601620620\n\t0x7ff60161af60\n\t0x7ff6016396c6\n\t0x7ff601325dd4\n\t0x7ff60132ed7c\n\t0x7ff601311ff4\n\t0x7ff6013121a5\n\t0x7ff6012f7ed2\n\t0x7ffd7983e8d7\n\t0x7ffd7b84c53c\n"}} | headers=HTTPHeaderDict({'Content-Length': '617', 'Content-Type': 'application/json; charset=utf-8', 'cache-control': 'no-cache'})
2026-01-08 20:39:14 [   DEBUG] [remote_connection.py:467] Finished Request
2026-01-08 20:39:14 [   DEBUG] [remote_connection.py:405] POST http://localhost:51854/session/3b7ea9b8ae3b9f898b5332732fa74180/element {'using': 'css selector', 'value': '[id="videoSearchText"]'}
2026-01-08 20:39:24 [   DEBUG] [connectionpool.py:544] http://localhost:51854 "POST /session/3b7ea9b8ae3b9f898b5332732fa74180/element HTTP/1.1" 200 0
2026-01-08 20:39:24 [   DEBUG] [remote_connection.py:438] Remote response: status=200 | data={"value":{"element-6066-11e4-a52e-4f735466cecf":"f.791E0EA8D4C19E44145BFD7D4024DC0E.d.EFE0D926EAA590FEC8C59A08E1B8C9FF.e.483"}} | headers=HTTPHeaderDict({'Content-Length': '127', 'Content-Type': 'application/json; charset=utf-8', 'cache-control': 'no-cache'})
2026-01-08 20:39:24 [   DEBUG] [remote_connection.py:467] Finished Request
2026-01-08 20:39:24 [   DEBUG] [remote_connection.py:405] POST http://localhost:51854/session/3b7ea9b8ae3b9f898b5332732fa74180/execute/sync {'script': '/* isDisplayed */return (function(){return (function(){var g=this||self;\nfunction aa(a){var b=typeof...', 'args': [{'element-6066-11e4-a52e-4f735466cecf': 'f.791E0EA8D4C19E44145BFD7D4024DC0E.d.EFE0D926EAA590FEC8C59A08E1B8C9FF.e.483'}]}
2026-01-08 20:39:24 [   DEBUG] [connectionpool.py:544] http://localhost:51854 "POST /session/3b7ea9b8ae3b9f898b5332732fa74180/execute/sync HTTP/1.1" 200 0
2026-01-08 20:39:24 [   DEBUG] [remote_connection.py:438] Remote response: status=200 | data={"value":true} | headers=HTTPHeaderDict({'Content-Length': '14', 'Content-Type': 'application/json; charset=utf-8', 'cache-control': 'no-cache'})
2026-01-08 20:39:24 [   DEBUG] [remote_connection.py:467] Finished Request
2026-01-08 20:39:24 [   DEBUG] [remote_connection.py:405] POST http://localhost:51854/session/3b7ea9b8ae3b9f898b5332732fa74180/execute/sync {'script': '/* isDisplayed */return (function(){return (function(){var g=this||self;\nfunction aa(a){var b=typeof...', 'args': [{'element-6066-11e4-a52e-4f735466cecf': 'f.791E0EA8D4C19E44145BFD7D4024DC0E.d.EFE0D926EAA590FEC8C59A08E1B8C9FF.e.483'}]}
2026-01-08 20:39:24 [   DEBUG] [connectionpool.py:544] http://localhost:51854 "POST /session/3b7ea9b8ae3b9f898b5332732fa74180/execute/sync HTTP/1.1" 200 0
2026-01-08 20:39:24 [   DEBUG] [remote_connection.py:438] Remote response: status=200 | data={"value":true} | headers=HTTPHeaderDict({'Content-Length': '14', 'Content-Type': 'application/json; charset=utf-8', 'cache-control': 'no-cache'})
2026-01-08 20:39:24 [   DEBUG] [remote_connection.py:467] Finished Request
2026-01-08 20:39:24 [   DEBUG] [connectionpool.py:1049] Starting new HTTPS connection (1): login.lytx.com:443
2026-01-08 20:39:26 [   DEBUG] [connectionpool.py:544] https://login.lytx.com:443 "POST /api/auth/user HTTP/1.1" 200 None
2026-01-08 20:39:28 [   DEBUG] [remote_connection.py:405] POST http://localhost:51854/session/3b7ea9b8ae3b9f898b5332732fa74180/element {'using': 'xpath', 'value': '//span[contains(text(),"Vehicle")]/parent::div/preceding-sibling::div/div'}
2026-01-08 20:39:28 [   DEBUG] [connectionpool.py:544] http://localhost:51854 "POST /session/3b7ea9b8ae3b9f898b5332732fa74180/element HTTP/1.1" 200 0
2026-01-08 20:39:28 [   DEBUG] [remote_connection.py:438] Remote response: status=200 | data={"value":{"element-6066-11e4-a52e-4f735466cecf":"f.791E0EA8D4C19E44145BFD7D4024DC0E.d.EFE0D926EAA590FEC8C59A08E1B8C9FF.e.717"}} | headers=HTTPHeaderDict({'Content-Length': '127', 'Content-Type': 'application/json; charset=utf-8', 'cache-control': 'no-cache'})
2026-01-08 20:39:28 [   DEBUG] [remote_connection.py:467] Finished Request
2026-01-08 20:39:28 [   DEBUG] [remote_connection.py:405] GET http://localhost:51854/session/3b7ea9b8ae3b9f898b5332732fa74180/element/f.791E0EA8D4C19E44145BFD7D4024DC0E.d.EFE0D926EAA590FEC8C59A08E1B8C9FF.e.717/text {}
2026-01-08 20:39:28 [   DEBUG] [connectionpool.py:544] http://localhost:51854 "GET /session/3b7ea9b8ae3b9f898b5332732fa74180/element/f.791E0EA8D4C19E44145BFD7D4024DC0E.d.EFE0D926EAA590FEC8C59A08E1B8C9FF.e.717/text HTTP/1.1" 200 0
2026-01-08 20:39:28 [   DEBUG] [remote_connection.py:438] Remote response: status=200 | data={"value":"696"} | headers=HTTPHeaderDict({'Content-Length': '15', 'Content-Type': 'application/json; charset=utf-8', 'cache-control': 'no-cache'})
2026-01-08 20:39:28 [   DEBUG] [remote_connection.py:467] Finished Request
2026-01-08 20:39:29 [   DEBUG] [remote_connection.py:405] POST http://localhost:51854/session/3b7ea9b8ae3b9f898b5332732fa74180/element {'using': 'xpath', 'value': '//span[contains(text(),"Vehicle")]/parent::div/preceding-sibling::div/div'}
2026-01-08 20:39:29 [   DEBUG] [connectionpool.py:544] http://localhost:51854 "POST /session/3b7ea9b8ae3b9f898b5332732fa74180/element HTTP/1.1" 200 0
2026-01-08 20:39:29 [   DEBUG] [remote_connection.py:438] Remote response: status=200 | data={"value":{"element-6066-11e4-a52e-4f735466cecf":"f.791E0EA8D4C19E44145BFD7D4024DC0E.d.EFE0D926EAA590FEC8C59A08E1B8C9FF.e.717"}} | headers=HTTPHeaderDict({'Content-Length': '127', 'Content-Type': 'application/json; charset=utf-8', 'cache-control': 'no-cache'})
2026-01-08 20:39:29 [   DEBUG] [remote_connection.py:467] Finished Request
2026-01-08 20:39:29 [   DEBUG] [remote_connection.py:405] GET http://localhost:51854/session/3b7ea9b8ae3b9f898b5332732fa74180/element/f.791E0EA8D4C19E44145BFD7D4024DC0E.d.EFE0D926EAA590FEC8C59A08E1B8C9FF.e.717/text {}
2026-01-08 20:39:29 [   DEBUG] [connectionpool.py:544] http://localhost:51854 "GET /session/3b7ea9b8ae3b9f898b5332732fa74180/element/f.791E0EA8D4C19E44145BFD7D4024DC0E.d.EFE0D926EAA590FEC8C59A08E1B8C9FF.e.717/text HTTP/1.1" 200 0
2026-01-08 20:39:29 [   DEBUG] [remote_connection.py:438] Remote response: status=200 | data={"value":"696"} | headers=HTTPHeaderDict({'Content-Length': '15', 'Content-Type': 'application/json; charset=utf-8', 'cache-control': 'no-cache'})
2026-01-08 20:39:29 [   DEBUG] [remote_connection.py:467] Finished Request
2026-01-08 20:39:29 [   DEBUG] [remote_connection.py:405] POST http://localhost:51854/session/3b7ea9b8ae3b9f898b5332732fa74180/element {'using': 'xpath', 'value': '/html/body/app-root/shell/div/div/div/ng-component/div/div/vehicles-list-filter/filter-bar/div/div[2...'}
2026-01-08 20:39:29 [   DEBUG] [connectionpool.py:544] http://localhost:51854 "POST /session/3b7ea9b8ae3b9f898b5332732fa74180/element HTTP/1.1" 200 0
2026-01-08 20:39:29 [   DEBUG] [remote_connection.py:438] Remote response: status=200 | data={"value":{"element-6066-11e4-a52e-4f735466cecf":"f.791E0EA8D4C19E44145BFD7D4024DC0E.d.EFE0D926EAA590FEC8C59A08E1B8C9FF.e.579"}} | headers=HTTPHeaderDict({'Content-Length': '127', 'Content-Type': 'application/json; charset=utf-8', 'cache-control': 'no-cache'})
2026-01-08 20:39:29 [   DEBUG] [remote_connection.py:467] Finished Request
2026-01-08 20:39:29 [   DEBUG] [remote_connection.py:405] POST http://localhost:51854/session/3b7ea9b8ae3b9f898b5332732fa74180/element/f.791E0EA8D4C19E44145BFD7D4024DC0E.d.EFE0D926EAA590FEC8C59A08E1B8C9FF.e.579/click {}
2026-01-08 20:39:29 [   DEBUG] [connectionpool.py:544] http://localhost:51854 "POST /session/3b7ea9b8ae3b9f898b5332732fa74180/element/f.791E0EA8D4C19E44145BFD7D4024DC0E.d.EFE0D926EAA590FEC8C59A08E1B8C9FF.e.579/click HTTP/1.1" 200 0
2026-01-08 20:39:29 [   DEBUG] [remote_connection.py:438] Remote response: status=200 | data={"value":null} | headers=HTTPHeaderDict({'Content-Length': '14', 'Content-Type': 'application/json; charset=utf-8', 'cache-control': 'no-cache'})
2026-01-08 20:39:29 [   DEBUG] [remote_connection.py:467] Finished Request
2026-01-08 20:39:29 [   DEBUG] [remote_connection.py:405] POST http://localhost:51854/session/3b7ea9b8ae3b9f898b5332732fa74180/element {'using': 'xpath', 'value': '/html/body/ngb-modal-window/div/div/group-selector-modal/group-selector/div/div[1]/div[2]/div/lytx-t...'}
2026-01-08 20:39:29 [   DEBUG] [connectionpool.py:544] http://localhost:51854 "POST /session/3b7ea9b8ae3b9f898b5332732fa74180/element HTTP/1.1" 200 0
2026-01-08 20:39:29 [   DEBUG] [remote_connection.py:438] Remote response: status=200 | data={"value":{"element-6066-11e4-a52e-4f735466cecf":"f.791E0EA8D4C19E44145BFD7D4024DC0E.d.EFE0D926EAA590FEC8C59A08E1B8C9FF.e.1431"}} | headers=HTTPHeaderDict({'Content-Length': '128', 'Content-Type': 'application/json; charset=utf-8', 'cache-control': 'no-cache'})
2026-01-08 20:39:29 [   DEBUG] [remote_connection.py:467] Finished Request
2026-01-08 20:39:29 [   DEBUG] [remote_connection.py:405] POST http://localhost:51854/session/3b7ea9b8ae3b9f898b5332732fa74180/element/f.791E0EA8D4C19E44145BFD7D4024DC0E.d.EFE0D926EAA590FEC8C59A08E1B8C9FF.e.1431/value {'text': 'Lab Test', 'value': ['L', 'a', 'b', ' ', 'T', 'e', 's', 't']}
2026-01-08 20:39:29 [   DEBUG] [connectionpool.py:544] http://localhost:51854 "POST /session/3b7ea9b8ae3b9f898b5332732fa74180/element/f.791E0EA8D4C19E44145BFD7D4024DC0E.d.EFE0D926EAA590FEC8C59A08E1B8C9FF.e.1431/value HTTP/1.1" 200 0
2026-01-08 20:39:29 [   DEBUG] [remote_connection.py:438] Remote response: status=200 | data={"value":null} | headers=HTTPHeaderDict({'Content-Length': '14', 'Content-Type': 'application/json; charset=utf-8', 'cache-control': 'no-cache'})
2026-01-08 20:39:29 [   DEBUG] [remote_connection.py:467] Finished Request
2026-01-08 20:39:31 [   DEBUG] [remote_connection.py:405] POST http://localhost:51854/session/3b7ea9b8ae3b9f898b5332732fa74180/element {'using': 'xpath', 'value': '/html/body/ngb-modal-window/div/div/group-selector-modal/group-selector/div/div[1]/div[2]/div/lytx-t...'}
2026-01-08 20:39:31 [   DEBUG] [connectionpool.py:544] http://localhost:51854 "POST /session/3b7ea9b8ae3b9f898b5332732fa74180/element HTTP/1.1" 200 0
2026-01-08 20:39:31 [   DEBUG] [remote_connection.py:438] Remote response: status=200 | data={"value":{"element-6066-11e4-a52e-4f735466cecf":"f.791E0EA8D4C19E44145BFD7D4024DC0E.d.EFE0D926EAA590FEC8C59A08E1B8C9FF.e.3640"}} | headers=HTTPHeaderDict({'Content-Length': '128', 'Content-Type': 'application/json; charset=utf-8', 'cache-control': 'no-cache'})
2026-01-08 20:39:31 [   DEBUG] [remote_connection.py:467] Finished Request
2026-01-08 20:39:31 [   DEBUG] [remote_connection.py:405] POST http://localhost:51854/session/3b7ea9b8ae3b9f898b5332732fa74180/element/f.791E0EA8D4C19E44145BFD7D4024DC0E.d.EFE0D926EAA590FEC8C59A08E1B8C9FF.e.3640/click {}
2026-01-08 20:39:31 [   DEBUG] [connectionpool.py:544] http://localhost:51854 "POST /session/3b7ea9b8ae3b9f898b5332732fa74180/element/f.791E0EA8D4C19E44145BFD7D4024DC0E.d.EFE0D926EAA590FEC8C59A08E1B8C9FF.e.3640/click HTTP/1.1" 200 0
2026-01-08 20:39:31 [   DEBUG] [remote_connection.py:438] Remote response: status=200 | data={"value":null} | headers=HTTPHeaderDict({'Content-Length': '14', 'Content-Type': 'application/json; charset=utf-8', 'cache-control': 'no-cache'})
2026-01-08 20:39:31 [   DEBUG] [remote_connection.py:467] Finished Request
2026-01-08 20:39:31 [   DEBUG] [remote_connection.py:405] POST http://localhost:51854/session/3b7ea9b8ae3b9f898b5332732fa74180/element {'using': 'xpath', 'value': '/html/body/ngb-modal-window/div/div/group-selector-modal/group-selector/div/div[3]/button[2]'}
2026-01-08 20:39:31 [   DEBUG] [connectionpool.py:544] http://localhost:51854 "POST /session/3b7ea9b8ae3b9f898b5332732fa74180/element HTTP/1.1" 200 0
2026-01-08 20:39:31 [   DEBUG] [remote_connection.py:438] Remote response: status=200 | data={"value":{"element-6066-11e4-a52e-4f735466cecf":"f.791E0EA8D4C19E44145BFD7D4024DC0E.d.EFE0D926EAA590FEC8C59A08E1B8C9FF.e.1430"}} | headers=HTTPHeaderDict({'Content-Length': '128', 'Content-Type': 'application/json; charset=utf-8', 'cache-control': 'no-cache'})
2026-01-08 20:39:31 [   DEBUG] [remote_connection.py:467] Finished Request
2026-01-08 20:39:31 [   DEBUG] [remote_connection.py:405] POST http://localhost:51854/session/3b7ea9b8ae3b9f898b5332732fa74180/element/f.791E0EA8D4C19E44145BFD7D4024DC0E.d.EFE0D926EAA590FEC8C59A08E1B8C9FF.e.1430/click {}
2026-01-08 20:39:32 [   DEBUG] [connectionpool.py:544] http://localhost:51854 "POST /session/3b7ea9b8ae3b9f898b5332732fa74180/element/f.791E0EA8D4C19E44145BFD7D4024DC0E.d.EFE0D926EAA590FEC8C59A08E1B8C9FF.e.1430/click HTTP/1.1" 200 0
2026-01-08 20:39:32 [   DEBUG] [remote_connection.py:438] Remote response: status=200 | data={"value":null} | headers=HTTPHeaderDict({'Content-Length': '14', 'Content-Type': 'application/json; charset=utf-8', 'cache-control': 'no-cache'})
2026-01-08 20:39:32 [   DEBUG] [remote_connection.py:467] Finished Request
2026-01-08 20:39:36 [   DEBUG] [remote_connection.py:405] POST http://localhost:51854/session/3b7ea9b8ae3b9f898b5332732fa74180/element {'using': 'xpath', 'value': '//span[contains(text(),"Vehicle")]/parent::div/preceding-sibling::div/div'}
2026-01-08 20:39:36 [   DEBUG] [connectionpool.py:544] http://localhost:51854 "POST /session/3b7ea9b8ae3b9f898b5332732fa74180/element HTTP/1.1" 200 0
2026-01-08 20:39:36 [   DEBUG] [remote_connection.py:438] Remote response: status=200 | data={"value":{"element-6066-11e4-a52e-4f735466cecf":"f.791E0EA8D4C19E44145BFD7D4024DC0E.d.EFE0D926EAA590FEC8C59A08E1B8C9FF.e.5972"}} | headers=HTTPHeaderDict({'Content-Length': '128', 'Content-Type': 'application/json; charset=utf-8', 'cache-control': 'no-cache'})
2026-01-08 20:39:36 [   DEBUG] [remote_connection.py:467] Finished Request
2026-01-08 20:39:36 [   DEBUG] [remote_connection.py:405] GET http://localhost:51854/session/3b7ea9b8ae3b9f898b5332732fa74180/element/f.791E0EA8D4C19E44145BFD7D4024DC0E.d.EFE0D926EAA590FEC8C59A08E1B8C9FF.e.5972/text {}
2026-01-08 20:39:36 [   DEBUG] [connectionpool.py:544] http://localhost:51854 "GET /session/3b7ea9b8ae3b9f898b5332732fa74180/element/f.791E0EA8D4C19E44145BFD7D4024DC0E.d.EFE0D926EAA590FEC8C59A08E1B8C9FF.e.5972/text HTTP/1.1" 200 0
2026-01-08 20:39:36 [   DEBUG] [remote_connection.py:438] Remote response: status=200 | data={"value":"132"} | headers=HTTPHeaderDict({'Content-Length': '15', 'Content-Type': 'application/json; charset=utf-8', 'cache-control': 'no-cache'})
2026-01-08 20:39:36 [   DEBUG] [remote_connection.py:467] Finished Request
2026-01-08 20:39:37 [   DEBUG] [remote_connection.py:405] POST http://localhost:51854/session/3b7ea9b8ae3b9f898b5332732fa74180/element {'using': 'xpath', 'value': '//span[contains(text(),"Vehicle")]/parent::div/preceding-sibling::div/div'}
2026-01-08 20:39:37 [   DEBUG] [connectionpool.py:544] http://localhost:51854 "POST /session/3b7ea9b8ae3b9f898b5332732fa74180/element HTTP/1.1" 200 0
2026-01-08 20:39:37 [   DEBUG] [remote_connection.py:438] Remote response: status=200 | data={"value":{"element-6066-11e4-a52e-4f735466cecf":"f.791E0EA8D4C19E44145BFD7D4024DC0E.d.EFE0D926EAA590FEC8C59A08E1B8C9FF.e.5972"}} | headers=HTTPHeaderDict({'Content-Length': '128', 'Content-Type': 'application/json; charset=utf-8', 'cache-control': 'no-cache'})
2026-01-08 20:39:37 [   DEBUG] [remote_connection.py:467] Finished Request
2026-01-08 20:39:37 [   DEBUG] [remote_connection.py:405] GET http://localhost:51854/session/3b7ea9b8ae3b9f898b5332732fa74180/element/f.791E0EA8D4C19E44145BFD7D4024DC0E.d.EFE0D926EAA590FEC8C59A08E1B8C9FF.e.5972/text {}
2026-01-08 20:39:37 [   DEBUG] [connectionpool.py:544] http://localhost:51854 "GET /session/3b7ea9b8ae3b9f898b5332732fa74180/element/f.791E0EA8D4C19E44145BFD7D4024DC0E.d.EFE0D926EAA590FEC8C59A08E1B8C9FF.e.5972/text HTTP/1.1" 200 0
2026-01-08 20:39:37 [   DEBUG] [remote_connection.py:438] Remote response: status=200 | data={"value":"132"} | headers=HTTPHeaderDict({'Content-Length': '15', 'Content-Type': 'application/json; charset=utf-8', 'cache-control': 'no-cache'})
2026-01-08 20:39:37 [   DEBUG] [remote_connection.py:467] Finished Request
2026-01-08 20:39:37 [   DEBUG] [connectionpool.py:1049] Starting new HTTPS connection (1): api.aws.drivecam.net:443
2026-01-08 20:39:39 [   DEBUG] [connectionpool.py:544] https://api.aws.drivecam.net:443 "POST /api/videosearch-api/devices HTTP/1.1" 200 None
2026-01-08 20:39:39 [   DEBUG] [remote_connection.py:405] POST http://localhost:51854/session/3b7ea9b8ae3b9f898b5332732fa74180/element {'using': 'xpath', 'value': '/html/body/app-root/shell/div/div/div/ng-component/div/div/vehicles-list-filter/filter-bar/div/div[2...'}
2026-01-08 20:39:39 [   DEBUG] [connectionpool.py:544] http://localhost:51854 "POST /session/3b7ea9b8ae3b9f898b5332732fa74180/element HTTP/1.1" 200 0
2026-01-08 20:39:39 [   DEBUG] [remote_connection.py:438] Remote response: status=200 | data={"value":{"element-6066-11e4-a52e-4f735466cecf":"f.791E0EA8D4C19E44145BFD7D4024DC0E.d.EFE0D926EAA590FEC8C59A08E1B8C9FF.e.5892"}} | headers=HTTPHeaderDict({'Content-Length': '128', 'Content-Type': 'application/json; charset=utf-8', 'cache-control': 'no-cache'})
2026-01-08 20:39:39 [   DEBUG] [remote_connection.py:467] Finished Request
2026-01-08 20:39:39 [   DEBUG] [remote_connection.py:405] POST http://localhost:51854/session/3b7ea9b8ae3b9f898b5332732fa74180/element/f.791E0EA8D4C19E44145BFD7D4024DC0E.d.EFE0D926EAA590FEC8C59A08E1B8C9FF.e.5892/click {}
2026-01-08 20:39:39 [   DEBUG] [connectionpool.py:544] http://localhost:51854 "POST /session/3b7ea9b8ae3b9f898b5332732fa74180/element/f.791E0EA8D4C19E44145BFD7D4024DC0E.d.EFE0D926EAA590FEC8C59A08E1B8C9FF.e.5892/click HTTP/1.1" 200 0
2026-01-08 20:39:39 [   DEBUG] [remote_connection.py:438] Remote response: status=200 | data={"value":null} | headers=HTTPHeaderDict({'Content-Length': '14', 'Content-Type': 'application/json; charset=utf-8', 'cache-control': 'no-cache'})
2026-01-08 20:39:39 [   DEBUG] [remote_connection.py:467] Finished Request
2026-01-08 20:39:43 [   DEBUG] [remote_connection.py:405] POST http://localhost:51854/session/3b7ea9b8ae3b9f898b5332732fa74180/element {'using': 'xpath', 'value': '//span[contains(text(),"Vehicle")]/parent::div/preceding-sibling::div/div'}
2026-01-08 20:39:43 [   DEBUG] [connectionpool.py:544] http://localhost:51854 "POST /session/3b7ea9b8ae3b9f898b5332732fa74180/element HTTP/1.1" 200 0
2026-01-08 20:39:43 [   DEBUG] [remote_connection.py:438] Remote response: status=200 | data={"value":{"element-6066-11e4-a52e-4f735466cecf":"f.791E0EA8D4C19E44145BFD7D4024DC0E.d.EFE0D926EAA590FEC8C59A08E1B8C9FF.e.7263"}} | headers=HTTPHeaderDict({'Content-Length': '128', 'Content-Type': 'application/json; charset=utf-8', 'cache-control': 'no-cache'})
2026-01-08 20:39:43 [   DEBUG] [remote_connection.py:467] Finished Request
2026-01-08 20:39:43 [   DEBUG] [remote_connection.py:405] GET http://localhost:51854/session/3b7ea9b8ae3b9f898b5332732fa74180/element/f.791E0EA8D4C19E44145BFD7D4024DC0E.d.EFE0D926EAA590FEC8C59A08E1B8C9FF.e.7263/text {}
2026-01-08 20:39:43 [   DEBUG] [connectionpool.py:544] http://localhost:51854 "GET /session/3b7ea9b8ae3b9f898b5332732fa74180/element/f.791E0EA8D4C19E44145BFD7D4024DC0E.d.EFE0D926EAA590FEC8C59A08E1B8C9FF.e.7263/text HTTP/1.1" 200 0
2026-01-08 20:39:43 [   DEBUG] [remote_connection.py:438] Remote response: status=200 | data={"value":"696"} | headers=HTTPHeaderDict({'Content-Length': '15', 'Content-Type': 'application/json; charset=utf-8', 'cache-control': 'no-cache'})
2026-01-08 20:39:43 [   DEBUG] [remote_connection.py:467] Finished Request
2026-01-08 20:39:44 [   DEBUG] [remote_connection.py:405] POST http://localhost:51854/session/3b7ea9b8ae3b9f898b5332732fa74180/element {'using': 'xpath', 'value': '//span[contains(text(),"Vehicle")]/parent::div/preceding-sibling::div/div'}
2026-01-08 20:39:44 [   DEBUG] [connectionpool.py:544] http://localhost:51854 "POST /session/3b7ea9b8ae3b9f898b5332732fa74180/element HTTP/1.1" 200 0
2026-01-08 20:39:44 [   DEBUG] [remote_connection.py:438] Remote response: status=200 | data={"value":{"element-6066-11e4-a52e-4f735466cecf":"f.791E0EA8D4C19E44145BFD7D4024DC0E.d.EFE0D926EAA590FEC8C59A08E1B8C9FF.e.7263"}} | headers=HTTPHeaderDict({'Content-Length': '128', 'Content-Type': 'application/json; charset=utf-8', 'cache-control': 'no-cache'})
2026-01-08 20:39:44 [   DEBUG] [remote_connection.py:467] Finished Request
2026-01-08 20:39:44 [   DEBUG] [remote_connection.py:405] GET http://localhost:51854/session/3b7ea9b8ae3b9f898b5332732fa74180/element/f.791E0EA8D4C19E44145BFD7D4024DC0E.d.EFE0D926EAA590FEC8C59A08E1B8C9FF.e.7263/text {}
2026-01-08 20:39:44 [   DEBUG] [connectionpool.py:544] http://localhost:51854 "GET /session/3b7ea9b8ae3b9f898b5332732fa74180/element/f.791E0EA8D4C19E44145BFD7D4024DC0E.d.EFE0D926EAA590FEC8C59A08E1B8C9FF.e.7263/text HTTP/1.1" 200 0
2026-01-08 20:39:44 [   DEBUG] [remote_connection.py:438] Remote response: status=200 | data={"value":"696"} | headers=HTTPHeaderDict({'Content-Length': '15', 'Content-Type': 'application/json; charset=utf-8', 'cache-control': 'no-cache'})
2026-01-08 20:39:44 [   DEBUG] [remote_connection.py:467] Finished Request
2026-01-08 20:39:44 [   DEBUG] [remote_connection.py:405] POST http://localhost:51854/session/3b7ea9b8ae3b9f898b5332732fa74180/elements {'using': 'xpath', 'value': "//div[contains(@class, 'filter-container')]//div[contains(@class, 'filter-item')]"}
2026-01-08 20:39:54 [   DEBUG] [connectionpool.py:544] http://localhost:51854 "POST /session/3b7ea9b8ae3b9f898b5332732fa74180/elements HTTP/1.1" 200 0
2026-01-08 20:39:54 [   DEBUG] [remote_connection.py:438] Remote response: status=200 | data={"value":[]} | headers=HTTPHeaderDict({'Content-Length': '12', 'Content-Type': 'application/json; charset=utf-8', 'cache-control': 'no-cache'})
2026-01-08 20:39:54 [   DEBUG] [remote_connection.py:467] Finished Request
2026-01-08 20:39:54 [   DEBUG] [connectionpool.py:1049] Starting new HTTPS connection (1): login.lytx.com:443
2026-01-08 20:39:56 [   DEBUG] [connectionpool.py:544] https://login.lytx.com:443 "POST /api/auth/user HTTP/1.1" 200 None
2026-01-08 20:39:58 [   DEBUG] [remote_connection.py:405] POST http://localhost:51854/session/3b7ea9b8ae3b9f898b5332732fa74180/element {'using': 'xpath', 'value': '//span[contains(text(),"Vehicle")]/parent::div/preceding-sibling::div/div'}
2026-01-08 20:39:58 [   DEBUG] [connectionpool.py:544] http://localhost:51854 "POST /session/3b7ea9b8ae3b9f898b5332732fa74180/element HTTP/1.1" 200 0
2026-01-08 20:39:58 [   DEBUG] [remote_connection.py:438] Remote response: status=200 | data={"value":{"element-6066-11e4-a52e-4f735466cecf":"f.791E0EA8D4C19E44145BFD7D4024DC0E.d.EFE0D926EAA590FEC8C59A08E1B8C9FF.e.7263"}} | headers=HTTPHeaderDict({'Content-Length': '128', 'Content-Type': 'application/json; charset=utf-8', 'cache-control': 'no-cache'})
2026-01-08 20:39:58 [   DEBUG] [remote_connection.py:467] Finished Request
2026-01-08 20:39:58 [   DEBUG] [remote_connection.py:405] GET http://localhost:51854/session/3b7ea9b8ae3b9f898b5332732fa74180/element/f.791E0EA8D4C19E44145BFD7D4024DC0E.d.EFE0D926EAA590FEC8C59A08E1B8C9FF.e.7263/text {}
2026-01-08 20:39:58 [   DEBUG] [connectionpool.py:544] http://localhost:51854 "GET /session/3b7ea9b8ae3b9f898b5332732fa74180/element/f.791E0EA8D4C19E44145BFD7D4024DC0E.d.EFE0D926EAA590FEC8C59A08E1B8C9FF.e.7263/text HTTP/1.1" 200 0
2026-01-08 20:39:58 [   DEBUG] [remote_connection.py:438] Remote response: status=200 | data={"value":"696"} | headers=HTTPHeaderDict({'Content-Length': '15', 'Content-Type': 'application/json; charset=utf-8', 'cache-control': 'no-cache'})
2026-01-08 20:39:58 [   DEBUG] [remote_connection.py:467] Finished Request
2026-01-08 20:39:59 [   DEBUG] [remote_connection.py:405] POST http://localhost:51854/session/3b7ea9b8ae3b9f898b5332732fa74180/element {'using': 'xpath', 'value': '//span[contains(text(),"Vehicle")]/parent::div/preceding-sibling::div/div'}
2026-01-08 20:39:59 [   DEBUG] [connectionpool.py:544] http://localhost:51854 "POST /session/3b7ea9b8ae3b9f898b5332732fa74180/element HTTP/1.1" 200 0
2026-01-08 20:39:59 [   DEBUG] [remote_connection.py:438] Remote response: status=200 | data={"value":{"element-6066-11e4-a52e-4f735466cecf":"f.791E0EA8D4C19E44145BFD7D4024DC0E.d.EFE0D926EAA590FEC8C59A08E1B8C9FF.e.7263"}} | headers=HTTPHeaderDict({'Content-Length': '128', 'Content-Type': 'application/json; charset=utf-8', 'cache-control': 'no-cache'})
2026-01-08 20:39:59 [   DEBUG] [remote_connection.py:467] Finished Request
2026-01-08 20:39:59 [   DEBUG] [remote_connection.py:405] GET http://localhost:51854/session/3b7ea9b8ae3b9f898b5332732fa74180/element/f.791E0EA8D4C19E44145BFD7D4024DC0E.d.EFE0D926EAA590FEC8C59A08E1B8C9FF.e.7263/text {}
2026-01-08 20:39:59 [   DEBUG] [connectionpool.py:544] http://localhost:51854 "GET /session/3b7ea9b8ae3b9f898b5332732fa74180/element/f.791E0EA8D4C19E44145BFD7D4024DC0E.d.EFE0D926EAA590FEC8C59A08E1B8C9FF.e.7263/text HTTP/1.1" 200 0
2026-01-08 20:39:59 [   DEBUG] [remote_connection.py:438] Remote response: status=200 | data={"value":"696"} | headers=HTTPHeaderDict({'Content-Length': '15', 'Content-Type': 'application/json; charset=utf-8', 'cache-control': 'no-cache'})
2026-01-08 20:39:59 [   DEBUG] [remote_connection.py:467] Finished Request
2026-01-08 20:39:59 [   DEBUG] [remote_connection.py:405] POST http://localhost:51854/session/3b7ea9b8ae3b9f898b5332732fa74180/element {'using': 'xpath', 'value': '/html/body/app-root/shell/div/div/div/ng-component/div/div/vehicles-list-filter/filter-bar/div/div[2...'}
2026-01-08 20:39:59 [   DEBUG] [connectionpool.py:544] http://localhost:51854 "POST /session/3b7ea9b8ae3b9f898b5332732fa74180/element HTTP/1.1" 200 0
2026-01-08 20:39:59 [   DEBUG] [remote_connection.py:438] Remote response: status=200 | data={"value":{"element-6066-11e4-a52e-4f735466cecf":"f.791E0EA8D4C19E44145BFD7D4024DC0E.d.EFE0D926EAA590FEC8C59A08E1B8C9FF.e.584"}} | headers=HTTPHeaderDict({'Content-Length': '127', 'Content-Type': 'application/json; charset=utf-8', 'cache-control': 'no-cache'})
2026-01-08 20:39:59 [   DEBUG] [remote_connection.py:467] Finished Request
2026-01-08 20:39:59 [   DEBUG] [remote_connection.py:405] POST http://localhost:51854/session/3b7ea9b8ae3b9f898b5332732fa74180/element/f.791E0EA8D4C19E44145BFD7D4024DC0E.d.EFE0D926EAA590FEC8C59A08E1B8C9FF.e.584/click {}
2026-01-08 20:39:59 [   DEBUG] [connectionpool.py:544] http://localhost:51854 "POST /session/3b7ea9b8ae3b9f898b5332732fa74180/element/f.791E0EA8D4C19E44145BFD7D4024DC0E.d.EFE0D926EAA590FEC8C59A08E1B8C9FF.e.584/click HTTP/1.1" 200 0
2026-01-08 20:39:59 [   DEBUG] [remote_connection.py:438] Remote response: status=200 | data={"value":null} | headers=HTTPHeaderDict({'Content-Length': '14', 'Content-Type': 'application/json; charset=utf-8', 'cache-control': 'no-cache'})
2026-01-08 20:39:59 [   DEBUG] [remote_connection.py:467] Finished Request
2026-01-08 20:39:59 [   DEBUG] [remote_connection.py:405] POST http://localhost:51854/session/3b7ea9b8ae3b9f898b5332732fa74180/element {'using': 'xpath', 'value': '/html/body/app-root/shell/div/div/div/ng-component/div/div/vehicles-list-filter/filter-bar/div/div[2...'}
2026-01-08 20:39:59 [   DEBUG] [connectionpool.py:544] http://localhost:51854 "POST /session/3b7ea9b8ae3b9f898b5332732fa74180/element HTTP/1.1" 200 0
2026-01-08 20:39:59 [   DEBUG] [remote_connection.py:438] Remote response: status=200 | data={"value":{"element-6066-11e4-a52e-4f735466cecf":"f.791E0EA8D4C19E44145BFD7D4024DC0E.d.EFE0D926EAA590FEC8C59A08E1B8C9FF.e.655"}} | headers=HTTPHeaderDict({'Content-Length': '127', 'Content-Type': 'application/json; charset=utf-8', 'cache-control': 'no-cache'})
2026-01-08 20:39:59 [   DEBUG] [remote_connection.py:467] Finished Request
2026-01-08 20:39:59 [   DEBUG] [remote_connection.py:405] POST http://localhost:51854/session/3b7ea9b8ae3b9f898b5332732fa74180/element/f.791E0EA8D4C19E44145BFD7D4024DC0E.d.EFE0D926EAA590FEC8C59A08E1B8C9FF.e.655/click {}
2026-01-08 20:40:00 [   DEBUG] [connectionpool.py:544] http://localhost:51854 "POST /session/3b7ea9b8ae3b9f898b5332732fa74180/element/f.791E0EA8D4C19E44145BFD7D4024DC0E.d.EFE0D926EAA590FEC8C59A08E1B8C9FF.e.655/click HTTP/1.1" 200 0
2026-01-08 20:40:00 [   DEBUG] [remote_connection.py:438] Remote response: status=200 | data={"value":null} | headers=HTTPHeaderDict({'Content-Length': '14', 'Content-Type': 'application/json; charset=utf-8', 'cache-control': 'no-cache'})
2026-01-08 20:40:00 [   DEBUG] [remote_connection.py:467] Finished Request
2026-01-08 20:40:00 [   DEBUG] [remote_connection.py:405] POST http://localhost:51854/session/3b7ea9b8ae3b9f898b5332732fa74180/element {'using': 'xpath', 'value': '/html/body/app-root/shell/div/div/div/ng-component/div/div/vehicles-list-filter/filter-bar/div/div[2...'}
2026-01-08 20:40:00 [   DEBUG] [connectionpool.py:544] http://localhost:51854 "POST /session/3b7ea9b8ae3b9f898b5332732fa74180/element HTTP/1.1" 200 0
2026-01-08 20:40:00 [   DEBUG] [remote_connection.py:438] Remote response: status=200 | data={"value":{"element-6066-11e4-a52e-4f735466cecf":"f.791E0EA8D4C19E44145BFD7D4024DC0E.d.EFE0D926EAA590FEC8C59A08E1B8C9FF.e.8510"}} | headers=HTTPHeaderDict({'Content-Length': '128', 'Content-Type': 'application/json; charset=utf-8', 'cache-control': 'no-cache'})
2026-01-08 20:40:00 [   DEBUG] [remote_connection.py:467] Finished Request
2026-01-08 20:40:00 [   DEBUG] [remote_connection.py:405] POST http://localhost:51854/session/3b7ea9b8ae3b9f898b5332732fa74180/element/f.791E0EA8D4C19E44145BFD7D4024DC0E.d.EFE0D926EAA590FEC8C59A08E1B8C9FF.e.8510/value {'text': 'QM408', 'value': ['Q', 'M', '4', '0', '8']}
2026-01-08 20:40:00 [   DEBUG] [connectionpool.py:544] http://localhost:51854 "POST /session/3b7ea9b8ae3b9f898b5332732fa74180/element/f.791E0EA8D4C19E44145BFD7D4024DC0E.d.EFE0D926EAA590FEC8C59A08E1B8C9FF.e.8510/value HTTP/1.1" 200 0
2026-01-08 20:40:00 [   DEBUG] [remote_connection.py:438] Remote response: status=200 | data={"value":null} | headers=HTTPHeaderDict({'Content-Length': '14', 'Content-Type': 'application/json; charset=utf-8', 'cache-control': 'no-cache'})
2026-01-08 20:40:00 [   DEBUG] [remote_connection.py:467] Finished Request
2026-01-08 20:40:00 [   DEBUG] [remote_connection.py:405] POST http://localhost:51854/session/3b7ea9b8ae3b9f898b5332732fa74180/element {'using': 'xpath', 'value': '/html/body/app-root/shell/div/div/div/ng-component/div/div/vehicles-list-filter/filter-bar/div/div[2...'}
2026-01-08 20:40:00 [   DEBUG] [connectionpool.py:544] http://localhost:51854 "POST /session/3b7ea9b8ae3b9f898b5332732fa74180/element HTTP/1.1" 200 0
2026-01-08 20:40:00 [   DEBUG] [remote_connection.py:438] Remote response: status=200 | data={"value":{"element-6066-11e4-a52e-4f735466cecf":"f.791E0EA8D4C19E44145BFD7D4024DC0E.d.EFE0D926EAA590FEC8C59A08E1B8C9FF.e.8510"}} | headers=HTTPHeaderDict({'Content-Length': '128', 'Content-Type': 'application/json; charset=utf-8', 'cache-control': 'no-cache'})
2026-01-08 20:40:00 [   DEBUG] [remote_connection.py:467] Finished Request
2026-01-08 20:40:00 [   DEBUG] [remote_connection.py:405] POST http://localhost:51854/session/3b7ea9b8ae3b9f898b5332732fa74180/element/f.791E0EA8D4C19E44145BFD7D4024DC0E.d.EFE0D926EAA590FEC8C59A08E1B8C9FF.e.8510/value {'text': '\ue007', 'value': ['\ue007']}
2026-01-08 20:40:00 [   DEBUG] [connectionpool.py:544] http://localhost:51854 "POST /session/3b7ea9b8ae3b9f898b5332732fa74180/element/f.791E0EA8D4C19E44145BFD7D4024DC0E.d.EFE0D926EAA590FEC8C59A08E1B8C9FF.e.8510/value HTTP/1.1" 200 0
2026-01-08 20:40:00 [   DEBUG] [remote_connection.py:438] Remote response: status=200 | data={"value":null} | headers=HTTPHeaderDict({'Content-Length': '14', 'Content-Type': 'application/json; charset=utf-8', 'cache-control': 'no-cache'})
2026-01-08 20:40:00 [   DEBUG] [remote_connection.py:467] Finished Request
2026-01-08 20:40:04 [   DEBUG] [remote_connection.py:405] POST http://localhost:51854/session/3b7ea9b8ae3b9f898b5332732fa74180/element {'using': 'xpath', 'value': '//span[contains(text(),"Vehicle")]/parent::div/preceding-sibling::div/div'}
2026-01-08 20:40:04 [   DEBUG] [connectionpool.py:544] http://localhost:51854 "POST /session/3b7ea9b8ae3b9f898b5332732fa74180/element HTTP/1.1" 200 0
2026-01-08 20:40:04 [   DEBUG] [remote_connection.py:438] Remote response: status=200 | data={"value":{"element-6066-11e4-a52e-4f735466cecf":"f.791E0EA8D4C19E44145BFD7D4024DC0E.d.EFE0D926EAA590FEC8C59A08E1B8C9FF.e.8573"}} | headers=HTTPHeaderDict({'Content-Length': '128', 'Content-Type': 'application/json; charset=utf-8', 'cache-control': 'no-cache'})
2026-01-08 20:40:04 [   DEBUG] [remote_connection.py:467] Finished Request
2026-01-08 20:40:04 [   DEBUG] [remote_connection.py:405] GET http://localhost:51854/session/3b7ea9b8ae3b9f898b5332732fa74180/element/f.791E0EA8D4C19E44145BFD7D4024DC0E.d.EFE0D926EAA590FEC8C59A08E1B8C9FF.e.8573/text {}
2026-01-08 20:40:04 [   DEBUG] [connectionpool.py:544] http://localhost:51854 "GET /session/3b7ea9b8ae3b9f898b5332732fa74180/element/f.791E0EA8D4C19E44145BFD7D4024DC0E.d.EFE0D926EAA590FEC8C59A08E1B8C9FF.e.8573/text HTTP/1.1" 200 0
2026-01-08 20:40:04 [   DEBUG] [remote_connection.py:438] Remote response: status=200 | data={"value":"35"} | headers=HTTPHeaderDict({'Content-Length': '14', 'Content-Type': 'application/json; charset=utf-8', 'cache-control': 'no-cache'})
2026-01-08 20:40:04 [   DEBUG] [remote_connection.py:467] Finished Request
2026-01-08 20:40:05 [   DEBUG] [remote_connection.py:405] POST http://localhost:51854/session/3b7ea9b8ae3b9f898b5332732fa74180/element {'using': 'xpath', 'value': '//span[contains(text(),"Vehicle")]/parent::div/preceding-sibling::div/div'}
2026-01-08 20:40:05 [   DEBUG] [connectionpool.py:544] http://localhost:51854 "POST /session/3b7ea9b8ae3b9f898b5332732fa74180/element HTTP/1.1" 200 0
2026-01-08 20:40:05 [   DEBUG] [remote_connection.py:438] Remote response: status=200 | data={"value":{"element-6066-11e4-a52e-4f735466cecf":"f.791E0EA8D4C19E44145BFD7D4024DC0E.d.EFE0D926EAA590FEC8C59A08E1B8C9FF.e.8573"}} | headers=HTTPHeaderDict({'Content-Length': '128', 'Content-Type': 'application/json; charset=utf-8', 'cache-control': 'no-cache'})
2026-01-08 20:40:05 [   DEBUG] [remote_connection.py:467] Finished Request
2026-01-08 20:40:05 [   DEBUG] [remote_connection.py:405] GET http://localhost:51854/session/3b7ea9b8ae3b9f898b5332732fa74180/element/f.791E0EA8D4C19E44145BFD7D4024DC0E.d.EFE0D926EAA590FEC8C59A08E1B8C9FF.e.8573/text {}
2026-01-08 20:40:05 [   DEBUG] [connectionpool.py:544] http://localhost:51854 "GET /session/3b7ea9b8ae3b9f898b5332732fa74180/element/f.791E0EA8D4C19E44145BFD7D4024DC0E.d.EFE0D926EAA590FEC8C59A08E1B8C9FF.e.8573/text HTTP/1.1" 200 0
2026-01-08 20:40:05 [   DEBUG] [remote_connection.py:438] Remote response: status=200 | data={"value":"35"} | headers=HTTPHeaderDict({'Content-Length': '14', 'Content-Type': 'application/json; charset=utf-8', 'cache-control': 'no-cache'})
2026-01-08 20:40:05 [   DEBUG] [remote_connection.py:467] Finished Request
2026-01-08 20:40:05 [   DEBUG] [connectionpool.py:1049] Starting new HTTPS connection (1): api.aws.drivecam.net:443
2026-01-08 20:40:07 [   DEBUG] [connectionpool.py:544] https://api.aws.drivecam.net:443 "POST /api/videosearch-api/devices HTTP/1.1" 200 None
2026-01-08 20:40:07 [   DEBUG] [remote_connection.py:405] POST http://localhost:51854/session/3b7ea9b8ae3b9f898b5332732fa74180/element {'using': 'xpath', 'value': "//div[contains(@class, 'search')]//input"}
2026-01-08 20:40:07 [   DEBUG] [connectionpool.py:544] http://localhost:51854 "POST /session/3b7ea9b8ae3b9f898b5332732fa74180/element HTTP/1.1" 200 0
2026-01-08 20:40:07 [   DEBUG] [remote_connection.py:438] Remote response: status=200 | data={"value":{"element-6066-11e4-a52e-4f735466cecf":"f.791E0EA8D4C19E44145BFD7D4024DC0E.d.EFE0D926EAA590FEC8C59A08E1B8C9FF.e.8510"}} | headers=HTTPHeaderDict({'Content-Length': '128', 'Content-Type': 'application/json; charset=utf-8', 'cache-control': 'no-cache'})
2026-01-08 20:40:07 [   DEBUG] [remote_connection.py:467] Finished Request
2026-01-08 20:40:07 [   DEBUG] [remote_connection.py:405] POST http://localhost:51854/session/3b7ea9b8ae3b9f898b5332732fa74180/execute/sync {'script': '/* getAttribute */return (function(){return (function(){var d=this||self;function f(a,b){function c(...', 'args': [{'element-6066-11e4-a52e-4f735466cecf': 'f.791E0EA8D4C19E44145BFD7D4024DC0E.d.EFE0D926EAA590FEC8C59A08E1B8C9FF.e.8510'}, 'value']}
2026-01-08 20:40:07 [   DEBUG] [connectionpool.py:544] http://localhost:51854 "POST /session/3b7ea9b8ae3b9f898b5332732fa74180/execute/sync HTTP/1.1" 200 0
2026-01-08 20:40:07 [   DEBUG] [remote_connection.py:438] Remote response: status=200 | data={"value":"QM408"} | headers=HTTPHeaderDict({'Content-Length': '17', 'Content-Type': 'application/json; charset=utf-8', 'cache-control': 'no-cache'})
2026-01-08 20:40:07 [   DEBUG] [remote_connection.py:467] Finished Request
2026-01-08 20:40:07 [   DEBUG] [remote_connection.py:405] POST http://localhost:51854/session/3b7ea9b8ae3b9f898b5332732fa74180/element {'using': 'xpath', 'value': "//div[contains(@class, 'search')]//span[contains(@class, 'clear-search-icon')]"}
2026-01-08 20:40:17 [   DEBUG] [connectionpool.py:544] http://localhost:51854 "POST /session/3b7ea9b8ae3b9f898b5332732fa74180/element HTTP/1.1" 404 0
2026-01-08 20:40:17 [   DEBUG] [remote_connection.py:438] Remote response: status=404 | data={"value":{"error":"no such element","message":"no such element: Unable to locate element: {\"method\":\"xpath\",\"selector\":\"//div[contains(@class, 'search')]//span[contains(@class, 'clear-search-icon')]\"}\n  (Session info: chrome=143.0.7499.170)","stacktrace":"Symbols not available. Dumping unresolved backtrace:\n\t0x7ff6013088d5\n\t0x7ff601308930\n\t0x7ff6010e165d\n\t0x7ff601139a33\n\t0x7ff601139d3c\n\t0x7ff60118df67\n\t0x7ff60118ac97\n\t0x7ff60112ac29\n\t0x7ff60112ba93\n\t0x7ff601620620\n\t0x7ff60161af60\n\t0x7ff6016396c6\n\t0x7ff601325dd4\n\t0x7ff60132ed7c\n\t0x7ff601311ff4\n\t0x7ff6013121a5\n\t0x7ff6012f7ed2\n\t0x7ffd7983e8d7\n\t0x7ffd7b84c53c\n"}} | headers=HTTPHeaderDict({'Content-Length': '664', 'Content-Type': 'application/json; charset=utf-8', 'cache-control': 'no-cache'})
2026-01-08 20:40:17 [   DEBUG] [remote_connection.py:467] Finished Request
2026-01-08 20:40:17 [   DEBUG] [remote_connection.py:405] POST http://localhost:51854/session/3b7ea9b8ae3b9f898b5332732fa74180/element {'using': 'xpath', 'value': "//div[contains(@class, 'search')]//i[contains(@class, 'clear')]"}
2026-01-08 20:40:27 [   DEBUG] [connectionpool.py:544] http://localhost:51854 "POST /session/3b7ea9b8ae3b9f898b5332732fa74180/element HTTP/1.1" 404 0
2026-01-08 20:40:27 [   DEBUG] [remote_connection.py:438] Remote response: status=404 | data={"value":{"error":"no such element","message":"no such element: Unable to locate element: {\"method\":\"xpath\",\"selector\":\"//div[contains(@class, 'search')]//i[contains(@class, 'clear')]\"}\n  (Session info: chrome=143.0.7499.170)","stacktrace":"Symbols not available. Dumping unresolved backtrace:\n\t0x7ff6013088d5\n\t0x7ff601308930\n\t0x7ff6010e165d\n\t0x7ff601139a33\n\t0x7ff601139d3c\n\t0x7ff60118df67\n\t0x7ff60118ac97\n\t0x7ff60112ac29\n\t0x7ff60112ba93\n\t0x7ff601620620\n\t0x7ff60161af60\n\t0x7ff6016396c6\n\t0x7ff601325dd4\n\t0x7ff60132ed7c\n\t0x7ff601311ff4\n\t0x7ff6013121a5\n\t0x7ff6012f7ed2\n\t0x7ffd7983e8d7\n\t0x7ffd7b84c53c\n"}} | headers=HTTPHeaderDict({'Content-Length': '649', 'Content-Type': 'application/json; charset=utf-8', 'cache-control': 'no-cache'})
2026-01-08 20:40:27 [   DEBUG] [remote_connection.py:467] Finished Request
2026-01-08 20:40:27 [   DEBUG] [remote_connection.py:405] POST http://localhost:51854/session/3b7ea9b8ae3b9f898b5332732fa74180/element {'using': 'xpath', 'value': "//div[contains(@class, 'search')]//span[contains(@class, 'clear')]"}
2026-01-08 20:40:27 [   DEBUG] [connectionpool.py:544] http://localhost:51854 "POST /session/3b7ea9b8ae3b9f898b5332732fa74180/element HTTP/1.1" 200 0
2026-01-08 20:40:27 [   DEBUG] [remote_connection.py:438] Remote response: status=200 | data={"value":{"element-6066-11e4-a52e-4f735466cecf":"f.791E0EA8D4C19E44145BFD7D4024DC0E.d.EFE0D926EAA590FEC8C59A08E1B8C9FF.e.8527"}} | headers=HTTPHeaderDict({'Content-Length': '128', 'Content-Type': 'application/json; charset=utf-8', 'cache-control': 'no-cache'})
2026-01-08 20:40:27 [   DEBUG] [remote_connection.py:467] Finished Request
2026-01-08 20:40:27 [   DEBUG] [remote_connection.py:405] POST http://localhost:51854/session/3b7ea9b8ae3b9f898b5332732fa74180/execute/sync {'script': '/* isDisplayed */return (function(){return (function(){var g=this||self;\nfunction aa(a){var b=typeof...', 'args': [{'element-6066-11e4-a52e-4f735466cecf': 'f.791E0EA8D4C19E44145BFD7D4024DC0E.d.EFE0D926EAA590FEC8C59A08E1B8C9FF.e.8527'}]}
2026-01-08 20:40:27 [   DEBUG] [connectionpool.py:544] http://localhost:51854 "POST /session/3b7ea9b8ae3b9f898b5332732fa74180/execute/sync HTTP/1.1" 200 0
2026-01-08 20:40:27 [   DEBUG] [remote_connection.py:438] Remote response: status=200 | data={"value":true} | headers=HTTPHeaderDict({'Content-Length': '14', 'Content-Type': 'application/json; charset=utf-8', 'cache-control': 'no-cache'})
2026-01-08 20:40:27 [   DEBUG] [remote_connection.py:467] Finished Request
2026-01-08 20:40:27 [   DEBUG] [remote_connection.py:405] GET http://localhost:51854/session/3b7ea9b8ae3b9f898b5332732fa74180/element/f.791E0EA8D4C19E44145BFD7D4024DC0E.d.EFE0D926EAA590FEC8C59A08E1B8C9FF.e.8527/enabled {}
2026-01-08 20:40:27 [   DEBUG] [connectionpool.py:544] http://localhost:51854 "GET /session/3b7ea9b8ae3b9f898b5332732fa74180/element/f.791E0EA8D4C19E44145BFD7D4024DC0E.d.EFE0D926EAA590FEC8C59A08E1B8C9FF.e.8527/enabled HTTP/1.1" 200 0
2026-01-08 20:40:27 [   DEBUG] [remote_connection.py:438] Remote response: status=200 | data={"value":true} | headers=HTTPHeaderDict({'Content-Length': '14', 'Content-Type': 'application/json; charset=utf-8', 'cache-control': 'no-cache'})
2026-01-08 20:40:27 [   DEBUG] [remote_connection.py:467] Finished Request
2026-01-08 20:40:27 [   DEBUG] [remote_connection.py:405] POST http://localhost:51854/session/3b7ea9b8ae3b9f898b5332732fa74180/element {'using': 'xpath', 'value': "//div[contains(@class, 'search')]//span[contains(@class, 'clear')]"}
2026-01-08 20:40:27 [   DEBUG] [connectionpool.py:544] http://localhost:51854 "POST /session/3b7ea9b8ae3b9f898b5332732fa74180/element HTTP/1.1" 200 0
2026-01-08 20:40:27 [   DEBUG] [remote_connection.py:438] Remote response: status=200 | data={"value":{"element-6066-11e4-a52e-4f735466cecf":"f.791E0EA8D4C19E44145BFD7D4024DC0E.d.EFE0D926EAA590FEC8C59A08E1B8C9FF.e.8527"}} | headers=HTTPHeaderDict({'Content-Length': '128', 'Content-Type': 'application/json; charset=utf-8', 'cache-control': 'no-cache'})
2026-01-08 20:40:27 [   DEBUG] [remote_connection.py:467] Finished Request
2026-01-08 20:40:27 [   DEBUG] [remote_connection.py:405] POST http://localhost:51854/session/3b7ea9b8ae3b9f898b5332732fa74180/execute/sync {'script': 'arguments[0].scrollIntoView(true);', 'args': [{'element-6066-11e4-a52e-4f735466cecf': 'f.791E0EA8D4C19E44145BFD7D4024DC0E.d.EFE0D926EAA590FEC8C59A08E1B8C9FF.e.8527'}]}
2026-01-08 20:40:27 [   DEBUG] [connectionpool.py:544] http://localhost:51854 "POST /session/3b7ea9b8ae3b9f898b5332732fa74180/execute/sync HTTP/1.1" 200 0
2026-01-08 20:40:27 [   DEBUG] [remote_connection.py:438] Remote response: status=200 | data={"value":null} | headers=HTTPHeaderDict({'Content-Length': '14', 'Content-Type': 'application/json; charset=utf-8', 'cache-control': 'no-cache'})
2026-01-08 20:40:27 [   DEBUG] [remote_connection.py:467] Finished Request
2026-01-08 20:40:28 [   DEBUG] [remote_connection.py:405] POST http://localhost:51854/session/3b7ea9b8ae3b9f898b5332732fa74180/element/f.791E0EA8D4C19E44145BFD7D4024DC0E.d.EFE0D926EAA590FEC8C59A08E1B8C9FF.e.8527/click {}
2026-01-08 20:40:28 [   DEBUG] [connectionpool.py:544] http://localhost:51854 "POST /session/3b7ea9b8ae3b9f898b5332732fa74180/element/f.791E0EA8D4C19E44145BFD7D4024DC0E.d.EFE0D926EAA590FEC8C59A08E1B8C9FF.e.8527/click HTTP/1.1" 200 0
2026-01-08 20:40:28 [   DEBUG] [remote_connection.py:438] Remote response: status=200 | data={"value":null} | headers=HTTPHeaderDict({'Content-Length': '14', 'Content-Type': 'application/json; charset=utf-8', 'cache-control': 'no-cache'})
2026-01-08 20:40:28 [   DEBUG] [remote_connection.py:467] Finished Request
2026-01-08 20:40:29 [   DEBUG] [remote_connection.py:405] POST http://localhost:51854/session/3b7ea9b8ae3b9f898b5332732fa74180/element {'using': 'xpath', 'value': "//div[contains(@class, 'search')]//input"}
2026-01-08 20:40:29 [   DEBUG] [connectionpool.py:544] http://localhost:51854 "POST /session/3b7ea9b8ae3b9f898b5332732fa74180/element HTTP/1.1" 200 0
2026-01-08 20:40:29 [   DEBUG] [remote_connection.py:438] Remote response: status=200 | data={"value":{"element-6066-11e4-a52e-4f735466cecf":"f.791E0EA8D4C19E44145BFD7D4024DC0E.d.EFE0D926EAA590FEC8C59A08E1B8C9FF.e.8510"}} | headers=HTTPHeaderDict({'Content-Length': '128', 'Content-Type': 'application/json; charset=utf-8', 'cache-control': 'no-cache'})
2026-01-08 20:40:29 [   DEBUG] [remote_connection.py:467] Finished Request
2026-01-08 20:40:29 [   DEBUG] [remote_connection.py:405] POST http://localhost:51854/session/3b7ea9b8ae3b9f898b5332732fa74180/execute/sync {'script': '/* getAttribute */return (function(){return (function(){var d=this||self;function f(a,b){function c(...', 'args': [{'element-6066-11e4-a52e-4f735466cecf': 'f.791E0EA8D4C19E44145BFD7D4024DC0E.d.EFE0D926EAA590FEC8C59A08E1B8C9FF.e.8510'}, 'value']}
2026-01-08 20:40:29 [   DEBUG] [connectionpool.py:544] http://localhost:51854 "POST /session/3b7ea9b8ae3b9f898b5332732fa74180/execute/sync HTTP/1.1" 200 0
2026-01-08 20:40:29 [   DEBUG] [remote_connection.py:438] Remote response: status=200 | data={"value":""} | headers=HTTPHeaderDict({'Content-Length': '12', 'Content-Type': 'application/json; charset=utf-8', 'cache-control': 'no-cache'})
2026-01-08 20:40:29 [   DEBUG] [remote_connection.py:467] Finished Request
2026-01-08 20:40:33 [   DEBUG] [remote_connection.py:405] POST http://localhost:51854/session/3b7ea9b8ae3b9f898b5332732fa74180/element {'using': 'xpath', 'value': '//span[contains(text(),"Vehicle")]/parent::div/preceding-sibling::div/div'}
2026-01-08 20:40:33 [   DEBUG] [connectionpool.py:544] http://localhost:51854 "POST /session/3b7ea9b8ae3b9f898b5332732fa74180/element HTTP/1.1" 200 0
2026-01-08 20:40:33 [   DEBUG] [remote_connection.py:438] Remote response: status=200 | data={"value":{"element-6066-11e4-a52e-4f735466cecf":"f.791E0EA8D4C19E44145BFD7D4024DC0E.d.EFE0D926EAA590FEC8C59A08E1B8C9FF.e.9865"}} | headers=HTTPHeaderDict({'Content-Length': '128', 'Content-Type': 'application/json; charset=utf-8', 'cache-control': 'no-cache'})
2026-01-08 20:40:33 [   DEBUG] [remote_connection.py:467] Finished Request
2026-01-08 20:40:33 [   DEBUG] [remote_connection.py:405] GET http://localhost:51854/session/3b7ea9b8ae3b9f898b5332732fa74180/element/f.791E0EA8D4C19E44145BFD7D4024DC0E.d.EFE0D926EAA590FEC8C59A08E1B8C9FF.e.9865/text {}
2026-01-08 20:40:33 [   DEBUG] [connectionpool.py:544] http://localhost:51854 "GET /session/3b7ea9b8ae3b9f898b5332732fa74180/element/f.791E0EA8D4C19E44145BFD7D4024DC0E.d.EFE0D926EAA590FEC8C59A08E1B8C9FF.e.9865/text HTTP/1.1" 200 0
2026-01-08 20:40:33 [   DEBUG] [remote_connection.py:438] Remote response: status=200 | data={"value":"696"} | headers=HTTPHeaderDict({'Content-Length': '15', 'Content-Type': 'application/json; charset=utf-8', 'cache-control': 'no-cache'})
2026-01-08 20:40:33 [   DEBUG] [remote_connection.py:467] Finished Request
2026-01-08 20:40:34 [   DEBUG] [remote_connection.py:405] POST http://localhost:51854/session/3b7ea9b8ae3b9f898b5332732fa74180/element {'using': 'xpath', 'value': '//span[contains(text(),"Vehicle")]/parent::div/preceding-sibling::div/div'}
2026-01-08 20:40:34 [   DEBUG] [connectionpool.py:544] http://localhost:51854 "POST /session/3b7ea9b8ae3b9f898b5332732fa74180/element HTTP/1.1" 200 0
2026-01-08 20:40:34 [   DEBUG] [remote_connection.py:438] Remote response: status=200 | data={"value":{"element-6066-11e4-a52e-4f735466cecf":"f.791E0EA8D4C19E44145BFD7D4024DC0E.d.EFE0D926EAA590FEC8C59A08E1B8C9FF.e.9865"}} | headers=HTTPHeaderDict({'Content-Length': '128', 'Content-Type': 'application/json; charset=utf-8', 'cache-control': 'no-cache'})
2026-01-08 20:40:34 [   DEBUG] [remote_connection.py:467] Finished Request
2026-01-08 20:40:34 [   DEBUG] [remote_connection.py:405] GET http://localhost:51854/session/3b7ea9b8ae3b9f898b5332732fa74180/element/f.791E0EA8D4C19E44145BFD7D4024DC0E.d.EFE0D926EAA590FEC8C59A08E1B8C9FF.e.9865/text {}
2026-01-08 20:40:34 [   DEBUG] [connectionpool.py:544] http://localhost:51854 "GET /session/3b7ea9b8ae3b9f898b5332732fa74180/element/f.791E0EA8D4C19E44145BFD7D4024DC0E.d.EFE0D926EAA590FEC8C59A08E1B8C9FF.e.9865/text HTTP/1.1" 200 0
2026-01-08 20:40:34 [   DEBUG] [remote_connection.py:438] Remote response: status=200 | data={"value":"696"} | headers=HTTPHeaderDict({'Content-Length': '15', 'Content-Type': 'application/json; charset=utf-8', 'cache-control': 'no-cache'})
2026-01-08 20:40:34 [   DEBUG] [remote_connection.py:467] Finished Request
2026-01-08 20:40:34 [   DEBUG] [remote_connection.py:405] POST http://localhost:51854/session/3b7ea9b8ae3b9f898b5332732fa74180/element {'using': 'xpath', 'value': "//div[contains(@class, 'search')]//input"}
2026-01-08 20:40:34 [   DEBUG] [connectionpool.py:544] http://localhost:51854 "POST /session/3b7ea9b8ae3b9f898b5332732fa74180/element HTTP/1.1" 200 0
2026-01-08 20:40:34 [   DEBUG] [remote_connection.py:438] Remote response: status=200 | data={"value":{"element-6066-11e4-a52e-4f735466cecf":"f.791E0EA8D4C19E44145BFD7D4024DC0E.d.EFE0D926EAA590FEC8C59A08E1B8C9FF.e.8510"}} | headers=HTTPHeaderDict({'Content-Length': '128', 'Content-Type': 'application/json; charset=utf-8', 'cache-control': 'no-cache'})
2026-01-08 20:40:34 [   DEBUG] [remote_connection.py:467] Finished Request
2026-01-08 20:40:34 [   DEBUG] [remote_connection.py:405] POST http://localhost:51854/session/3b7ea9b8ae3b9f898b5332732fa74180/execute/sync {'script': '/* getAttribute */return (function(){return (function(){var d=this||self;function f(a,b){function c(...', 'args': [{'element-6066-11e4-a52e-4f735466cecf': 'f.791E0EA8D4C19E44145BFD7D4024DC0E.d.EFE0D926EAA590FEC8C59A08E1B8C9FF.e.8510'}, 'value']}
2026-01-08 20:40:34 [   DEBUG] [connectionpool.py:544] http://localhost:51854 "POST /session/3b7ea9b8ae3b9f898b5332732fa74180/execute/sync HTTP/1.1" 200 0
2026-01-08 20:40:34 [   DEBUG] [remote_connection.py:438] Remote response: status=200 | data={"value":""} | headers=HTTPHeaderDict({'Content-Length': '12', 'Content-Type': 'application/json; charset=utf-8', 'cache-control': 'no-cache'})
2026-01-08 20:40:34 [   DEBUG] [remote_connection.py:467] Finished Request
2026-01-08 20:40:34 [   DEBUG] [connectionpool.py:1049] Starting new HTTPS connection (1): login.lytx.com:443
2026-01-08 20:40:36 [   DEBUG] [connectionpool.py:544] https://login.lytx.com:443 "POST /api/auth/user HTTP/1.1" 200 None
2026-01-08 20:40:38 [   DEBUG] [remote_connection.py:405] POST http://localhost:51854/session/3b7ea9b8ae3b9f898b5332732fa74180/element {'using': 'xpath', 'value': '//span[contains(text(),"Vehicle")]/parent::div/preceding-sibling::div/div'}
2026-01-08 20:40:38 [   DEBUG] [connectionpool.py:544] http://localhost:51854 "POST /session/3b7ea9b8ae3b9f898b5332732fa74180/element HTTP/1.1" 200 0
2026-01-08 20:40:38 [   DEBUG] [remote_connection.py:438] Remote response: status=200 | data={"value":{"element-6066-11e4-a52e-4f735466cecf":"f.791E0EA8D4C19E44145BFD7D4024DC0E.d.EFE0D926EAA590FEC8C59A08E1B8C9FF.e.9865"}} | headers=HTTPHeaderDict({'Content-Length': '128', 'Content-Type': 'application/json; charset=utf-8', 'cache-control': 'no-cache'})
2026-01-08 20:40:38 [   DEBUG] [remote_connection.py:467] Finished Request
2026-01-08 20:40:38 [   DEBUG] [remote_connection.py:405] GET http://localhost:51854/session/3b7ea9b8ae3b9f898b5332732fa74180/element/f.791E0EA8D4C19E44145BFD7D4024DC0E.d.EFE0D926EAA590FEC8C59A08E1B8C9FF.e.9865/text {}
2026-01-08 20:40:38 [   DEBUG] [connectionpool.py:544] http://localhost:51854 "GET /session/3b7ea9b8ae3b9f898b5332732fa74180/element/f.791E0EA8D4C19E44145BFD7D4024DC0E.d.EFE0D926EAA590FEC8C59A08E1B8C9FF.e.9865/text HTTP/1.1" 200 0
2026-01-08 20:40:38 [   DEBUG] [remote_connection.py:438] Remote response: status=200 | data={"value":"696"} | headers=HTTPHeaderDict({'Content-Length': '15', 'Content-Type': 'application/json; charset=utf-8', 'cache-control': 'no-cache'})
2026-01-08 20:40:38 [   DEBUG] [remote_connection.py:467] Finished Request
2026-01-08 20:40:39 [   DEBUG] [remote_connection.py:405] POST http://localhost:51854/session/3b7ea9b8ae3b9f898b5332732fa74180/element {'using': 'xpath', 'value': '//span[contains(text(),"Vehicle")]/parent::div/preceding-sibling::div/div'}
2026-01-08 20:40:39 [   DEBUG] [connectionpool.py:544] http://localhost:51854 "POST /session/3b7ea9b8ae3b9f898b5332732fa74180/element HTTP/1.1" 200 0
2026-01-08 20:40:39 [   DEBUG] [remote_connection.py:438] Remote response: status=200 | data={"value":{"element-6066-11e4-a52e-4f735466cecf":"f.791E0EA8D4C19E44145BFD7D4024DC0E.d.EFE0D926EAA590FEC8C59A08E1B8C9FF.e.9865"}} | headers=HTTPHeaderDict({'Content-Length': '128', 'Content-Type': 'application/json; charset=utf-8', 'cache-control': 'no-cache'})
2026-01-08 20:40:39 [   DEBUG] [remote_connection.py:467] Finished Request
2026-01-08 20:40:39 [   DEBUG] [remote_connection.py:405] GET http://localhost:51854/session/3b7ea9b8ae3b9f898b5332732fa74180/element/f.791E0EA8D4C19E44145BFD7D4024DC0E.d.EFE0D926EAA590FEC8C59A08E1B8C9FF.e.9865/text {}
2026-01-08 20:40:39 [   DEBUG] [connectionpool.py:544] http://localhost:51854 "GET /session/3b7ea9b8ae3b9f898b5332732fa74180/element/f.791E0EA8D4C19E44145BFD7D4024DC0E.d.EFE0D926EAA590FEC8C59A08E1B8C9FF.e.9865/text HTTP/1.1" 200 0
2026-01-08 20:40:39 [   DEBUG] [remote_connection.py:438] Remote response: status=200 | data={"value":"696"} | headers=HTTPHeaderDict({'Content-Length': '15', 'Content-Type': 'application/json; charset=utf-8', 'cache-control': 'no-cache'})
2026-01-08 20:40:39 [   DEBUG] [remote_connection.py:467] Finished Request
2026-01-08 20:40:39 [   DEBUG] [remote_connection.py:405] POST http://localhost:51854/session/3b7ea9b8ae3b9f898b5332732fa74180/element {'using': 'xpath', 'value': '/html/body/app-root/shell/div/div/div/ng-component/div/div/vehicles-list-filter/filter-bar/div/div[2...'}
2026-01-08 20:40:39 [   DEBUG] [connectionpool.py:544] http://localhost:51854 "POST /session/3b7ea9b8ae3b9f898b5332732fa74180/element HTTP/1.1" 200 0
2026-01-08 20:40:39 [   DEBUG] [remote_connection.py:438] Remote response: status=200 | data={"value":{"element-6066-11e4-a52e-4f735466cecf":"f.791E0EA8D4C19E44145BFD7D4024DC0E.d.EFE0D926EAA590FEC8C59A08E1B8C9FF.e.584"}} | headers=HTTPHeaderDict({'Content-Length': '127', 'Content-Type': 'application/json; charset=utf-8', 'cache-control': 'no-cache'})
2026-01-08 20:40:39 [   DEBUG] [remote_connection.py:467] Finished Request
2026-01-08 20:40:39 [   DEBUG] [remote_connection.py:405] POST http://localhost:51854/session/3b7ea9b8ae3b9f898b5332732fa74180/element/f.791E0EA8D4C19E44145BFD7D4024DC0E.d.EFE0D926EAA590FEC8C59A08E1B8C9FF.e.584/click {}
2026-01-08 20:40:39 [   DEBUG] [connectionpool.py:544] http://localhost:51854 "POST /session/3b7ea9b8ae3b9f898b5332732fa74180/element/f.791E0EA8D4C19E44145BFD7D4024DC0E.d.EFE0D926EAA590FEC8C59A08E1B8C9FF.e.584/click HTTP/1.1" 200 0
2026-01-08 20:40:39 [   DEBUG] [remote_connection.py:438] Remote response: status=200 | data={"value":null} | headers=HTTPHeaderDict({'Content-Length': '14', 'Content-Type': 'application/json; charset=utf-8', 'cache-control': 'no-cache'})
2026-01-08 20:40:39 [   DEBUG] [remote_connection.py:467] Finished Request
2026-01-08 20:40:39 [   DEBUG] [remote_connection.py:405] POST http://localhost:51854/session/3b7ea9b8ae3b9f898b5332732fa74180/element {'using': 'xpath', 'value': '/html/body/app-root/shell/div/div/div/ng-component/div/div/vehicles-list-filter/filter-bar/div/div[2...'}
2026-01-08 20:40:39 [   DEBUG] [connectionpool.py:544] http://localhost:51854 "POST /session/3b7ea9b8ae3b9f898b5332732fa74180/element HTTP/1.1" 200 0
2026-01-08 20:40:39 [   DEBUG] [remote_connection.py:438] Remote response: status=200 | data={"value":{"element-6066-11e4-a52e-4f735466cecf":"f.791E0EA8D4C19E44145BFD7D4024DC0E.d.EFE0D926EAA590FEC8C59A08E1B8C9FF.e.655"}} | headers=HTTPHeaderDict({'Content-Length': '127', 'Content-Type': 'application/json; charset=utf-8', 'cache-control': 'no-cache'})
2026-01-08 20:40:39 [   DEBUG] [remote_connection.py:467] Finished Request
2026-01-08 20:40:39 [   DEBUG] [remote_connection.py:405] POST http://localhost:51854/session/3b7ea9b8ae3b9f898b5332732fa74180/element/f.791E0EA8D4C19E44145BFD7D4024DC0E.d.EFE0D926EAA590FEC8C59A08E1B8C9FF.e.655/click {}
2026-01-08 20:40:39 [   DEBUG] [connectionpool.py:544] http://localhost:51854 "POST /session/3b7ea9b8ae3b9f898b5332732fa74180/element/f.791E0EA8D4C19E44145BFD7D4024DC0E.d.EFE0D926EAA590FEC8C59A08E1B8C9FF.e.655/click HTTP/1.1" 200 0
2026-01-08 20:40:39 [   DEBUG] [remote_connection.py:438] Remote response: status=200 | data={"value":null} | headers=HTTPHeaderDict({'Content-Length': '14', 'Content-Type': 'application/json; charset=utf-8', 'cache-control': 'no-cache'})
2026-01-08 20:40:39 [   DEBUG] [remote_connection.py:467] Finished Request
2026-01-08 20:40:39 [   DEBUG] [remote_connection.py:405] POST http://localhost:51854/session/3b7ea9b8ae3b9f898b5332732fa74180/element {'using': 'xpath', 'value': '/html/body/app-root/shell/div/div/div/ng-component/div/div/vehicles-list-filter/filter-bar/div/div[2...'}
2026-01-08 20:40:39 [   DEBUG] [connectionpool.py:544] http://localhost:51854 "POST /session/3b7ea9b8ae3b9f898b5332732fa74180/element HTTP/1.1" 200 0
2026-01-08 20:40:39 [   DEBUG] [remote_connection.py:438] Remote response: status=200 | data={"value":{"element-6066-11e4-a52e-4f735466cecf":"f.791E0EA8D4C19E44145BFD7D4024DC0E.d.EFE0D926EAA590FEC8C59A08E1B8C9FF.e.8510"}} | headers=HTTPHeaderDict({'Content-Length': '128', 'Content-Type': 'application/json; charset=utf-8', 'cache-control': 'no-cache'})
2026-01-08 20:40:39 [   DEBUG] [remote_connection.py:467] Finished Request
2026-01-08 20:40:39 [   DEBUG] [remote_connection.py:405] POST http://localhost:51854/session/3b7ea9b8ae3b9f898b5332732fa74180/element/f.791E0EA8D4C19E44145BFD7D4024DC0E.d.EFE0D926EAA590FEC8C59A08E1B8C9FF.e.8510/value {'text': 'QM40849291', 'value': ['Q', 'M', '4', '0', '8', '4', '9', '2', '9', '1']}
2026-01-08 20:40:39 [   DEBUG] [connectionpool.py:544] http://localhost:51854 "POST /session/3b7ea9b8ae3b9f898b5332732fa74180/element/f.791E0EA8D4C19E44145BFD7D4024DC0E.d.EFE0D926EAA590FEC8C59A08E1B8C9FF.e.8510/value HTTP/1.1" 200 0
2026-01-08 20:40:39 [   DEBUG] [remote_connection.py:438] Remote response: status=200 | data={"value":null} | headers=HTTPHeaderDict({'Content-Length': '14', 'Content-Type': 'application/json; charset=utf-8', 'cache-control': 'no-cache'})
2026-01-08 20:40:39 [   DEBUG] [remote_connection.py:467] Finished Request
2026-01-08 20:40:39 [   DEBUG] [remote_connection.py:405] POST http://localhost:51854/session/3b7ea9b8ae3b9f898b5332732fa74180/element {'using': 'xpath', 'value': '/html/body/app-root/shell/div/div/div/ng-component/div/div/vehicles-list-filter/filter-bar/div/div[2...'}
2026-01-08 20:40:39 [   DEBUG] [connectionpool.py:544] http://localhost:51854 "POST /session/3b7ea9b8ae3b9f898b5332732fa74180/element HTTP/1.1" 200 0
2026-01-08 20:40:39 [   DEBUG] [remote_connection.py:438] Remote response: status=200 | data={"value":{"element-6066-11e4-a52e-4f735466cecf":"f.791E0EA8D4C19E44145BFD7D4024DC0E.d.EFE0D926EAA590FEC8C59A08E1B8C9FF.e.8510"}} | headers=HTTPHeaderDict({'Content-Length': '128', 'Content-Type': 'application/json; charset=utf-8', 'cache-control': 'no-cache'})
2026-01-08 20:40:39 [   DEBUG] [remote_connection.py:467] Finished Request
2026-01-08 20:40:39 [   DEBUG] [remote_connection.py:405] POST http://localhost:51854/session/3b7ea9b8ae3b9f898b5332732fa74180/element/f.791E0EA8D4C19E44145BFD7D4024DC0E.d.EFE0D926EAA590FEC8C59A08E1B8C9FF.e.8510/value {'text': '\ue007', 'value': ['\ue007']}
2026-01-08 20:40:39 [   DEBUG] [connectionpool.py:544] http://localhost:51854 "POST /session/3b7ea9b8ae3b9f898b5332732fa74180/element/f.791E0EA8D4C19E44145BFD7D4024DC0E.d.EFE0D926EAA590FEC8C59A08E1B8C9FF.e.8510/value HTTP/1.1" 200 0
2026-01-08 20:40:39 [   DEBUG] [remote_connection.py:438] Remote response: status=200 | data={"value":null} | headers=HTTPHeaderDict({'Content-Length': '14', 'Content-Type': 'application/json; charset=utf-8', 'cache-control': 'no-cache'})
2026-01-08 20:40:39 [   DEBUG] [remote_connection.py:467] Finished Request
2026-01-08 20:40:43 [   DEBUG] [remote_connection.py:405] POST http://localhost:51854/session/3b7ea9b8ae3b9f898b5332732fa74180/element {'using': 'xpath', 'value': '//span[contains(text(),"Vehicle")]/parent::div/preceding-sibling::div/div'}
2026-01-08 20:40:43 [   DEBUG] [connectionpool.py:544] http://localhost:51854 "POST /session/3b7ea9b8ae3b9f898b5332732fa74180/element HTTP/1.1" 200 0
2026-01-08 20:40:43 [   DEBUG] [remote_connection.py:438] Remote response: status=200 | data={"value":{"element-6066-11e4-a52e-4f735466cecf":"f.791E0EA8D4C19E44145BFD7D4024DC0E.d.EFE0D926EAA590FEC8C59A08E1B8C9FF.e.11143"}} | headers=HTTPHeaderDict({'Content-Length': '129', 'Content-Type': 'application/json; charset=utf-8', 'cache-control': 'no-cache'})
2026-01-08 20:40:43 [   DEBUG] [remote_connection.py:467] Finished Request
2026-01-08 20:40:43 [   DEBUG] [remote_connection.py:405] GET http://localhost:51854/session/3b7ea9b8ae3b9f898b5332732fa74180/element/f.791E0EA8D4C19E44145BFD7D4024DC0E.d.EFE0D926EAA590FEC8C59A08E1B8C9FF.e.11143/text {}
2026-01-08 20:40:43 [   DEBUG] [connectionpool.py:544] http://localhost:51854 "GET /session/3b7ea9b8ae3b9f898b5332732fa74180/element/f.791E0EA8D4C19E44145BFD7D4024DC0E.d.EFE0D926EAA590FEC8C59A08E1B8C9FF.e.11143/text HTTP/1.1" 200 0
2026-01-08 20:40:43 [   DEBUG] [remote_connection.py:438] Remote response: status=200 | data={"value":"1"} | headers=HTTPHeaderDict({'Content-Length': '13', 'Content-Type': 'application/json; charset=utf-8', 'cache-control': 'no-cache'})
2026-01-08 20:40:43 [   DEBUG] [remote_connection.py:467] Finished Request
2026-01-08 20:40:45 [   DEBUG] [remote_connection.py:405] POST http://localhost:51854/session/3b7ea9b8ae3b9f898b5332732fa74180/element {'using': 'xpath', 'value': '//span[contains(text(),"Vehicle")]/parent::div/preceding-sibling::div/div'}
2026-01-08 20:40:45 [   DEBUG] [connectionpool.py:544] http://localhost:51854 "POST /session/3b7ea9b8ae3b9f898b5332732fa74180/element HTTP/1.1" 200 0
2026-01-08 20:40:45 [   DEBUG] [remote_connection.py:438] Remote response: status=200 | data={"value":{"element-6066-11e4-a52e-4f735466cecf":"f.791E0EA8D4C19E44145BFD7D4024DC0E.d.EFE0D926EAA590FEC8C59A08E1B8C9FF.e.11143"}} | headers=HTTPHeaderDict({'Content-Length': '129', 'Content-Type': 'application/json; charset=utf-8', 'cache-control': 'no-cache'})
2026-01-08 20:40:45 [   DEBUG] [remote_connection.py:467] Finished Request
2026-01-08 20:40:45 [   DEBUG] [remote_connection.py:405] GET http://localhost:51854/session/3b7ea9b8ae3b9f898b5332732fa74180/element/f.791E0EA8D4C19E44145BFD7D4024DC0E.d.EFE0D926EAA590FEC8C59A08E1B8C9FF.e.11143/text {}
2026-01-08 20:40:45 [   DEBUG] [connectionpool.py:544] http://localhost:51854 "GET /session/3b7ea9b8ae3b9f898b5332732fa74180/element/f.791E0EA8D4C19E44145BFD7D4024DC0E.d.EFE0D926EAA590FEC8C59A08E1B8C9FF.e.11143/text HTTP/1.1" 200 0
2026-01-08 20:40:45 [   DEBUG] [remote_connection.py:438] Remote response: status=200 | data={"value":"1"} | headers=HTTPHeaderDict({'Content-Length': '13', 'Content-Type': 'application/json; charset=utf-8', 'cache-control': 'no-cache'})
2026-01-08 20:40:45 [   DEBUG] [remote_connection.py:467] Finished Request
2026-01-08 20:40:45 [   DEBUG] [connectionpool.py:1049] Starting new HTTPS connection (1): api.aws.drivecam.net:443
2026-01-08 20:40:46 [   DEBUG] [connectionpool.py:544] https://api.aws.drivecam.net:443 "POST /api/videosearch-api/devices HTTP/1.1" 200 None
2026-01-08 20:40:46 [   DEBUG] [remote_connection.py:405] POST http://localhost:51854/session/3b7ea9b8ae3b9f898b5332732fa74180/element {'using': 'xpath', 'value': "//div[contains(@class, 'search')]//input"}
2026-01-08 20:40:46 [   DEBUG] [connectionpool.py:544] http://localhost:51854 "POST /session/3b7ea9b8ae3b9f898b5332732fa74180/element HTTP/1.1" 200 0
2026-01-08 20:40:46 [   DEBUG] [remote_connection.py:438] Remote response: status=200 | data={"value":{"element-6066-11e4-a52e-4f735466cecf":"f.791E0EA8D4C19E44145BFD7D4024DC0E.d.EFE0D926EAA590FEC8C59A08E1B8C9FF.e.8510"}} | headers=HTTPHeaderDict({'Content-Length': '128', 'Content-Type': 'application/json; charset=utf-8', 'cache-control': 'no-cache'})
2026-01-08 20:40:46 [   DEBUG] [remote_connection.py:467] Finished Request
2026-01-08 20:40:46 [   DEBUG] [remote_connection.py:405] POST http://localhost:51854/session/3b7ea9b8ae3b9f898b5332732fa74180/execute/sync {'script': '/* getAttribute */return (function(){return (function(){var d=this||self;function f(a,b){function c(...', 'args': [{'element-6066-11e4-a52e-4f735466cecf': 'f.791E0EA8D4C19E44145BFD7D4024DC0E.d.EFE0D926EAA590FEC8C59A08E1B8C9FF.e.8510'}, 'value']}
2026-01-08 20:40:47 [   DEBUG] [connectionpool.py:544] http://localhost:51854 "POST /session/3b7ea9b8ae3b9f898b5332732fa74180/execute/sync HTTP/1.1" 200 0
2026-01-08 20:40:47 [   DEBUG] [remote_connection.py:438] Remote response: status=200 | data={"value":"QM40849291"} | headers=HTTPHeaderDict({'Content-Length': '22', 'Content-Type': 'application/json; charset=utf-8', 'cache-control': 'no-cache'})
2026-01-08 20:40:47 [   DEBUG] [remote_connection.py:467] Finished Request
2026-01-08 20:40:47 [   DEBUG] [remote_connection.py:405] POST http://localhost:51854/session/3b7ea9b8ae3b9f898b5332732fa74180/element {'using': 'xpath', 'value': "//div[contains(@class, 'search')]//span[contains(@class, 'clear-search-icon')]"}
2026-01-08 20:40:57 [   DEBUG] [connectionpool.py:544] http://localhost:51854 "POST /session/3b7ea9b8ae3b9f898b5332732fa74180/element HTTP/1.1" 404 0
2026-01-08 20:40:57 [   DEBUG] [remote_connection.py:438] Remote response: status=404 | data={"value":{"error":"no such element","message":"no such element: Unable to locate element: {\"method\":\"xpath\",\"selector\":\"//div[contains(@class, 'search')]//span[contains(@class, 'clear-search-icon')]\"}\n  (Session info: chrome=143.0.7499.170)","stacktrace":"Symbols not available. Dumping unresolved backtrace:\n\t0x7ff6013088d5\n\t0x7ff601308930\n\t0x7ff6010e165d\n\t0x7ff601139a33\n\t0x7ff601139d3c\n\t0x7ff60118df67\n\t0x7ff60118ac97\n\t0x7ff60112ac29\n\t0x7ff60112ba93\n\t0x7ff601620620\n\t0x7ff60161af60\n\t0x7ff6016396c6\n\t0x7ff601325dd4\n\t0x7ff60132ed7c\n\t0x7ff601311ff4\n\t0x7ff6013121a5\n\t0x7ff6012f7ed2\n\t0x7ffd7983e8d7\n\t0x7ffd7b84c53c\n"}} | headers=HTTPHeaderDict({'Content-Length': '664', 'Content-Type': 'application/json; charset=utf-8', 'cache-control': 'no-cache'})
2026-01-08 20:40:57 [   DEBUG] [remote_connection.py:467] Finished Request
2026-01-08 20:40:57 [   DEBUG] [remote_connection.py:405] POST http://localhost:51854/session/3b7ea9b8ae3b9f898b5332732fa74180/element {'using': 'xpath', 'value': "//div[contains(@class, 'search')]//i[contains(@class, 'clear')]"}
2026-01-08 20:41:07 [   DEBUG] [connectionpool.py:544] http://localhost:51854 "POST /session/3b7ea9b8ae3b9f898b5332732fa74180/element HTTP/1.1" 404 0
2026-01-08 20:41:07 [   DEBUG] [remote_connection.py:438] Remote response: status=404 | data={"value":{"error":"no such element","message":"no such element: Unable to locate element: {\"method\":\"xpath\",\"selector\":\"//div[contains(@class, 'search')]//i[contains(@class, 'clear')]\"}\n  (Session info: chrome=143.0.7499.170)","stacktrace":"Symbols not available. Dumping unresolved backtrace:\n\t0x7ff6013088d5\n\t0x7ff601308930\n\t0x7ff6010e165d\n\t0x7ff601139a33\n\t0x7ff601139d3c\n\t0x7ff60118df67\n\t0x7ff60118ac97\n\t0x7ff60112ac29\n\t0x7ff60112ba93\n\t0x7ff601620620\n\t0x7ff60161af60\n\t0x7ff6016396c6\n\t0x7ff601325dd4\n\t0x7ff60132ed7c\n\t0x7ff601311ff4\n\t0x7ff6013121a5\n\t0x7ff6012f7ed2\n\t0x7ffd7983e8d7\n\t0x7ffd7b84c53c\n"}} | headers=HTTPHeaderDict({'Content-Length': '649', 'Content-Type': 'application/json; charset=utf-8', 'cache-control': 'no-cache'})
2026-01-08 20:41:07 [   DEBUG] [remote_connection.py:467] Finished Request
2026-01-08 20:41:07 [   DEBUG] [remote_connection.py:405] POST http://localhost:51854/session/3b7ea9b8ae3b9f898b5332732fa74180/element {'using': 'xpath', 'value': "//div[contains(@class, 'search')]//span[contains(@class, 'clear')]"}
2026-01-08 20:41:07 [   DEBUG] [connectionpool.py:544] http://localhost:51854 "POST /session/3b7ea9b8ae3b9f898b5332732fa74180/element HTTP/1.1" 200 0
2026-01-08 20:41:07 [   DEBUG] [remote_connection.py:438] Remote response: status=200 | data={"value":{"element-6066-11e4-a52e-4f735466cecf":"f.791E0EA8D4C19E44145BFD7D4024DC0E.d.EFE0D926EAA590FEC8C59A08E1B8C9FF.e.11108"}} | headers=HTTPHeaderDict({'Content-Length': '129', 'Content-Type': 'application/json; charset=utf-8', 'cache-control': 'no-cache'})
2026-01-08 20:41:07 [   DEBUG] [remote_connection.py:467] Finished Request
2026-01-08 20:41:07 [   DEBUG] [remote_connection.py:405] POST http://localhost:51854/session/3b7ea9b8ae3b9f898b5332732fa74180/execute/sync {'script': '/* isDisplayed */return (function(){return (function(){var g=this||self;\nfunction aa(a){var b=typeof...', 'args': [{'element-6066-11e4-a52e-4f735466cecf': 'f.791E0EA8D4C19E44145BFD7D4024DC0E.d.EFE0D926EAA590FEC8C59A08E1B8C9FF.e.11108'}]}
2026-01-08 20:41:07 [   DEBUG] [connectionpool.py:544] http://localhost:51854 "POST /session/3b7ea9b8ae3b9f898b5332732fa74180/execute/sync HTTP/1.1" 200 0
2026-01-08 20:41:07 [   DEBUG] [remote_connection.py:438] Remote response: status=200 | data={"value":true} | headers=HTTPHeaderDict({'Content-Length': '14', 'Content-Type': 'application/json; charset=utf-8', 'cache-control': 'no-cache'})
2026-01-08 20:41:07 [   DEBUG] [remote_connection.py:467] Finished Request
2026-01-08 20:41:07 [   DEBUG] [remote_connection.py:405] GET http://localhost:51854/session/3b7ea9b8ae3b9f898b5332732fa74180/element/f.791E0EA8D4C19E44145BFD7D4024DC0E.d.EFE0D926EAA590FEC8C59A08E1B8C9FF.e.11108/enabled {}
2026-01-08 20:41:07 [   DEBUG] [connectionpool.py:544] http://localhost:51854 "GET /session/3b7ea9b8ae3b9f898b5332732fa74180/element/f.791E0EA8D4C19E44145BFD7D4024DC0E.d.EFE0D926EAA590FEC8C59A08E1B8C9FF.e.11108/enabled HTTP/1.1" 200 0
2026-01-08 20:41:07 [   DEBUG] [remote_connection.py:438] Remote response: status=200 | data={"value":true} | headers=HTTPHeaderDict({'Content-Length': '14', 'Content-Type': 'application/json; charset=utf-8', 'cache-control': 'no-cache'})
2026-01-08 20:41:07 [   DEBUG] [remote_connection.py:467] Finished Request
2026-01-08 20:41:07 [   DEBUG] [remote_connection.py:405] POST http://localhost:51854/session/3b7ea9b8ae3b9f898b5332732fa74180/element {'using': 'xpath', 'value': "//div[contains(@class, 'search')]//span[contains(@class, 'clear')]"}
2026-01-08 20:41:07 [   DEBUG] [connectionpool.py:544] http://localhost:51854 "POST /session/3b7ea9b8ae3b9f898b5332732fa74180/element HTTP/1.1" 200 0
2026-01-08 20:41:07 [   DEBUG] [remote_connection.py:438] Remote response: status=200 | data={"value":{"element-6066-11e4-a52e-4f735466cecf":"f.791E0EA8D4C19E44145BFD7D4024DC0E.d.EFE0D926EAA590FEC8C59A08E1B8C9FF.e.11108"}} | headers=HTTPHeaderDict({'Content-Length': '129', 'Content-Type': 'application/json; charset=utf-8', 'cache-control': 'no-cache'})
2026-01-08 20:41:07 [   DEBUG] [remote_connection.py:467] Finished Request
2026-01-08 20:41:07 [   DEBUG] [remote_connection.py:405] POST http://localhost:51854/session/3b7ea9b8ae3b9f898b5332732fa74180/execute/sync {'script': 'arguments[0].scrollIntoView(true);', 'args': [{'element-6066-11e4-a52e-4f735466cecf': 'f.791E0EA8D4C19E44145BFD7D4024DC0E.d.EFE0D926EAA590FEC8C59A08E1B8C9FF.e.11108'}]}
2026-01-08 20:41:07 [   DEBUG] [connectionpool.py:544] http://localhost:51854 "POST /session/3b7ea9b8ae3b9f898b5332732fa74180/execute/sync HTTP/1.1" 200 0
2026-01-08 20:41:07 [   DEBUG] [remote_connection.py:438] Remote response: status=200 | data={"value":null} | headers=HTTPHeaderDict({'Content-Length': '14', 'Content-Type': 'application/json; charset=utf-8', 'cache-control': 'no-cache'})
2026-01-08 20:41:07 [   DEBUG] [remote_connection.py:467] Finished Request
2026-01-08 20:41:07 [   DEBUG] [remote_connection.py:405] POST http://localhost:51854/session/3b7ea9b8ae3b9f898b5332732fa74180/element/f.791E0EA8D4C19E44145BFD7D4024DC0E.d.EFE0D926EAA590FEC8C59A08E1B8C9FF.e.11108/click {}
2026-01-08 20:41:07 [   DEBUG] [connectionpool.py:544] http://localhost:51854 "POST /session/3b7ea9b8ae3b9f898b5332732fa74180/element/f.791E0EA8D4C19E44145BFD7D4024DC0E.d.EFE0D926EAA590FEC8C59A08E1B8C9FF.e.11108/click HTTP/1.1" 200 0
2026-01-08 20:41:07 [   DEBUG] [remote_connection.py:438] Remote response: status=200 | data={"value":null} | headers=HTTPHeaderDict({'Content-Length': '14', 'Content-Type': 'application/json; charset=utf-8', 'cache-control': 'no-cache'})
2026-01-08 20:41:07 [   DEBUG] [remote_connection.py:467] Finished Request
2026-01-08 20:41:08 [   DEBUG] [remote_connection.py:405] POST http://localhost:51854/session/3b7ea9b8ae3b9f898b5332732fa74180/element {'using': 'xpath', 'value': "//div[contains(@class, 'search')]//input"}
2026-01-08 20:41:08 [   DEBUG] [connectionpool.py:544] http://localhost:51854 "POST /session/3b7ea9b8ae3b9f898b5332732fa74180/element HTTP/1.1" 200 0
2026-01-08 20:41:08 [   DEBUG] [remote_connection.py:438] Remote response: status=200 | data={"value":{"element-6066-11e4-a52e-4f735466cecf":"f.791E0EA8D4C19E44145BFD7D4024DC0E.d.EFE0D926EAA590FEC8C59A08E1B8C9FF.e.8510"}} | headers=HTTPHeaderDict({'Content-Length': '128', 'Content-Type': 'application/json; charset=utf-8', 'cache-control': 'no-cache'})
2026-01-08 20:41:08 [   DEBUG] [remote_connection.py:467] Finished Request
2026-01-08 20:41:08 [   DEBUG] [remote_connection.py:405] POST http://localhost:51854/session/3b7ea9b8ae3b9f898b5332732fa74180/execute/sync {'script': '/* getAttribute */return (function(){return (function(){var d=this||self;function f(a,b){function c(...', 'args': [{'element-6066-11e4-a52e-4f735466cecf': 'f.791E0EA8D4C19E44145BFD7D4024DC0E.d.EFE0D926EAA590FEC8C59A08E1B8C9FF.e.8510'}, 'value']}
2026-01-08 20:41:08 [   DEBUG] [connectionpool.py:544] http://localhost:51854 "POST /session/3b7ea9b8ae3b9f898b5332732fa74180/execute/sync HTTP/1.1" 200 0
2026-01-08 20:41:08 [   DEBUG] [remote_connection.py:438] Remote response: status=200 | data={"value":""} | headers=HTTPHeaderDict({'Content-Length': '12', 'Content-Type': 'application/json; charset=utf-8', 'cache-control': 'no-cache'})
2026-01-08 20:41:08 [   DEBUG] [remote_connection.py:467] Finished Request
2026-01-08 20:41:12 [   DEBUG] [remote_connection.py:405] POST http://localhost:51854/session/3b7ea9b8ae3b9f898b5332732fa74180/element {'using': 'xpath', 'value': '//span[contains(text(),"Vehicle")]/parent::div/preceding-sibling::div/div'}
2026-01-08 20:41:12 [   DEBUG] [connectionpool.py:544] http://localhost:51854 "POST /session/3b7ea9b8ae3b9f898b5332732fa74180/element HTTP/1.1" 200 0
2026-01-08 20:41:12 [   DEBUG] [remote_connection.py:438] Remote response: status=200 | data={"value":{"element-6066-11e4-a52e-4f735466cecf":"f.791E0EA8D4C19E44145BFD7D4024DC0E.d.EFE0D926EAA590FEC8C59A08E1B8C9FF.e.11835"}} | headers=HTTPHeaderDict({'Content-Length': '129', 'Content-Type': 'application/json; charset=utf-8', 'cache-control': 'no-cache'})
2026-01-08 20:41:12 [   DEBUG] [remote_connection.py:467] Finished Request
2026-01-08 20:41:12 [   DEBUG] [remote_connection.py:405] GET http://localhost:51854/session/3b7ea9b8ae3b9f898b5332732fa74180/element/f.791E0EA8D4C19E44145BFD7D4024DC0E.d.EFE0D926EAA590FEC8C59A08E1B8C9FF.e.11835/text {}
2026-01-08 20:41:12 [   DEBUG] [connectionpool.py:544] http://localhost:51854 "GET /session/3b7ea9b8ae3b9f898b5332732fa74180/element/f.791E0EA8D4C19E44145BFD7D4024DC0E.d.EFE0D926EAA590FEC8C59A08E1B8C9FF.e.11835/text HTTP/1.1" 200 0
2026-01-08 20:41:12 [   DEBUG] [remote_connection.py:438] Remote response: status=200 | data={"value":"696"} | headers=HTTPHeaderDict({'Content-Length': '15', 'Content-Type': 'application/json; charset=utf-8', 'cache-control': 'no-cache'})
2026-01-08 20:41:12 [   DEBUG] [remote_connection.py:467] Finished Request
2026-01-08 20:41:13 [   DEBUG] [remote_connection.py:405] POST http://localhost:51854/session/3b7ea9b8ae3b9f898b5332732fa74180/element {'using': 'xpath', 'value': '//span[contains(text(),"Vehicle")]/parent::div/preceding-sibling::div/div'}
2026-01-08 20:41:13 [   DEBUG] [connectionpool.py:544] http://localhost:51854 "POST /session/3b7ea9b8ae3b9f898b5332732fa74180/element HTTP/1.1" 200 0
2026-01-08 20:41:13 [   DEBUG] [remote_connection.py:438] Remote response: status=200 | data={"value":{"element-6066-11e4-a52e-4f735466cecf":"f.791E0EA8D4C19E44145BFD7D4024DC0E.d.EFE0D926EAA590FEC8C59A08E1B8C9FF.e.11835"}} | headers=HTTPHeaderDict({'Content-Length': '129', 'Content-Type': 'application/json; charset=utf-8', 'cache-control': 'no-cache'})
2026-01-08 20:41:13 [   DEBUG] [remote_connection.py:467] Finished Request
2026-01-08 20:41:13 [   DEBUG] [remote_connection.py:405] GET http://localhost:51854/session/3b7ea9b8ae3b9f898b5332732fa74180/element/f.791E0EA8D4C19E44145BFD7D4024DC0E.d.EFE0D926EAA590FEC8C59A08E1B8C9FF.e.11835/text {}
2026-01-08 20:41:13 [   DEBUG] [connectionpool.py:544] http://localhost:51854 "GET /session/3b7ea9b8ae3b9f898b5332732fa74180/element/f.791E0EA8D4C19E44145BFD7D4024DC0E.d.EFE0D926EAA590FEC8C59A08E1B8C9FF.e.11835/text HTTP/1.1" 200 0
2026-01-08 20:41:13 [   DEBUG] [remote_connection.py:438] Remote response: status=200 | data={"value":"696"} | headers=HTTPHeaderDict({'Content-Length': '15', 'Content-Type': 'application/json; charset=utf-8', 'cache-control': 'no-cache'})
2026-01-08 20:41:13 [   DEBUG] [remote_connection.py:467] Finished Request
2026-01-08 20:41:13 [   DEBUG] [remote_connection.py:405] POST http://localhost:51854/session/3b7ea9b8ae3b9f898b5332732fa74180/element {'using': 'xpath', 'value': "//div[contains(@class, 'search')]//input"}
2026-01-08 20:41:13 [   DEBUG] [connectionpool.py:544] http://localhost:51854 "POST /session/3b7ea9b8ae3b9f898b5332732fa74180/element HTTP/1.1" 200 0
2026-01-08 20:41:13 [   DEBUG] [remote_connection.py:438] Remote response: status=200 | data={"value":{"element-6066-11e4-a52e-4f735466cecf":"f.791E0EA8D4C19E44145BFD7D4024DC0E.d.EFE0D926EAA590FEC8C59A08E1B8C9FF.e.8510"}} | headers=HTTPHeaderDict({'Content-Length': '128', 'Content-Type': 'application/json; charset=utf-8', 'cache-control': 'no-cache'})
2026-01-08 20:41:13 [   DEBUG] [remote_connection.py:467] Finished Request
2026-01-08 20:41:13 [   DEBUG] [remote_connection.py:405] POST http://localhost:51854/session/3b7ea9b8ae3b9f898b5332732fa74180/execute/sync {'script': '/* getAttribute */return (function(){return (function(){var d=this||self;function f(a,b){function c(...', 'args': [{'element-6066-11e4-a52e-4f735466cecf': 'f.791E0EA8D4C19E44145BFD7D4024DC0E.d.EFE0D926EAA590FEC8C59A08E1B8C9FF.e.8510'}, 'value']}
2026-01-08 20:41:13 [   DEBUG] [connectionpool.py:544] http://localhost:51854 "POST /session/3b7ea9b8ae3b9f898b5332732fa74180/execute/sync HTTP/1.1" 200 0
2026-01-08 20:41:13 [   DEBUG] [remote_connection.py:438] Remote response: status=200 | data={"value":""} | headers=HTTPHeaderDict({'Content-Length': '12', 'Content-Type': 'application/json; charset=utf-8', 'cache-control': 'no-cache'})
2026-01-08 20:41:13 [   DEBUG] [remote_connection.py:467] Finished Request
2026-01-08 20:41:13 [   DEBUG] [connectionpool.py:1049] Starting new HTTPS connection (1): login.lytx.com:443
2026-01-08 20:41:15 [   DEBUG] [connectionpool.py:544] https://login.lytx.com:443 "POST /api/auth/user HTTP/1.1" 200 None
2026-01-08 20:41:17 [   DEBUG] [remote_connection.py:405] POST http://localhost:51854/session/3b7ea9b8ae3b9f898b5332732fa74180/element {'using': 'xpath', 'value': '//span[contains(text(),"Vehicle")]/parent::div/preceding-sibling::div/div'}
2026-01-08 20:41:17 [   DEBUG] [connectionpool.py:544] http://localhost:51854 "POST /session/3b7ea9b8ae3b9f898b5332732fa74180/element HTTP/1.1" 200 0
2026-01-08 20:41:17 [   DEBUG] [remote_connection.py:438] Remote response: status=200 | data={"value":{"element-6066-11e4-a52e-4f735466cecf":"f.791E0EA8D4C19E44145BFD7D4024DC0E.d.EFE0D926EAA590FEC8C59A08E1B8C9FF.e.11835"}} | headers=HTTPHeaderDict({'Content-Length': '129', 'Content-Type': 'application/json; charset=utf-8', 'cache-control': 'no-cache'})
2026-01-08 20:41:17 [   DEBUG] [remote_connection.py:467] Finished Request
2026-01-08 20:41:17 [   DEBUG] [remote_connection.py:405] GET http://localhost:51854/session/3b7ea9b8ae3b9f898b5332732fa74180/element/f.791E0EA8D4C19E44145BFD7D4024DC0E.d.EFE0D926EAA590FEC8C59A08E1B8C9FF.e.11835/text {}
2026-01-08 20:41:17 [   DEBUG] [connectionpool.py:544] http://localhost:51854 "GET /session/3b7ea9b8ae3b9f898b5332732fa74180/element/f.791E0EA8D4C19E44145BFD7D4024DC0E.d.EFE0D926EAA590FEC8C59A08E1B8C9FF.e.11835/text HTTP/1.1" 200 0
2026-01-08 20:41:17 [   DEBUG] [remote_connection.py:438] Remote response: status=200 | data={"value":"696"} | headers=HTTPHeaderDict({'Content-Length': '15', 'Content-Type': 'application/json; charset=utf-8', 'cache-control': 'no-cache'})
2026-01-08 20:41:17 [   DEBUG] [remote_connection.py:467] Finished Request
2026-01-08 20:41:18 [   DEBUG] [remote_connection.py:405] POST http://localhost:51854/session/3b7ea9b8ae3b9f898b5332732fa74180/element {'using': 'xpath', 'value': '//span[contains(text(),"Vehicle")]/parent::div/preceding-sibling::div/div'}
2026-01-08 20:41:18 [   DEBUG] [connectionpool.py:544] http://localhost:51854 "POST /session/3b7ea9b8ae3b9f898b5332732fa74180/element HTTP/1.1" 200 0
2026-01-08 20:41:18 [   DEBUG] [remote_connection.py:438] Remote response: status=200 | data={"value":{"element-6066-11e4-a52e-4f735466cecf":"f.791E0EA8D4C19E44145BFD7D4024DC0E.d.EFE0D926EAA590FEC8C59A08E1B8C9FF.e.11835"}} | headers=HTTPHeaderDict({'Content-Length': '129', 'Content-Type': 'application/json; charset=utf-8', 'cache-control': 'no-cache'})
2026-01-08 20:41:18 [   DEBUG] [remote_connection.py:467] Finished Request
2026-01-08 20:41:18 [   DEBUG] [remote_connection.py:405] GET http://localhost:51854/session/3b7ea9b8ae3b9f898b5332732fa74180/element/f.791E0EA8D4C19E44145BFD7D4024DC0E.d.EFE0D926EAA590FEC8C59A08E1B8C9FF.e.11835/text {}
2026-01-08 20:41:18 [   DEBUG] [connectionpool.py:544] http://localhost:51854 "GET /session/3b7ea9b8ae3b9f898b5332732fa74180/element/f.791E0EA8D4C19E44145BFD7D4024DC0E.d.EFE0D926EAA590FEC8C59A08E1B8C9FF.e.11835/text HTTP/1.1" 200 0
2026-01-08 20:41:18 [   DEBUG] [remote_connection.py:438] Remote response: status=200 | data={"value":"696"} | headers=HTTPHeaderDict({'Content-Length': '15', 'Content-Type': 'application/json; charset=utf-8', 'cache-control': 'no-cache'})
2026-01-08 20:41:18 [   DEBUG] [remote_connection.py:467] Finished Request
2026-01-08 20:41:18 [   DEBUG] [remote_connection.py:405] POST http://localhost:51854/session/3b7ea9b8ae3b9f898b5332732fa74180/element {'using': 'xpath', 'value': '/html/body/app-root/shell/div/div/div/ng-component/div/div/vehicles-list-filter/filter-bar/div/div[2...'}
2026-01-08 20:41:18 [   DEBUG] [connectionpool.py:544] http://localhost:51854 "POST /session/3b7ea9b8ae3b9f898b5332732fa74180/element HTTP/1.1" 200 0
2026-01-08 20:41:18 [   DEBUG] [remote_connection.py:438] Remote response: status=200 | data={"value":{"element-6066-11e4-a52e-4f735466cecf":"f.791E0EA8D4C19E44145BFD7D4024DC0E.d.EFE0D926EAA590FEC8C59A08E1B8C9FF.e.584"}} | headers=HTTPHeaderDict({'Content-Length': '127', 'Content-Type': 'application/json; charset=utf-8', 'cache-control': 'no-cache'})
2026-01-08 20:41:18 [   DEBUG] [remote_connection.py:467] Finished Request
2026-01-08 20:41:18 [   DEBUG] [remote_connection.py:405] POST http://localhost:51854/session/3b7ea9b8ae3b9f898b5332732fa74180/element/f.791E0EA8D4C19E44145BFD7D4024DC0E.d.EFE0D926EAA590FEC8C59A08E1B8C9FF.e.584/click {}
2026-01-08 20:41:18 [   DEBUG] [connectionpool.py:544] http://localhost:51854 "POST /session/3b7ea9b8ae3b9f898b5332732fa74180/element/f.791E0EA8D4C19E44145BFD7D4024DC0E.d.EFE0D926EAA590FEC8C59A08E1B8C9FF.e.584/click HTTP/1.1" 200 0
2026-01-08 20:41:18 [   DEBUG] [remote_connection.py:438] Remote response: status=200 | data={"value":null} | headers=HTTPHeaderDict({'Content-Length': '14', 'Content-Type': 'application/json; charset=utf-8', 'cache-control': 'no-cache'})
2026-01-08 20:41:18 [   DEBUG] [remote_connection.py:467] Finished Request
2026-01-08 20:41:18 [   DEBUG] [remote_connection.py:405] POST http://localhost:51854/session/3b7ea9b8ae3b9f898b5332732fa74180/element {'using': 'xpath', 'value': '/html/body/app-root/shell/div/div/div/ng-component/div/div/vehicles-list-filter/filter-bar/div/div[2...'}
2026-01-08 20:41:18 [   DEBUG] [connectionpool.py:544] http://localhost:51854 "POST /session/3b7ea9b8ae3b9f898b5332732fa74180/element HTTP/1.1" 200 0
2026-01-08 20:41:18 [   DEBUG] [remote_connection.py:438] Remote response: status=200 | data={"value":{"element-6066-11e4-a52e-4f735466cecf":"f.791E0EA8D4C19E44145BFD7D4024DC0E.d.EFE0D926EAA590FEC8C59A08E1B8C9FF.e.657"}} | headers=HTTPHeaderDict({'Content-Length': '127', 'Content-Type': 'application/json; charset=utf-8', 'cache-control': 'no-cache'})
2026-01-08 20:41:18 [   DEBUG] [remote_connection.py:467] Finished Request
2026-01-08 20:41:18 [   DEBUG] [remote_connection.py:405] POST http://localhost:51854/session/3b7ea9b8ae3b9f898b5332732fa74180/element/f.791E0EA8D4C19E44145BFD7D4024DC0E.d.EFE0D926EAA590FEC8C59A08E1B8C9FF.e.657/click {}
2026-01-08 20:41:19 [   DEBUG] [connectionpool.py:544] http://localhost:51854 "POST /session/3b7ea9b8ae3b9f898b5332732fa74180/element/f.791E0EA8D4C19E44145BFD7D4024DC0E.d.EFE0D926EAA590FEC8C59A08E1B8C9FF.e.657/click HTTP/1.1" 200 0
2026-01-08 20:41:19 [   DEBUG] [remote_connection.py:438] Remote response: status=200 | data={"value":null} | headers=HTTPHeaderDict({'Content-Length': '14', 'Content-Type': 'application/json; charset=utf-8', 'cache-control': 'no-cache'})
2026-01-08 20:41:19 [   DEBUG] [remote_connection.py:467] Finished Request
2026-01-08 20:41:19 [   DEBUG] [remote_connection.py:405] POST http://localhost:51854/session/3b7ea9b8ae3b9f898b5332732fa74180/element {'using': 'xpath', 'value': '/html/body/app-root/shell/div/div/div/ng-component/div/div/vehicles-list-filter/filter-bar/div/div[2...'}
2026-01-08 20:41:19 [   DEBUG] [connectionpool.py:544] http://localhost:51854 "POST /session/3b7ea9b8ae3b9f898b5332732fa74180/element HTTP/1.1" 200 0
2026-01-08 20:41:19 [   DEBUG] [remote_connection.py:438] Remote response: status=200 | data={"value":{"element-6066-11e4-a52e-4f735466cecf":"f.791E0EA8D4C19E44145BFD7D4024DC0E.d.EFE0D926EAA590FEC8C59A08E1B8C9FF.e.12578"}} | headers=HTTPHeaderDict({'Content-Length': '129', 'Content-Type': 'application/json; charset=utf-8', 'cache-control': 'no-cache'})
2026-01-08 20:41:19 [   DEBUG] [remote_connection.py:467] Finished Request
2026-01-08 20:41:19 [   DEBUG] [remote_connection.py:405] POST http://localhost:51854/session/3b7ea9b8ae3b9f898b5332732fa74180/element/f.791E0EA8D4C19E44145BFD7D4024DC0E.d.EFE0D926EAA590FEC8C59A08E1B8C9FF.e.12578/value {'text': 'QM408', 'value': ['Q', 'M', '4', '0', '8']}
2026-01-08 20:41:19 [   DEBUG] [connectionpool.py:544] http://localhost:51854 "POST /session/3b7ea9b8ae3b9f898b5332732fa74180/element/f.791E0EA8D4C19E44145BFD7D4024DC0E.d.EFE0D926EAA590FEC8C59A08E1B8C9FF.e.12578/value HTTP/1.1" 200 0
2026-01-08 20:41:19 [   DEBUG] [remote_connection.py:438] Remote response: status=200 | data={"value":null} | headers=HTTPHeaderDict({'Content-Length': '14', 'Content-Type': 'application/json; charset=utf-8', 'cache-control': 'no-cache'})
2026-01-08 20:41:19 [   DEBUG] [remote_connection.py:467] Finished Request
2026-01-08 20:41:19 [   DEBUG] [remote_connection.py:405] POST http://localhost:51854/session/3b7ea9b8ae3b9f898b5332732fa74180/element {'using': 'xpath', 'value': '/html/body/app-root/shell/div/div/div/ng-component/div/div/vehicles-list-filter/filter-bar/div/div[2...'}
2026-01-08 20:41:19 [   DEBUG] [connectionpool.py:544] http://localhost:51854 "POST /session/3b7ea9b8ae3b9f898b5332732fa74180/element HTTP/1.1" 200 0
2026-01-08 20:41:19 [   DEBUG] [remote_connection.py:438] Remote response: status=200 | data={"value":{"element-6066-11e4-a52e-4f735466cecf":"f.791E0EA8D4C19E44145BFD7D4024DC0E.d.EFE0D926EAA590FEC8C59A08E1B8C9FF.e.12578"}} | headers=HTTPHeaderDict({'Content-Length': '129', 'Content-Type': 'application/json; charset=utf-8', 'cache-control': 'no-cache'})
2026-01-08 20:41:19 [   DEBUG] [remote_connection.py:467] Finished Request
2026-01-08 20:41:19 [   DEBUG] [remote_connection.py:405] POST http://localhost:51854/session/3b7ea9b8ae3b9f898b5332732fa74180/element/f.791E0EA8D4C19E44145BFD7D4024DC0E.d.EFE0D926EAA590FEC8C59A08E1B8C9FF.e.12578/value {'text': '\ue007', 'value': ['\ue007']}
2026-01-08 20:41:19 [   DEBUG] [connectionpool.py:544] http://localhost:51854 "POST /session/3b7ea9b8ae3b9f898b5332732fa74180/element/f.791E0EA8D4C19E44145BFD7D4024DC0E.d.EFE0D926EAA590FEC8C59A08E1B8C9FF.e.12578/value HTTP/1.1" 200 0
2026-01-08 20:41:19 [   DEBUG] [remote_connection.py:438] Remote response: status=200 | data={"value":null} | headers=HTTPHeaderDict({'Content-Length': '14', 'Content-Type': 'application/json; charset=utf-8', 'cache-control': 'no-cache'})
2026-01-08 20:41:19 [   DEBUG] [remote_connection.py:467] Finished Request
2026-01-08 20:41:23 [   DEBUG] [remote_connection.py:405] POST http://localhost:51854/session/3b7ea9b8ae3b9f898b5332732fa74180/element {'using': 'xpath', 'value': '//span[contains(text(),"Vehicle")]/parent::div/preceding-sibling::div/div'}
2026-01-08 20:41:23 [   DEBUG] [connectionpool.py:544] http://localhost:51854 "POST /session/3b7ea9b8ae3b9f898b5332732fa74180/element HTTP/1.1" 200 0
2026-01-08 20:41:23 [   DEBUG] [remote_connection.py:438] Remote response: status=200 | data={"value":{"element-6066-11e4-a52e-4f735466cecf":"f.791E0EA8D4C19E44145BFD7D4024DC0E.d.EFE0D926EAA590FEC8C59A08E1B8C9FF.e.12638"}} | headers=HTTPHeaderDict({'Content-Length': '129', 'Content-Type': 'application/json; charset=utf-8', 'cache-control': 'no-cache'})
2026-01-08 20:41:23 [   DEBUG] [remote_connection.py:467] Finished Request
2026-01-08 20:41:23 [   DEBUG] [remote_connection.py:405] GET http://localhost:51854/session/3b7ea9b8ae3b9f898b5332732fa74180/element/f.791E0EA8D4C19E44145BFD7D4024DC0E.d.EFE0D926EAA590FEC8C59A08E1B8C9FF.e.12638/text {}
2026-01-08 20:41:23 [   DEBUG] [connectionpool.py:544] http://localhost:51854 "GET /session/3b7ea9b8ae3b9f898b5332732fa74180/element/f.791E0EA8D4C19E44145BFD7D4024DC0E.d.EFE0D926EAA590FEC8C59A08E1B8C9FF.e.12638/text HTTP/1.1" 200 0
2026-01-08 20:41:23 [   DEBUG] [remote_connection.py:438] Remote response: status=200 | data={"value":"54"} | headers=HTTPHeaderDict({'Content-Length': '14', 'Content-Type': 'application/json; charset=utf-8', 'cache-control': 'no-cache'})
2026-01-08 20:41:23 [   DEBUG] [remote_connection.py:467] Finished Request
2026-01-08 20:41:24 [   DEBUG] [remote_connection.py:405] POST http://localhost:51854/session/3b7ea9b8ae3b9f898b5332732fa74180/element {'using': 'xpath', 'value': '//span[contains(text(),"Vehicle")]/parent::div/preceding-sibling::div/div'}
2026-01-08 20:41:24 [   DEBUG] [connectionpool.py:544] http://localhost:51854 "POST /session/3b7ea9b8ae3b9f898b5332732fa74180/element HTTP/1.1" 200 0
2026-01-08 20:41:24 [   DEBUG] [remote_connection.py:438] Remote response: status=200 | data={"value":{"element-6066-11e4-a52e-4f735466cecf":"f.791E0EA8D4C19E44145BFD7D4024DC0E.d.EFE0D926EAA590FEC8C59A08E1B8C9FF.e.12638"}} | headers=HTTPHeaderDict({'Content-Length': '129', 'Content-Type': 'application/json; charset=utf-8', 'cache-control': 'no-cache'})
2026-01-08 20:41:24 [   DEBUG] [remote_connection.py:467] Finished Request
2026-01-08 20:41:24 [   DEBUG] [remote_connection.py:405] GET http://localhost:51854/session/3b7ea9b8ae3b9f898b5332732fa74180/element/f.791E0EA8D4C19E44145BFD7D4024DC0E.d.EFE0D926EAA590FEC8C59A08E1B8C9FF.e.12638/text {}
2026-01-08 20:41:24 [   DEBUG] [connectionpool.py:544] http://localhost:51854 "GET /session/3b7ea9b8ae3b9f898b5332732fa74180/element/f.791E0EA8D4C19E44145BFD7D4024DC0E.d.EFE0D926EAA590FEC8C59A08E1B8C9FF.e.12638/text HTTP/1.1" 200 0
2026-01-08 20:41:24 [   DEBUG] [remote_connection.py:438] Remote response: status=200 | data={"value":"54"} | headers=HTTPHeaderDict({'Content-Length': '14', 'Content-Type': 'application/json; charset=utf-8', 'cache-control': 'no-cache'})
2026-01-08 20:41:24 [   DEBUG] [remote_connection.py:467] Finished Request
2026-01-08 20:41:24 [   DEBUG] [connectionpool.py:1049] Starting new HTTPS connection (1): api.aws.drivecam.net:443
2026-01-08 20:41:26 [   DEBUG] [connectionpool.py:544] https://api.aws.drivecam.net:443 "POST /api/videosearch-api/devices HTTP/1.1" 200 None
2026-01-08 20:41:26 [   DEBUG] [remote_connection.py:405] POST http://localhost:51854/session/3b7ea9b8ae3b9f898b5332732fa74180/element {'using': 'xpath', 'value': "//div[contains(@class, 'search')]//input"}
2026-01-08 20:41:26 [   DEBUG] [connectionpool.py:544] http://localhost:51854 "POST /session/3b7ea9b8ae3b9f898b5332732fa74180/element HTTP/1.1" 200 0
2026-01-08 20:41:26 [   DEBUG] [remote_connection.py:438] Remote response: status=200 | data={"value":{"element-6066-11e4-a52e-4f735466cecf":"f.791E0EA8D4C19E44145BFD7D4024DC0E.d.EFE0D926EAA590FEC8C59A08E1B8C9FF.e.12578"}} | headers=HTTPHeaderDict({'Content-Length': '129', 'Content-Type': 'application/json; charset=utf-8', 'cache-control': 'no-cache'})
2026-01-08 20:41:26 [   DEBUG] [remote_connection.py:467] Finished Request
2026-01-08 20:41:26 [   DEBUG] [remote_connection.py:405] POST http://localhost:51854/session/3b7ea9b8ae3b9f898b5332732fa74180/execute/sync {'script': '/* getAttribute */return (function(){return (function(){var d=this||self;function f(a,b){function c(...', 'args': [{'element-6066-11e4-a52e-4f735466cecf': 'f.791E0EA8D4C19E44145BFD7D4024DC0E.d.EFE0D926EAA590FEC8C59A08E1B8C9FF.e.12578'}, 'value']}
2026-01-08 20:41:26 [   DEBUG] [connectionpool.py:544] http://localhost:51854 "POST /session/3b7ea9b8ae3b9f898b5332732fa74180/execute/sync HTTP/1.1" 200 0
2026-01-08 20:41:26 [   DEBUG] [remote_connection.py:438] Remote response: status=200 | data={"value":"QM408"} | headers=HTTPHeaderDict({'Content-Length': '17', 'Content-Type': 'application/json; charset=utf-8', 'cache-control': 'no-cache'})
2026-01-08 20:41:26 [   DEBUG] [remote_connection.py:467] Finished Request
2026-01-08 20:41:26 [   DEBUG] [remote_connection.py:405] POST http://localhost:51854/session/3b7ea9b8ae3b9f898b5332732fa74180/element {'using': 'xpath', 'value': "//div[contains(@class, 'search')]//span[contains(@class, 'clear-search-icon')]"}
2026-01-08 20:41:36 [   DEBUG] [connectionpool.py:544] http://localhost:51854 "POST /session/3b7ea9b8ae3b9f898b5332732fa74180/element HTTP/1.1" 404 0
2026-01-08 20:41:36 [   DEBUG] [remote_connection.py:438] Remote response: status=404 | data={"value":{"error":"no such element","message":"no such element: Unable to locate element: {\"method\":\"xpath\",\"selector\":\"//div[contains(@class, 'search')]//span[contains(@class, 'clear-search-icon')]\"}\n  (Session info: chrome=143.0.7499.170)","stacktrace":"Symbols not available. Dumping unresolved backtrace:\n\t0x7ff6013088d5\n\t0x7ff601308930\n\t0x7ff6010e165d\n\t0x7ff601139a33\n\t0x7ff601139d3c\n\t0x7ff60118df67\n\t0x7ff60118ac97\n\t0x7ff60112ac29\n\t0x7ff60112ba93\n\t0x7ff601620620\n\t0x7ff60161af60\n\t0x7ff6016396c6\n\t0x7ff601325dd4\n\t0x7ff60132ed7c\n\t0x7ff601311ff4\n\t0x7ff6013121a5\n\t0x7ff6012f7ed2\n\t0x7ffd7983e8d7\n\t0x7ffd7b84c53c\n"}} | headers=HTTPHeaderDict({'Content-Length': '664', 'Content-Type': 'application/json; charset=utf-8', 'cache-control': 'no-cache'})
2026-01-08 20:41:36 [   DEBUG] [remote_connection.py:467] Finished Request
2026-01-08 20:41:36 [   DEBUG] [remote_connection.py:405] POST http://localhost:51854/session/3b7ea9b8ae3b9f898b5332732fa74180/element {'using': 'xpath', 'value': "//div[contains(@class, 'search')]//i[contains(@class, 'clear')]"}
2026-01-08 20:41:46 [   DEBUG] [connectionpool.py:544] http://localhost:51854 "POST /session/3b7ea9b8ae3b9f898b5332732fa74180/element HTTP/1.1" 404 0
2026-01-08 20:41:46 [   DEBUG] [remote_connection.py:438] Remote response: status=404 | data={"value":{"error":"no such element","message":"no such element: Unable to locate element: {\"method\":\"xpath\",\"selector\":\"//div[contains(@class, 'search')]//i[contains(@class, 'clear')]\"}\n  (Session info: chrome=143.0.7499.170)","stacktrace":"Symbols not available. Dumping unresolved backtrace:\n\t0x7ff6013088d5\n\t0x7ff601308930\n\t0x7ff6010e165d\n\t0x7ff601139a33\n\t0x7ff601139d3c\n\t0x7ff60118df67\n\t0x7ff60118ac97\n\t0x7ff60112ac29\n\t0x7ff60112ba93\n\t0x7ff601620620\n\t0x7ff60161af60\n\t0x7ff6016396c6\n\t0x7ff601325dd4\n\t0x7ff60132ed7c\n\t0x7ff601311ff4\n\t0x7ff6013121a5\n\t0x7ff6012f7ed2\n\t0x7ffd7983e8d7\n\t0x7ffd7b84c53c\n"}} | headers=HTTPHeaderDict({'Content-Length': '649', 'Content-Type': 'application/json; charset=utf-8', 'cache-control': 'no-cache'})
2026-01-08 20:41:46 [   DEBUG] [remote_connection.py:467] Finished Request
2026-01-08 20:41:46 [   DEBUG] [remote_connection.py:405] POST http://localhost:51854/session/3b7ea9b8ae3b9f898b5332732fa74180/element {'using': 'xpath', 'value': "//div[contains(@class, 'search')]//span[contains(@class, 'clear')]"}
2026-01-08 20:41:46 [   DEBUG] [connectionpool.py:544] http://localhost:51854 "POST /session/3b7ea9b8ae3b9f898b5332732fa74180/element HTTP/1.1" 200 0
2026-01-08 20:41:46 [   DEBUG] [remote_connection.py:438] Remote response: status=200 | data={"value":{"element-6066-11e4-a52e-4f735466cecf":"f.791E0EA8D4C19E44145BFD7D4024DC0E.d.EFE0D926EAA590FEC8C59A08E1B8C9FF.e.12592"}} | headers=HTTPHeaderDict({'Content-Length': '129', 'Content-Type': 'application/json; charset=utf-8', 'cache-control': 'no-cache'})
2026-01-08 20:41:46 [   DEBUG] [remote_connection.py:467] Finished Request
2026-01-08 20:41:46 [   DEBUG] [remote_connection.py:405] POST http://localhost:51854/session/3b7ea9b8ae3b9f898b5332732fa74180/execute/sync {'script': '/* isDisplayed */return (function(){return (function(){var g=this||self;\nfunction aa(a){var b=typeof...', 'args': [{'element-6066-11e4-a52e-4f735466cecf': 'f.791E0EA8D4C19E44145BFD7D4024DC0E.d.EFE0D926EAA590FEC8C59A08E1B8C9FF.e.12592'}]}
2026-01-08 20:41:46 [   DEBUG] [connectionpool.py:544] http://localhost:51854 "POST /session/3b7ea9b8ae3b9f898b5332732fa74180/execute/sync HTTP/1.1" 200 0
2026-01-08 20:41:46 [   DEBUG] [remote_connection.py:438] Remote response: status=200 | data={"value":true} | headers=HTTPHeaderDict({'Content-Length': '14', 'Content-Type': 'application/json; charset=utf-8', 'cache-control': 'no-cache'})
2026-01-08 20:41:46 [   DEBUG] [remote_connection.py:467] Finished Request
2026-01-08 20:41:46 [   DEBUG] [remote_connection.py:405] GET http://localhost:51854/session/3b7ea9b8ae3b9f898b5332732fa74180/element/f.791E0EA8D4C19E44145BFD7D4024DC0E.d.EFE0D926EAA590FEC8C59A08E1B8C9FF.e.12592/enabled {}
2026-01-08 20:41:46 [   DEBUG] [connectionpool.py:544] http://localhost:51854 "GET /session/3b7ea9b8ae3b9f898b5332732fa74180/element/f.791E0EA8D4C19E44145BFD7D4024DC0E.d.EFE0D926EAA590FEC8C59A08E1B8C9FF.e.12592/enabled HTTP/1.1" 200 0
2026-01-08 20:41:46 [   DEBUG] [remote_connection.py:438] Remote response: status=200 | data={"value":true} | headers=HTTPHeaderDict({'Content-Length': '14', 'Content-Type': 'application/json; charset=utf-8', 'cache-control': 'no-cache'})
2026-01-08 20:41:46 [   DEBUG] [remote_connection.py:467] Finished Request
2026-01-08 20:41:46 [   DEBUG] [remote_connection.py:405] POST http://localhost:51854/session/3b7ea9b8ae3b9f898b5332732fa74180/element {'using': 'xpath', 'value': "//div[contains(@class, 'search')]//span[contains(@class, 'clear')]"}
2026-01-08 20:41:46 [   DEBUG] [connectionpool.py:544] http://localhost:51854 "POST /session/3b7ea9b8ae3b9f898b5332732fa74180/element HTTP/1.1" 200 0
2026-01-08 20:41:46 [   DEBUG] [remote_connection.py:438] Remote response: status=200 | data={"value":{"element-6066-11e4-a52e-4f735466cecf":"f.791E0EA8D4C19E44145BFD7D4024DC0E.d.EFE0D926EAA590FEC8C59A08E1B8C9FF.e.12592"}} | headers=HTTPHeaderDict({'Content-Length': '129', 'Content-Type': 'application/json; charset=utf-8', 'cache-control': 'no-cache'})
2026-01-08 20:41:46 [   DEBUG] [remote_connection.py:467] Finished Request
2026-01-08 20:41:46 [   DEBUG] [remote_connection.py:405] POST http://localhost:51854/session/3b7ea9b8ae3b9f898b5332732fa74180/execute/sync {'script': 'arguments[0].scrollIntoView(true);', 'args': [{'element-6066-11e4-a52e-4f735466cecf': 'f.791E0EA8D4C19E44145BFD7D4024DC0E.d.EFE0D926EAA590FEC8C59A08E1B8C9FF.e.12592'}]}
2026-01-08 20:41:46 [   DEBUG] [connectionpool.py:544] http://localhost:51854 "POST /session/3b7ea9b8ae3b9f898b5332732fa74180/execute/sync HTTP/1.1" 200 0
2026-01-08 20:41:46 [   DEBUG] [remote_connection.py:438] Remote response: status=200 | data={"value":null} | headers=HTTPHeaderDict({'Content-Length': '14', 'Content-Type': 'application/json; charset=utf-8', 'cache-control': 'no-cache'})
2026-01-08 20:41:46 [   DEBUG] [remote_connection.py:467] Finished Request
2026-01-08 20:41:46 [   DEBUG] [remote_connection.py:405] POST http://localhost:51854/session/3b7ea9b8ae3b9f898b5332732fa74180/element/f.791E0EA8D4C19E44145BFD7D4024DC0E.d.EFE0D926EAA590FEC8C59A08E1B8C9FF.e.12592/click {}
2026-01-08 20:41:46 [   DEBUG] [connectionpool.py:544] http://localhost:51854 "POST /session/3b7ea9b8ae3b9f898b5332732fa74180/element/f.791E0EA8D4C19E44145BFD7D4024DC0E.d.EFE0D926EAA590FEC8C59A08E1B8C9FF.e.12592/click HTTP/1.1" 200 0
2026-01-08 20:41:46 [   DEBUG] [remote_connection.py:438] Remote response: status=200 | data={"value":null} | headers=HTTPHeaderDict({'Content-Length': '14', 'Content-Type': 'application/json; charset=utf-8', 'cache-control': 'no-cache'})
2026-01-08 20:41:46 [   DEBUG] [remote_connection.py:467] Finished Request
2026-01-08 20:41:47 [   DEBUG] [remote_connection.py:405] POST http://localhost:51854/session/3b7ea9b8ae3b9f898b5332732fa74180/element {'using': 'xpath', 'value': "//div[contains(@class, 'search')]//input"}
2026-01-08 20:41:47 [   DEBUG] [connectionpool.py:544] http://localhost:51854 "POST /session/3b7ea9b8ae3b9f898b5332732fa74180/element HTTP/1.1" 200 0
2026-01-08 20:41:47 [   DEBUG] [remote_connection.py:438] Remote response: status=200 | data={"value":{"element-6066-11e4-a52e-4f735466cecf":"f.791E0EA8D4C19E44145BFD7D4024DC0E.d.EFE0D926EAA590FEC8C59A08E1B8C9FF.e.12578"}} | headers=HTTPHeaderDict({'Content-Length': '129', 'Content-Type': 'application/json; charset=utf-8', 'cache-control': 'no-cache'})
2026-01-08 20:41:47 [   DEBUG] [remote_connection.py:467] Finished Request
2026-01-08 20:41:47 [   DEBUG] [remote_connection.py:405] POST http://localhost:51854/session/3b7ea9b8ae3b9f898b5332732fa74180/execute/sync {'script': '/* getAttribute */return (function(){return (function(){var d=this||self;function f(a,b){function c(...', 'args': [{'element-6066-11e4-a52e-4f735466cecf': 'f.791E0EA8D4C19E44145BFD7D4024DC0E.d.EFE0D926EAA590FEC8C59A08E1B8C9FF.e.12578'}, 'value']}
2026-01-08 20:41:47 [   DEBUG] [connectionpool.py:544] http://localhost:51854 "POST /session/3b7ea9b8ae3b9f898b5332732fa74180/execute/sync HTTP/1.1" 200 0
2026-01-08 20:41:47 [   DEBUG] [remote_connection.py:438] Remote response: status=200 | data={"value":""} | headers=HTTPHeaderDict({'Content-Length': '12', 'Content-Type': 'application/json; charset=utf-8', 'cache-control': 'no-cache'})
2026-01-08 20:41:47 [   DEBUG] [remote_connection.py:467] Finished Request
2026-01-08 20:41:51 [   DEBUG] [remote_connection.py:405] POST http://localhost:51854/session/3b7ea9b8ae3b9f898b5332732fa74180/element {'using': 'xpath', 'value': '//span[contains(text(),"Vehicle")]/parent::div/preceding-sibling::div/div'}
2026-01-08 20:41:51 [   DEBUG] [connectionpool.py:544] http://localhost:51854 "POST /session/3b7ea9b8ae3b9f898b5332732fa74180/element HTTP/1.1" 200 0
2026-01-08 20:41:51 [   DEBUG] [remote_connection.py:438] Remote response: status=200 | data={"value":{"element-6066-11e4-a52e-4f735466cecf":"f.791E0EA8D4C19E44145BFD7D4024DC0E.d.EFE0D926EAA590FEC8C59A08E1B8C9FF.e.13930"}} | headers=HTTPHeaderDict({'Content-Length': '129', 'Content-Type': 'application/json; charset=utf-8', 'cache-control': 'no-cache'})
2026-01-08 20:41:51 [   DEBUG] [remote_connection.py:467] Finished Request
2026-01-08 20:41:51 [   DEBUG] [remote_connection.py:405] GET http://localhost:51854/session/3b7ea9b8ae3b9f898b5332732fa74180/element/f.791E0EA8D4C19E44145BFD7D4024DC0E.d.EFE0D926EAA590FEC8C59A08E1B8C9FF.e.13930/text {}
2026-01-08 20:41:51 [   DEBUG] [connectionpool.py:544] http://localhost:51854 "GET /session/3b7ea9b8ae3b9f898b5332732fa74180/element/f.791E0EA8D4C19E44145BFD7D4024DC0E.d.EFE0D926EAA590FEC8C59A08E1B8C9FF.e.13930/text HTTP/1.1" 200 0
2026-01-08 20:41:51 [   DEBUG] [remote_connection.py:438] Remote response: status=200 | data={"value":"696"} | headers=HTTPHeaderDict({'Content-Length': '15', 'Content-Type': 'application/json; charset=utf-8', 'cache-control': 'no-cache'})
2026-01-08 20:41:51 [   DEBUG] [remote_connection.py:467] Finished Request
2026-01-08 20:41:52 [   DEBUG] [remote_connection.py:405] POST http://localhost:51854/session/3b7ea9b8ae3b9f898b5332732fa74180/element {'using': 'xpath', 'value': '//span[contains(text(),"Vehicle")]/parent::div/preceding-sibling::div/div'}
2026-01-08 20:41:52 [   DEBUG] [connectionpool.py:544] http://localhost:51854 "POST /session/3b7ea9b8ae3b9f898b5332732fa74180/element HTTP/1.1" 200 0
2026-01-08 20:41:52 [   DEBUG] [remote_connection.py:438] Remote response: status=200 | data={"value":{"element-6066-11e4-a52e-4f735466cecf":"f.791E0EA8D4C19E44145BFD7D4024DC0E.d.EFE0D926EAA590FEC8C59A08E1B8C9FF.e.13930"}} | headers=HTTPHeaderDict({'Content-Length': '129', 'Content-Type': 'application/json; charset=utf-8', 'cache-control': 'no-cache'})
2026-01-08 20:41:52 [   DEBUG] [remote_connection.py:467] Finished Request
2026-01-08 20:41:52 [   DEBUG] [remote_connection.py:405] GET http://localhost:51854/session/3b7ea9b8ae3b9f898b5332732fa74180/element/f.791E0EA8D4C19E44145BFD7D4024DC0E.d.EFE0D926EAA590FEC8C59A08E1B8C9FF.e.13930/text {}
2026-01-08 20:41:52 [   DEBUG] [connectionpool.py:544] http://localhost:51854 "GET /session/3b7ea9b8ae3b9f898b5332732fa74180/element/f.791E0EA8D4C19E44145BFD7D4024DC0E.d.EFE0D926EAA590FEC8C59A08E1B8C9FF.e.13930/text HTTP/1.1" 200 0
2026-01-08 20:41:52 [   DEBUG] [remote_connection.py:438] Remote response: status=200 | data={"value":"696"} | headers=HTTPHeaderDict({'Content-Length': '15', 'Content-Type': 'application/json; charset=utf-8', 'cache-control': 'no-cache'})
2026-01-08 20:41:52 [   DEBUG] [remote_connection.py:467] Finished Request
2026-01-08 20:41:52 [   DEBUG] [remote_connection.py:405] POST http://localhost:51854/session/3b7ea9b8ae3b9f898b5332732fa74180/element {'using': 'xpath', 'value': "//div[contains(@class, 'search')]//input"}
2026-01-08 20:41:52 [   DEBUG] [connectionpool.py:544] http://localhost:51854 "POST /session/3b7ea9b8ae3b9f898b5332732fa74180/element HTTP/1.1" 200 0
2026-01-08 20:41:52 [   DEBUG] [remote_connection.py:438] Remote response: status=200 | data={"value":{"element-6066-11e4-a52e-4f735466cecf":"f.791E0EA8D4C19E44145BFD7D4024DC0E.d.EFE0D926EAA590FEC8C59A08E1B8C9FF.e.12578"}} | headers=HTTPHeaderDict({'Content-Length': '129', 'Content-Type': 'application/json; charset=utf-8', 'cache-control': 'no-cache'})
2026-01-08 20:41:52 [   DEBUG] [remote_connection.py:467] Finished Request
2026-01-08 20:41:52 [   DEBUG] [remote_connection.py:405] POST http://localhost:51854/session/3b7ea9b8ae3b9f898b5332732fa74180/execute/sync {'script': '/* getAttribute */return (function(){return (function(){var d=this||self;function f(a,b){function c(...', 'args': [{'element-6066-11e4-a52e-4f735466cecf': 'f.791E0EA8D4C19E44145BFD7D4024DC0E.d.EFE0D926EAA590FEC8C59A08E1B8C9FF.e.12578'}, 'value']}
2026-01-08 20:41:52 [   DEBUG] [connectionpool.py:544] http://localhost:51854 "POST /session/3b7ea9b8ae3b9f898b5332732fa74180/execute/sync HTTP/1.1" 200 0
2026-01-08 20:41:52 [   DEBUG] [remote_connection.py:438] Remote response: status=200 | data={"value":""} | headers=HTTPHeaderDict({'Content-Length': '12', 'Content-Type': 'application/json; charset=utf-8', 'cache-control': 'no-cache'})
2026-01-08 20:41:52 [   DEBUG] [remote_connection.py:467] Finished Request
2026-01-08 20:41:52 [   DEBUG] [connectionpool.py:1049] Starting new HTTPS connection (1): login.lytx.com:443
2026-01-08 20:41:55 [   DEBUG] [connectionpool.py:544] https://login.lytx.com:443 "POST /api/auth/user HTTP/1.1" 200 None
2026-01-08 20:41:57 [   DEBUG] [remote_connection.py:405] POST http://localhost:51854/session/3b7ea9b8ae3b9f898b5332732fa74180/element {'using': 'xpath', 'value': '//span[contains(text(),"Vehicle")]/parent::div/preceding-sibling::div/div'}
2026-01-08 20:41:57 [   DEBUG] [connectionpool.py:544] http://localhost:51854 "POST /session/3b7ea9b8ae3b9f898b5332732fa74180/element HTTP/1.1" 200 0
2026-01-08 20:41:57 [   DEBUG] [remote_connection.py:438] Remote response: status=200 | data={"value":{"element-6066-11e4-a52e-4f735466cecf":"f.791E0EA8D4C19E44145BFD7D4024DC0E.d.EFE0D926EAA590FEC8C59A08E1B8C9FF.e.13930"}} | headers=HTTPHeaderDict({'Content-Length': '129', 'Content-Type': 'application/json; charset=utf-8', 'cache-control': 'no-cache'})
2026-01-08 20:41:57 [   DEBUG] [remote_connection.py:467] Finished Request
2026-01-08 20:41:57 [   DEBUG] [remote_connection.py:405] GET http://localhost:51854/session/3b7ea9b8ae3b9f898b5332732fa74180/element/f.791E0EA8D4C19E44145BFD7D4024DC0E.d.EFE0D926EAA590FEC8C59A08E1B8C9FF.e.13930/text {}
2026-01-08 20:41:57 [   DEBUG] [connectionpool.py:544] http://localhost:51854 "GET /session/3b7ea9b8ae3b9f898b5332732fa74180/element/f.791E0EA8D4C19E44145BFD7D4024DC0E.d.EFE0D926EAA590FEC8C59A08E1B8C9FF.e.13930/text HTTP/1.1" 200 0
2026-01-08 20:41:57 [   DEBUG] [remote_connection.py:438] Remote response: status=200 | data={"value":"696"} | headers=HTTPHeaderDict({'Content-Length': '15', 'Content-Type': 'application/json; charset=utf-8', 'cache-control': 'no-cache'})
2026-01-08 20:41:57 [   DEBUG] [remote_connection.py:467] Finished Request
2026-01-08 20:41:58 [   DEBUG] [remote_connection.py:405] POST http://localhost:51854/session/3b7ea9b8ae3b9f898b5332732fa74180/element {'using': 'xpath', 'value': '//span[contains(text(),"Vehicle")]/parent::div/preceding-sibling::div/div'}
2026-01-08 20:41:58 [   DEBUG] [connectionpool.py:544] http://localhost:51854 "POST /session/3b7ea9b8ae3b9f898b5332732fa74180/element HTTP/1.1" 200 0
2026-01-08 20:41:58 [   DEBUG] [remote_connection.py:438] Remote response: status=200 | data={"value":{"element-6066-11e4-a52e-4f735466cecf":"f.791E0EA8D4C19E44145BFD7D4024DC0E.d.EFE0D926EAA590FEC8C59A08E1B8C9FF.e.13930"}} | headers=HTTPHeaderDict({'Content-Length': '129', 'Content-Type': 'application/json; charset=utf-8', 'cache-control': 'no-cache'})
2026-01-08 20:41:58 [   DEBUG] [remote_connection.py:467] Finished Request
2026-01-08 20:41:58 [   DEBUG] [remote_connection.py:405] GET http://localhost:51854/session/3b7ea9b8ae3b9f898b5332732fa74180/element/f.791E0EA8D4C19E44145BFD7D4024DC0E.d.EFE0D926EAA590FEC8C59A08E1B8C9FF.e.13930/text {}
2026-01-08 20:41:58 [   DEBUG] [connectionpool.py:544] http://localhost:51854 "GET /session/3b7ea9b8ae3b9f898b5332732fa74180/element/f.791E0EA8D4C19E44145BFD7D4024DC0E.d.EFE0D926EAA590FEC8C59A08E1B8C9FF.e.13930/text HTTP/1.1" 200 0
2026-01-08 20:41:58 [   DEBUG] [remote_connection.py:438] Remote response: status=200 | data={"value":"696"} | headers=HTTPHeaderDict({'Content-Length': '15', 'Content-Type': 'application/json; charset=utf-8', 'cache-control': 'no-cache'})
2026-01-08 20:41:58 [   DEBUG] [remote_connection.py:467] Finished Request
2026-01-08 20:41:58 [   DEBUG] [remote_connection.py:405] POST http://localhost:51854/session/3b7ea9b8ae3b9f898b5332732fa74180/element {'using': 'xpath', 'value': '/html/body/app-root/shell/div/div/div/ng-component/div/div/vehicles-list-filter/filter-bar/div/div[2...'}
2026-01-08 20:41:58 [   DEBUG] [connectionpool.py:544] http://localhost:51854 "POST /session/3b7ea9b8ae3b9f898b5332732fa74180/element HTTP/1.1" 200 0
2026-01-08 20:41:58 [   DEBUG] [remote_connection.py:438] Remote response: status=200 | data={"value":{"element-6066-11e4-a52e-4f735466cecf":"f.791E0EA8D4C19E44145BFD7D4024DC0E.d.EFE0D926EAA590FEC8C59A08E1B8C9FF.e.584"}} | headers=HTTPHeaderDict({'Content-Length': '127', 'Content-Type': 'application/json; charset=utf-8', 'cache-control': 'no-cache'})
2026-01-08 20:41:58 [   DEBUG] [remote_connection.py:467] Finished Request
2026-01-08 20:41:58 [   DEBUG] [remote_connection.py:405] POST http://localhost:51854/session/3b7ea9b8ae3b9f898b5332732fa74180/element/f.791E0EA8D4C19E44145BFD7D4024DC0E.d.EFE0D926EAA590FEC8C59A08E1B8C9FF.e.584/click {}
2026-01-08 20:41:58 [   DEBUG] [connectionpool.py:544] http://localhost:51854 "POST /session/3b7ea9b8ae3b9f898b5332732fa74180/element/f.791E0EA8D4C19E44145BFD7D4024DC0E.d.EFE0D926EAA590FEC8C59A08E1B8C9FF.e.584/click HTTP/1.1" 200 0
2026-01-08 20:41:58 [   DEBUG] [remote_connection.py:438] Remote response: status=200 | data={"value":null} | headers=HTTPHeaderDict({'Content-Length': '14', 'Content-Type': 'application/json; charset=utf-8', 'cache-control': 'no-cache'})
2026-01-08 20:41:58 [   DEBUG] [remote_connection.py:467] Finished Request
2026-01-08 20:41:58 [   DEBUG] [remote_connection.py:405] POST http://localhost:51854/session/3b7ea9b8ae3b9f898b5332732fa74180/element {'using': 'xpath', 'value': '/html/body/app-root/shell/div/div/div/ng-component/div/div/vehicles-list-filter/filter-bar/div/div[2...'}
2026-01-08 20:41:58 [   DEBUG] [connectionpool.py:544] http://localhost:51854 "POST /session/3b7ea9b8ae3b9f898b5332732fa74180/element HTTP/1.1" 200 0
2026-01-08 20:41:58 [   DEBUG] [remote_connection.py:438] Remote response: status=200 | data={"value":{"element-6066-11e4-a52e-4f735466cecf":"f.791E0EA8D4C19E44145BFD7D4024DC0E.d.EFE0D926EAA590FEC8C59A08E1B8C9FF.e.657"}} | headers=HTTPHeaderDict({'Content-Length': '127', 'Content-Type': 'application/json; charset=utf-8', 'cache-control': 'no-cache'})
2026-01-08 20:41:58 [   DEBUG] [remote_connection.py:467] Finished Request
2026-01-08 20:41:58 [   DEBUG] [remote_connection.py:405] POST http://localhost:51854/session/3b7ea9b8ae3b9f898b5332732fa74180/element/f.791E0EA8D4C19E44145BFD7D4024DC0E.d.EFE0D926EAA590FEC8C59A08E1B8C9FF.e.657/click {}
2026-01-08 20:41:58 [   DEBUG] [connectionpool.py:544] http://localhost:51854 "POST /session/3b7ea9b8ae3b9f898b5332732fa74180/element/f.791E0EA8D4C19E44145BFD7D4024DC0E.d.EFE0D926EAA590FEC8C59A08E1B8C9FF.e.657/click HTTP/1.1" 200 0
2026-01-08 20:41:58 [   DEBUG] [remote_connection.py:438] Remote response: status=200 | data={"value":null} | headers=HTTPHeaderDict({'Content-Length': '14', 'Content-Type': 'application/json; charset=utf-8', 'cache-control': 'no-cache'})
2026-01-08 20:41:58 [   DEBUG] [remote_connection.py:467] Finished Request
2026-01-08 20:41:58 [   DEBUG] [remote_connection.py:405] POST http://localhost:51854/session/3b7ea9b8ae3b9f898b5332732fa74180/element {'using': 'xpath', 'value': '/html/body/app-root/shell/div/div/div/ng-component/div/div/vehicles-list-filter/filter-bar/div/div[2...'}
2026-01-08 20:41:58 [   DEBUG] [connectionpool.py:544] http://localhost:51854 "POST /session/3b7ea9b8ae3b9f898b5332732fa74180/element HTTP/1.1" 200 0
2026-01-08 20:41:58 [   DEBUG] [remote_connection.py:438] Remote response: status=200 | data={"value":{"element-6066-11e4-a52e-4f735466cecf":"f.791E0EA8D4C19E44145BFD7D4024DC0E.d.EFE0D926EAA590FEC8C59A08E1B8C9FF.e.12578"}} | headers=HTTPHeaderDict({'Content-Length': '129', 'Content-Type': 'application/json; charset=utf-8', 'cache-control': 'no-cache'})
2026-01-08 20:41:58 [   DEBUG] [remote_connection.py:467] Finished Request
2026-01-08 20:41:58 [   DEBUG] [remote_connection.py:405] POST http://localhost:51854/session/3b7ea9b8ae3b9f898b5332732fa74180/element/f.791E0EA8D4C19E44145BFD7D4024DC0E.d.EFE0D926EAA590FEC8C59A08E1B8C9FF.e.12578/value {'text': 'QM40849291', 'value': ['Q', 'M', '4', '0', '8', '4', '9', '2', '9', '1']}
2026-01-08 20:41:58 [   DEBUG] [connectionpool.py:544] http://localhost:51854 "POST /session/3b7ea9b8ae3b9f898b5332732fa74180/element/f.791E0EA8D4C19E44145BFD7D4024DC0E.d.EFE0D926EAA590FEC8C59A08E1B8C9FF.e.12578/value HTTP/1.1" 200 0
2026-01-08 20:41:58 [   DEBUG] [remote_connection.py:438] Remote response: status=200 | data={"value":null} | headers=HTTPHeaderDict({'Content-Length': '14', 'Content-Type': 'application/json; charset=utf-8', 'cache-control': 'no-cache'})
2026-01-08 20:41:58 [   DEBUG] [remote_connection.py:467] Finished Request
2026-01-08 20:41:58 [   DEBUG] [remote_connection.py:405] POST http://localhost:51854/session/3b7ea9b8ae3b9f898b5332732fa74180/element {'using': 'xpath', 'value': '/html/body/app-root/shell/div/div/div/ng-component/div/div/vehicles-list-filter/filter-bar/div/div[2...'}
2026-01-08 20:41:58 [   DEBUG] [connectionpool.py:544] http://localhost:51854 "POST /session/3b7ea9b8ae3b9f898b5332732fa74180/element HTTP/1.1" 200 0
2026-01-08 20:41:58 [   DEBUG] [remote_connection.py:438] Remote response: status=200 | data={"value":{"element-6066-11e4-a52e-4f735466cecf":"f.791E0EA8D4C19E44145BFD7D4024DC0E.d.EFE0D926EAA590FEC8C59A08E1B8C9FF.e.12578"}} | headers=HTTPHeaderDict({'Content-Length': '129', 'Content-Type': 'application/json; charset=utf-8', 'cache-control': 'no-cache'})
2026-01-08 20:41:58 [   DEBUG] [remote_connection.py:467] Finished Request
2026-01-08 20:41:58 [   DEBUG] [remote_connection.py:405] POST http://localhost:51854/session/3b7ea9b8ae3b9f898b5332732fa74180/element/f.791E0EA8D4C19E44145BFD7D4024DC0E.d.EFE0D926EAA590FEC8C59A08E1B8C9FF.e.12578/value {'text': '\ue007', 'value': ['\ue007']}
2026-01-08 20:41:58 [   DEBUG] [connectionpool.py:544] http://localhost:51854 "POST /session/3b7ea9b8ae3b9f898b5332732fa74180/element/f.791E0EA8D4C19E44145BFD7D4024DC0E.d.EFE0D926EAA590FEC8C59A08E1B8C9FF.e.12578/value HTTP/1.1" 200 0
2026-01-08 20:41:58 [   DEBUG] [remote_connection.py:438] Remote response: status=200 | data={"value":null} | headers=HTTPHeaderDict({'Content-Length': '14', 'Content-Type': 'application/json; charset=utf-8', 'cache-control': 'no-cache'})
2026-01-08 20:41:58 [   DEBUG] [remote_connection.py:467] Finished Request
2026-01-08 20:42:02 [   DEBUG] [remote_connection.py:405] POST http://localhost:51854/session/3b7ea9b8ae3b9f898b5332732fa74180/element {'using': 'xpath', 'value': '//span[contains(text(),"Vehicle")]/parent::div/preceding-sibling::div/div'}
2026-01-08 20:42:03 [   DEBUG] [connectionpool.py:544] http://localhost:51854 "POST /session/3b7ea9b8ae3b9f898b5332732fa74180/element HTTP/1.1" 200 0
2026-01-08 20:42:03 [   DEBUG] [remote_connection.py:438] Remote response: status=200 | data={"value":{"element-6066-11e4-a52e-4f735466cecf":"f.791E0EA8D4C19E44145BFD7D4024DC0E.d.EFE0D926EAA590FEC8C59A08E1B8C9FF.e.15207"}} | headers=HTTPHeaderDict({'Content-Length': '129', 'Content-Type': 'application/json; charset=utf-8', 'cache-control': 'no-cache'})
2026-01-08 20:42:03 [   DEBUG] [remote_connection.py:467] Finished Request
2026-01-08 20:42:03 [   DEBUG] [remote_connection.py:405] GET http://localhost:51854/session/3b7ea9b8ae3b9f898b5332732fa74180/element/f.791E0EA8D4C19E44145BFD7D4024DC0E.d.EFE0D926EAA590FEC8C59A08E1B8C9FF.e.15207/text {}
2026-01-08 20:42:03 [   DEBUG] [connectionpool.py:544] http://localhost:51854 "GET /session/3b7ea9b8ae3b9f898b5332732fa74180/element/f.791E0EA8D4C19E44145BFD7D4024DC0E.d.EFE0D926EAA590FEC8C59A08E1B8C9FF.e.15207/text HTTP/1.1" 200 0
2026-01-08 20:42:03 [   DEBUG] [remote_connection.py:438] Remote response: status=200 | data={"value":"1"} | headers=HTTPHeaderDict({'Content-Length': '13', 'Content-Type': 'application/json; charset=utf-8', 'cache-control': 'no-cache'})
2026-01-08 20:42:03 [   DEBUG] [remote_connection.py:467] Finished Request
2026-01-08 20:42:04 [   DEBUG] [remote_connection.py:405] POST http://localhost:51854/session/3b7ea9b8ae3b9f898b5332732fa74180/element {'using': 'xpath', 'value': '//span[contains(text(),"Vehicle")]/parent::div/preceding-sibling::div/div'}
2026-01-08 20:42:04 [   DEBUG] [connectionpool.py:544] http://localhost:51854 "POST /session/3b7ea9b8ae3b9f898b5332732fa74180/element HTTP/1.1" 200 0
2026-01-08 20:42:04 [   DEBUG] [remote_connection.py:438] Remote response: status=200 | data={"value":{"element-6066-11e4-a52e-4f735466cecf":"f.791E0EA8D4C19E44145BFD7D4024DC0E.d.EFE0D926EAA590FEC8C59A08E1B8C9FF.e.15207"}} | headers=HTTPHeaderDict({'Content-Length': '129', 'Content-Type': 'application/json; charset=utf-8', 'cache-control': 'no-cache'})
2026-01-08 20:42:04 [   DEBUG] [remote_connection.py:467] Finished Request
2026-01-08 20:42:04 [   DEBUG] [remote_connection.py:405] GET http://localhost:51854/session/3b7ea9b8ae3b9f898b5332732fa74180/element/f.791E0EA8D4C19E44145BFD7D4024DC0E.d.EFE0D926EAA590FEC8C59A08E1B8C9FF.e.15207/text {}
2026-01-08 20:42:04 [   DEBUG] [connectionpool.py:544] http://localhost:51854 "GET /session/3b7ea9b8ae3b9f898b5332732fa74180/element/f.791E0EA8D4C19E44145BFD7D4024DC0E.d.EFE0D926EAA590FEC8C59A08E1B8C9FF.e.15207/text HTTP/1.1" 200 0
2026-01-08 20:42:04 [   DEBUG] [remote_connection.py:438] Remote response: status=200 | data={"value":"1"} | headers=HTTPHeaderDict({'Content-Length': '13', 'Content-Type': 'application/json; charset=utf-8', 'cache-control': 'no-cache'})
2026-01-08 20:42:04 [   DEBUG] [remote_connection.py:467] Finished Request
2026-01-08 20:42:04 [   DEBUG] [connectionpool.py:1049] Starting new HTTPS connection (1): api.aws.drivecam.net:443
2026-01-08 20:42:06 [   DEBUG] [connectionpool.py:544] https://api.aws.drivecam.net:443 "POST /api/videosearch-api/devices HTTP/1.1" 200 None
2026-01-08 20:42:06 [   DEBUG] [remote_connection.py:405] POST http://localhost:51854/session/3b7ea9b8ae3b9f898b5332732fa74180/element {'using': 'xpath', 'value': "//div[contains(@class, 'search')]//input"}
2026-01-08 20:42:06 [   DEBUG] [connectionpool.py:544] http://localhost:51854 "POST /session/3b7ea9b8ae3b9f898b5332732fa74180/element HTTP/1.1" 200 0
2026-01-08 20:42:06 [   DEBUG] [remote_connection.py:438] Remote response: status=200 | data={"value":{"element-6066-11e4-a52e-4f735466cecf":"f.791E0EA8D4C19E44145BFD7D4024DC0E.d.EFE0D926EAA590FEC8C59A08E1B8C9FF.e.12578"}} | headers=HTTPHeaderDict({'Content-Length': '129', 'Content-Type': 'application/json; charset=utf-8', 'cache-control': 'no-cache'})
2026-01-08 20:42:06 [   DEBUG] [remote_connection.py:467] Finished Request
2026-01-08 20:42:06 [   DEBUG] [remote_connection.py:405] POST http://localhost:51854/session/3b7ea9b8ae3b9f898b5332732fa74180/execute/sync {'script': '/* getAttribute */return (function(){return (function(){var d=this||self;function f(a,b){function c(...', 'args': [{'element-6066-11e4-a52e-4f735466cecf': 'f.791E0EA8D4C19E44145BFD7D4024DC0E.d.EFE0D926EAA590FEC8C59A08E1B8C9FF.e.12578'}, 'value']}
2026-01-08 20:42:06 [   DEBUG] [connectionpool.py:544] http://localhost:51854 "POST /session/3b7ea9b8ae3b9f898b5332732fa74180/execute/sync HTTP/1.1" 200 0
2026-01-08 20:42:06 [   DEBUG] [remote_connection.py:438] Remote response: status=200 | data={"value":"QM40849291"} | headers=HTTPHeaderDict({'Content-Length': '22', 'Content-Type': 'application/json; charset=utf-8', 'cache-control': 'no-cache'})
2026-01-08 20:42:06 [   DEBUG] [remote_connection.py:467] Finished Request
2026-01-08 20:42:06 [   DEBUG] [remote_connection.py:405] POST http://localhost:51854/session/3b7ea9b8ae3b9f898b5332732fa74180/element {'using': 'xpath', 'value': "//div[contains(@class, 'search')]//span[contains(@class, 'clear-search-icon')]"}
2026-01-08 20:42:16 [   DEBUG] [connectionpool.py:544] http://localhost:51854 "POST /session/3b7ea9b8ae3b9f898b5332732fa74180/element HTTP/1.1" 404 0
2026-01-08 20:42:16 [   DEBUG] [remote_connection.py:438] Remote response: status=404 | data={"value":{"error":"no such element","message":"no such element: Unable to locate element: {\"method\":\"xpath\",\"selector\":\"//div[contains(@class, 'search')]//span[contains(@class, 'clear-search-icon')]\"}\n  (Session info: chrome=143.0.7499.170)","stacktrace":"Symbols not available. Dumping unresolved backtrace:\n\t0x7ff6013088d5\n\t0x7ff601308930\n\t0x7ff6010e165d\n\t0x7ff601139a33\n\t0x7ff601139d3c\n\t0x7ff60118df67\n\t0x7ff60118ac97\n\t0x7ff60112ac29\n\t0x7ff60112ba93\n\t0x7ff601620620\n\t0x7ff60161af60\n\t0x7ff6016396c6\n\t0x7ff601325dd4\n\t0x7ff60132ed7c\n\t0x7ff601311ff4\n\t0x7ff6013121a5\n\t0x7ff6012f7ed2\n\t0x7ffd7983e8d7\n\t0x7ffd7b84c53c\n"}} | headers=HTTPHeaderDict({'Content-Length': '664', 'Content-Type': 'application/json; charset=utf-8', 'cache-control': 'no-cache'})
2026-01-08 20:42:16 [   DEBUG] [remote_connection.py:467] Finished Request
2026-01-08 20:42:16 [   DEBUG] [remote_connection.py:405] POST http://localhost:51854/session/3b7ea9b8ae3b9f898b5332732fa74180/element {'using': 'xpath', 'value': "//div[contains(@class, 'search')]//i[contains(@class, 'clear')]"}
2026-01-08 20:42:26 [   DEBUG] [connectionpool.py:544] http://localhost:51854 "POST /session/3b7ea9b8ae3b9f898b5332732fa74180/element HTTP/1.1" 404 0
2026-01-08 20:42:26 [   DEBUG] [remote_connection.py:438] Remote response: status=404 | data={"value":{"error":"no such element","message":"no such element: Unable to locate element: {\"method\":\"xpath\",\"selector\":\"//div[contains(@class, 'search')]//i[contains(@class, 'clear')]\"}\n  (Session info: chrome=143.0.7499.170)","stacktrace":"Symbols not available. Dumping unresolved backtrace:\n\t0x7ff6013088d5\n\t0x7ff601308930\n\t0x7ff6010e165d\n\t0x7ff601139a33\n\t0x7ff601139d3c\n\t0x7ff60118df67\n\t0x7ff60118ac97\n\t0x7ff60112ac29\n\t0x7ff60112ba93\n\t0x7ff601620620\n\t0x7ff60161af60\n\t0x7ff6016396c6\n\t0x7ff601325dd4\n\t0x7ff60132ed7c\n\t0x7ff601311ff4\n\t0x7ff6013121a5\n\t0x7ff6012f7ed2\n\t0x7ffd7983e8d7\n\t0x7ffd7b84c53c\n"}} | headers=HTTPHeaderDict({'Content-Length': '649', 'Content-Type': 'application/json; charset=utf-8', 'cache-control': 'no-cache'})
2026-01-08 20:42:26 [   DEBUG] [remote_connection.py:467] Finished Request
2026-01-08 20:42:26 [   DEBUG] [remote_connection.py:405] POST http://localhost:51854/session/3b7ea9b8ae3b9f898b5332732fa74180/element {'using': 'xpath', 'value': "//div[contains(@class, 'search')]//span[contains(@class, 'clear')]"}
2026-01-08 20:42:26 [   DEBUG] [connectionpool.py:544] http://localhost:51854 "POST /session/3b7ea9b8ae3b9f898b5332732fa74180/element HTTP/1.1" 200 0
2026-01-08 20:42:26 [   DEBUG] [remote_connection.py:438] Remote response: status=200 | data={"value":{"element-6066-11e4-a52e-4f735466cecf":"f.791E0EA8D4C19E44145BFD7D4024DC0E.d.EFE0D926EAA590FEC8C59A08E1B8C9FF.e.15172"}} | headers=HTTPHeaderDict({'Content-Length': '129', 'Content-Type': 'application/json; charset=utf-8', 'cache-control': 'no-cache'})
2026-01-08 20:42:26 [   DEBUG] [remote_connection.py:467] Finished Request
2026-01-08 20:42:26 [   DEBUG] [remote_connection.py:405] POST http://localhost:51854/session/3b7ea9b8ae3b9f898b5332732fa74180/execute/sync {'script': '/* isDisplayed */return (function(){return (function(){var g=this||self;\nfunction aa(a){var b=typeof...', 'args': [{'element-6066-11e4-a52e-4f735466cecf': 'f.791E0EA8D4C19E44145BFD7D4024DC0E.d.EFE0D926EAA590FEC8C59A08E1B8C9FF.e.15172'}]}
2026-01-08 20:42:26 [   DEBUG] [connectionpool.py:544] http://localhost:51854 "POST /session/3b7ea9b8ae3b9f898b5332732fa74180/execute/sync HTTP/1.1" 200 0
2026-01-08 20:42:26 [   DEBUG] [remote_connection.py:438] Remote response: status=200 | data={"value":true} | headers=HTTPHeaderDict({'Content-Length': '14', 'Content-Type': 'application/json; charset=utf-8', 'cache-control': 'no-cache'})
2026-01-08 20:42:26 [   DEBUG] [remote_connection.py:467] Finished Request
2026-01-08 20:42:26 [   DEBUG] [remote_connection.py:405] GET http://localhost:51854/session/3b7ea9b8ae3b9f898b5332732fa74180/element/f.791E0EA8D4C19E44145BFD7D4024DC0E.d.EFE0D926EAA590FEC8C59A08E1B8C9FF.e.15172/enabled {}
2026-01-08 20:42:26 [   DEBUG] [connectionpool.py:544] http://localhost:51854 "GET /session/3b7ea9b8ae3b9f898b5332732fa74180/element/f.791E0EA8D4C19E44145BFD7D4024DC0E.d.EFE0D926EAA590FEC8C59A08E1B8C9FF.e.15172/enabled HTTP/1.1" 200 0
2026-01-08 20:42:26 [   DEBUG] [remote_connection.py:438] Remote response: status=200 | data={"value":true} | headers=HTTPHeaderDict({'Content-Length': '14', 'Content-Type': 'application/json; charset=utf-8', 'cache-control': 'no-cache'})
2026-01-08 20:42:26 [   DEBUG] [remote_connection.py:467] Finished Request
2026-01-08 20:42:26 [   DEBUG] [remote_connection.py:405] POST http://localhost:51854/session/3b7ea9b8ae3b9f898b5332732fa74180/element {'using': 'xpath', 'value': "//div[contains(@class, 'search')]//span[contains(@class, 'clear')]"}
2026-01-08 20:42:26 [   DEBUG] [connectionpool.py:544] http://localhost:51854 "POST /session/3b7ea9b8ae3b9f898b5332732fa74180/element HTTP/1.1" 200 0
2026-01-08 20:42:26 [   DEBUG] [remote_connection.py:438] Remote response: status=200 | data={"value":{"element-6066-11e4-a52e-4f735466cecf":"f.791E0EA8D4C19E44145BFD7D4024DC0E.d.EFE0D926EAA590FEC8C59A08E1B8C9FF.e.15172"}} | headers=HTTPHeaderDict({'Content-Length': '129', 'Content-Type': 'application/json; charset=utf-8', 'cache-control': 'no-cache'})
2026-01-08 20:42:26 [   DEBUG] [remote_connection.py:467] Finished Request
2026-01-08 20:42:26 [   DEBUG] [remote_connection.py:405] POST http://localhost:51854/session/3b7ea9b8ae3b9f898b5332732fa74180/execute/sync {'script': 'arguments[0].scrollIntoView(true);', 'args': [{'element-6066-11e4-a52e-4f735466cecf': 'f.791E0EA8D4C19E44145BFD7D4024DC0E.d.EFE0D926EAA590FEC8C59A08E1B8C9FF.e.15172'}]}
2026-01-08 20:42:26 [   DEBUG] [connectionpool.py:544] http://localhost:51854 "POST /session/3b7ea9b8ae3b9f898b5332732fa74180/execute/sync HTTP/1.1" 200 0
2026-01-08 20:42:26 [   DEBUG] [remote_connection.py:438] Remote response: status=200 | data={"value":null} | headers=HTTPHeaderDict({'Content-Length': '14', 'Content-Type': 'application/json; charset=utf-8', 'cache-control': 'no-cache'})
2026-01-08 20:42:26 [   DEBUG] [remote_connection.py:467] Finished Request
2026-01-08 20:42:26 [   DEBUG] [remote_connection.py:405] POST http://localhost:51854/session/3b7ea9b8ae3b9f898b5332732fa74180/element/f.791E0EA8D4C19E44145BFD7D4024DC0E.d.EFE0D926EAA590FEC8C59A08E1B8C9FF.e.15172/click {}
2026-01-08 20:42:26 [   DEBUG] [connectionpool.py:544] http://localhost:51854 "POST /session/3b7ea9b8ae3b9f898b5332732fa74180/element/f.791E0EA8D4C19E44145BFD7D4024DC0E.d.EFE0D926EAA590FEC8C59A08E1B8C9FF.e.15172/click HTTP/1.1" 200 0
2026-01-08 20:42:26 [   DEBUG] [remote_connection.py:438] Remote response: status=200 | data={"value":null} | headers=HTTPHeaderDict({'Content-Length': '14', 'Content-Type': 'application/json; charset=utf-8', 'cache-control': 'no-cache'})
2026-01-08 20:42:26 [   DEBUG] [remote_connection.py:467] Finished Request
2026-01-08 20:42:27 [   DEBUG] [remote_connection.py:405] POST http://localhost:51854/session/3b7ea9b8ae3b9f898b5332732fa74180/element {'using': 'xpath', 'value': "//div[contains(@class, 'search')]//input"}
2026-01-08 20:42:27 [   DEBUG] [connectionpool.py:544] http://localhost:51854 "POST /session/3b7ea9b8ae3b9f898b5332732fa74180/element HTTP/1.1" 200 0
2026-01-08 20:42:27 [   DEBUG] [remote_connection.py:438] Remote response: status=200 | data={"value":{"element-6066-11e4-a52e-4f735466cecf":"f.791E0EA8D4C19E44145BFD7D4024DC0E.d.EFE0D926EAA590FEC8C59A08E1B8C9FF.e.12578"}} | headers=HTTPHeaderDict({'Content-Length': '129', 'Content-Type': 'application/json; charset=utf-8', 'cache-control': 'no-cache'})
2026-01-08 20:42:27 [   DEBUG] [remote_connection.py:467] Finished Request
2026-01-08 20:42:27 [   DEBUG] [remote_connection.py:405] POST http://localhost:51854/session/3b7ea9b8ae3b9f898b5332732fa74180/execute/sync {'script': '/* getAttribute */return (function(){return (function(){var d=this||self;function f(a,b){function c(...', 'args': [{'element-6066-11e4-a52e-4f735466cecf': 'f.791E0EA8D4C19E44145BFD7D4024DC0E.d.EFE0D926EAA590FEC8C59A08E1B8C9FF.e.12578'}, 'value']}
2026-01-08 20:42:27 [   DEBUG] [connectionpool.py:544] http://localhost:51854 "POST /session/3b7ea9b8ae3b9f898b5332732fa74180/execute/sync HTTP/1.1" 200 0
2026-01-08 20:42:27 [   DEBUG] [remote_connection.py:438] Remote response: status=200 | data={"value":""} | headers=HTTPHeaderDict({'Content-Length': '12', 'Content-Type': 'application/json; charset=utf-8', 'cache-control': 'no-cache'})
2026-01-08 20:42:27 [   DEBUG] [remote_connection.py:467] Finished Request
2026-01-08 20:42:31 [   DEBUG] [remote_connection.py:405] POST http://localhost:51854/session/3b7ea9b8ae3b9f898b5332732fa74180/element {'using': 'xpath', 'value': '//span[contains(text(),"Vehicle")]/parent::div/preceding-sibling::div/div'}
2026-01-08 20:42:31 [   DEBUG] [connectionpool.py:544] http://localhost:51854 "POST /session/3b7ea9b8ae3b9f898b5332732fa74180/element HTTP/1.1" 200 0
2026-01-08 20:42:31 [   DEBUG] [remote_connection.py:438] Remote response: status=200 | data={"value":{"element-6066-11e4-a52e-4f735466cecf":"f.791E0EA8D4C19E44145BFD7D4024DC0E.d.EFE0D926EAA590FEC8C59A08E1B8C9FF.e.15892"}} | headers=HTTPHeaderDict({'Content-Length': '129', 'Content-Type': 'application/json; charset=utf-8', 'cache-control': 'no-cache'})
2026-01-08 20:42:31 [   DEBUG] [remote_connection.py:467] Finished Request
2026-01-08 20:42:31 [   DEBUG] [remote_connection.py:405] GET http://localhost:51854/session/3b7ea9b8ae3b9f898b5332732fa74180/element/f.791E0EA8D4C19E44145BFD7D4024DC0E.d.EFE0D926EAA590FEC8C59A08E1B8C9FF.e.15892/text {}
2026-01-08 20:42:31 [   DEBUG] [connectionpool.py:544] http://localhost:51854 "GET /session/3b7ea9b8ae3b9f898b5332732fa74180/element/f.791E0EA8D4C19E44145BFD7D4024DC0E.d.EFE0D926EAA590FEC8C59A08E1B8C9FF.e.15892/text HTTP/1.1" 200 0
2026-01-08 20:42:31 [   DEBUG] [remote_connection.py:438] Remote response: status=200 | data={"value":"696"} | headers=HTTPHeaderDict({'Content-Length': '15', 'Content-Type': 'application/json; charset=utf-8', 'cache-control': 'no-cache'})
2026-01-08 20:42:31 [   DEBUG] [remote_connection.py:467] Finished Request
2026-01-08 20:42:32 [   DEBUG] [remote_connection.py:405] POST http://localhost:51854/session/3b7ea9b8ae3b9f898b5332732fa74180/element {'using': 'xpath', 'value': '//span[contains(text(),"Vehicle")]/parent::div/preceding-sibling::div/div'}
2026-01-08 20:42:32 [   DEBUG] [connectionpool.py:544] http://localhost:51854 "POST /session/3b7ea9b8ae3b9f898b5332732fa74180/element HTTP/1.1" 200 0
2026-01-08 20:42:32 [   DEBUG] [remote_connection.py:438] Remote response: status=200 | data={"value":{"element-6066-11e4-a52e-4f735466cecf":"f.791E0EA8D4C19E44145BFD7D4024DC0E.d.EFE0D926EAA590FEC8C59A08E1B8C9FF.e.15892"}} | headers=HTTPHeaderDict({'Content-Length': '129', 'Content-Type': 'application/json; charset=utf-8', 'cache-control': 'no-cache'})
2026-01-08 20:42:32 [   DEBUG] [remote_connection.py:467] Finished Request
2026-01-08 20:42:32 [   DEBUG] [remote_connection.py:405] GET http://localhost:51854/session/3b7ea9b8ae3b9f898b5332732fa74180/element/f.791E0EA8D4C19E44145BFD7D4024DC0E.d.EFE0D926EAA590FEC8C59A08E1B8C9FF.e.15892/text {}
2026-01-08 20:42:32 [   DEBUG] [connectionpool.py:544] http://localhost:51854 "GET /session/3b7ea9b8ae3b9f898b5332732fa74180/element/f.791E0EA8D4C19E44145BFD7D4024DC0E.d.EFE0D926EAA590FEC8C59A08E1B8C9FF.e.15892/text HTTP/1.1" 200 0
2026-01-08 20:42:32 [   DEBUG] [remote_connection.py:438] Remote response: status=200 | data={"value":"696"} | headers=HTTPHeaderDict({'Content-Length': '15', 'Content-Type': 'application/json; charset=utf-8', 'cache-control': 'no-cache'})
2026-01-08 20:42:32 [   DEBUG] [remote_connection.py:467] Finished Request
2026-01-08 20:42:32 [   DEBUG] [remote_connection.py:405] POST http://localhost:51854/session/3b7ea9b8ae3b9f898b5332732fa74180/element {'using': 'xpath', 'value': "//div[contains(@class, 'search')]//input"}
2026-01-08 20:42:32 [   DEBUG] [connectionpool.py:544] http://localhost:51854 "POST /session/3b7ea9b8ae3b9f898b5332732fa74180/element HTTP/1.1" 200 0
2026-01-08 20:42:32 [   DEBUG] [remote_connection.py:438] Remote response: status=200 | data={"value":{"element-6066-11e4-a52e-4f735466cecf":"f.791E0EA8D4C19E44145BFD7D4024DC0E.d.EFE0D926EAA590FEC8C59A08E1B8C9FF.e.12578"}} | headers=HTTPHeaderDict({'Content-Length': '129', 'Content-Type': 'application/json; charset=utf-8', 'cache-control': 'no-cache'})
2026-01-08 20:42:32 [   DEBUG] [remote_connection.py:467] Finished Request
2026-01-08 20:42:32 [   DEBUG] [remote_connection.py:405] POST http://localhost:51854/session/3b7ea9b8ae3b9f898b5332732fa74180/execute/sync {'script': '/* getAttribute */return (function(){return (function(){var d=this||self;function f(a,b){function c(...', 'args': [{'element-6066-11e4-a52e-4f735466cecf': 'f.791E0EA8D4C19E44145BFD7D4024DC0E.d.EFE0D926EAA590FEC8C59A08E1B8C9FF.e.12578'}, 'value']}
2026-01-08 20:42:32 [   DEBUG] [connectionpool.py:544] http://localhost:51854 "POST /session/3b7ea9b8ae3b9f898b5332732fa74180/execute/sync HTTP/1.1" 200 0
2026-01-08 20:42:32 [   DEBUG] [remote_connection.py:438] Remote response: status=200 | data={"value":""} | headers=HTTPHeaderDict({'Content-Length': '12', 'Content-Type': 'application/json; charset=utf-8', 'cache-control': 'no-cache'})
2026-01-08 20:42:32 [   DEBUG] [remote_connection.py:467] Finished Request
2026-01-08 20:42:33 [   DEBUG] [connectionpool.py:1049] Starting new HTTPS connection (1): login.lytx.com:443
2026-01-08 20:42:35 [   DEBUG] [connectionpool.py:544] https://login.lytx.com:443 "POST /api/auth/user HTTP/1.1" 200 None
2026-01-08 20:42:37 [   DEBUG] [remote_connection.py:405] POST http://localhost:51854/session/3b7ea9b8ae3b9f898b5332732fa74180/element {'using': 'xpath', 'value': '//span[contains(text(),"Vehicle")]/parent::div/preceding-sibling::div/div'}
2026-01-08 20:42:37 [   DEBUG] [connectionpool.py:544] http://localhost:51854 "POST /session/3b7ea9b8ae3b9f898b5332732fa74180/element HTTP/1.1" 200 0
2026-01-08 20:42:37 [   DEBUG] [remote_connection.py:438] Remote response: status=200 | data={"value":{"element-6066-11e4-a52e-4f735466cecf":"f.791E0EA8D4C19E44145BFD7D4024DC0E.d.EFE0D926EAA590FEC8C59A08E1B8C9FF.e.15892"}} | headers=HTTPHeaderDict({'Content-Length': '129', 'Content-Type': 'application/json; charset=utf-8', 'cache-control': 'no-cache'})
2026-01-08 20:42:37 [   DEBUG] [remote_connection.py:467] Finished Request
2026-01-08 20:42:37 [   DEBUG] [remote_connection.py:405] GET http://localhost:51854/session/3b7ea9b8ae3b9f898b5332732fa74180/element/f.791E0EA8D4C19E44145BFD7D4024DC0E.d.EFE0D926EAA590FEC8C59A08E1B8C9FF.e.15892/text {}
2026-01-08 20:42:37 [   DEBUG] [connectionpool.py:544] http://localhost:51854 "GET /session/3b7ea9b8ae3b9f898b5332732fa74180/element/f.791E0EA8D4C19E44145BFD7D4024DC0E.d.EFE0D926EAA590FEC8C59A08E1B8C9FF.e.15892/text HTTP/1.1" 200 0
2026-01-08 20:42:37 [   DEBUG] [remote_connection.py:438] Remote response: status=200 | data={"value":"696"} | headers=HTTPHeaderDict({'Content-Length': '15', 'Content-Type': 'application/json; charset=utf-8', 'cache-control': 'no-cache'})
2026-01-08 20:42:37 [   DEBUG] [remote_connection.py:467] Finished Request
2026-01-08 20:42:38 [   DEBUG] [remote_connection.py:405] POST http://localhost:51854/session/3b7ea9b8ae3b9f898b5332732fa74180/element {'using': 'xpath', 'value': '//span[contains(text(),"Vehicle")]/parent::div/preceding-sibling::div/div'}
2026-01-08 20:42:38 [   DEBUG] [connectionpool.py:544] http://localhost:51854 "POST /session/3b7ea9b8ae3b9f898b5332732fa74180/element HTTP/1.1" 200 0
2026-01-08 20:42:38 [   DEBUG] [remote_connection.py:438] Remote response: status=200 | data={"value":{"element-6066-11e4-a52e-4f735466cecf":"f.791E0EA8D4C19E44145BFD7D4024DC0E.d.EFE0D926EAA590FEC8C59A08E1B8C9FF.e.15892"}} | headers=HTTPHeaderDict({'Content-Length': '129', 'Content-Type': 'application/json; charset=utf-8', 'cache-control': 'no-cache'})
2026-01-08 20:42:38 [   DEBUG] [remote_connection.py:467] Finished Request
2026-01-08 20:42:38 [   DEBUG] [remote_connection.py:405] GET http://localhost:51854/session/3b7ea9b8ae3b9f898b5332732fa74180/element/f.791E0EA8D4C19E44145BFD7D4024DC0E.d.EFE0D926EAA590FEC8C59A08E1B8C9FF.e.15892/text {}
2026-01-08 20:42:38 [   DEBUG] [connectionpool.py:544] http://localhost:51854 "GET /session/3b7ea9b8ae3b9f898b5332732fa74180/element/f.791E0EA8D4C19E44145BFD7D4024DC0E.d.EFE0D926EAA590FEC8C59A08E1B8C9FF.e.15892/text HTTP/1.1" 200 0
2026-01-08 20:42:38 [   DEBUG] [remote_connection.py:438] Remote response: status=200 | data={"value":"696"} | headers=HTTPHeaderDict({'Content-Length': '15', 'Content-Type': 'application/json; charset=utf-8', 'cache-control': 'no-cache'})
2026-01-08 20:42:38 [   DEBUG] [remote_connection.py:467] Finished Request
2026-01-08 20:42:38 [   DEBUG] [remote_connection.py:405] POST http://localhost:51854/session/3b7ea9b8ae3b9f898b5332732fa74180/element {'using': 'xpath', 'value': '/html/body/app-root/shell/div/div/div/ng-component/div/div/vehicles-list-filter/filter-bar/div/div[2...'}
2026-01-08 20:42:38 [   DEBUG] [connectionpool.py:544] http://localhost:51854 "POST /session/3b7ea9b8ae3b9f898b5332732fa74180/element HTTP/1.1" 200 0
2026-01-08 20:42:38 [   DEBUG] [remote_connection.py:438] Remote response: status=200 | data={"value":{"element-6066-11e4-a52e-4f735466cecf":"f.791E0EA8D4C19E44145BFD7D4024DC0E.d.EFE0D926EAA590FEC8C59A08E1B8C9FF.e.584"}} | headers=HTTPHeaderDict({'Content-Length': '127', 'Content-Type': 'application/json; charset=utf-8', 'cache-control': 'no-cache'})
2026-01-08 20:42:38 [   DEBUG] [remote_connection.py:467] Finished Request
2026-01-08 20:42:38 [   DEBUG] [remote_connection.py:405] POST http://localhost:51854/session/3b7ea9b8ae3b9f898b5332732fa74180/element/f.791E0EA8D4C19E44145BFD7D4024DC0E.d.EFE0D926EAA590FEC8C59A08E1B8C9FF.e.584/click {}
2026-01-08 20:42:38 [   DEBUG] [connectionpool.py:544] http://localhost:51854 "POST /session/3b7ea9b8ae3b9f898b5332732fa74180/element/f.791E0EA8D4C19E44145BFD7D4024DC0E.d.EFE0D926EAA590FEC8C59A08E1B8C9FF.e.584/click HTTP/1.1" 200 0
2026-01-08 20:42:38 [   DEBUG] [remote_connection.py:438] Remote response: status=200 | data={"value":null} | headers=HTTPHeaderDict({'Content-Length': '14', 'Content-Type': 'application/json; charset=utf-8', 'cache-control': 'no-cache'})
2026-01-08 20:42:38 [   DEBUG] [remote_connection.py:467] Finished Request
2026-01-08 20:42:38 [   DEBUG] [remote_connection.py:405] POST http://localhost:51854/session/3b7ea9b8ae3b9f898b5332732fa74180/element {'using': 'xpath', 'value': '/html/body/app-root/shell/div/div/div/ng-component/div/div/vehicles-list-filter/filter-bar/div/div[2...'}
2026-01-08 20:42:38 [   DEBUG] [connectionpool.py:544] http://localhost:51854 "POST /session/3b7ea9b8ae3b9f898b5332732fa74180/element HTTP/1.1" 200 0
2026-01-08 20:42:38 [   DEBUG] [remote_connection.py:438] Remote response: status=200 | data={"value":{"element-6066-11e4-a52e-4f735466cecf":"f.791E0EA8D4C19E44145BFD7D4024DC0E.d.EFE0D926EAA590FEC8C59A08E1B8C9FF.e.657"}} | headers=HTTPHeaderDict({'Content-Length': '127', 'Content-Type': 'application/json; charset=utf-8', 'cache-control': 'no-cache'})
2026-01-08 20:42:38 [   DEBUG] [remote_connection.py:467] Finished Request
2026-01-08 20:42:38 [   DEBUG] [remote_connection.py:405] POST http://localhost:51854/session/3b7ea9b8ae3b9f898b5332732fa74180/element/f.791E0EA8D4C19E44145BFD7D4024DC0E.d.EFE0D926EAA590FEC8C59A08E1B8C9FF.e.657/click {}
2026-01-08 20:42:38 [   DEBUG] [connectionpool.py:544] http://localhost:51854 "POST /session/3b7ea9b8ae3b9f898b5332732fa74180/element/f.791E0EA8D4C19E44145BFD7D4024DC0E.d.EFE0D926EAA590FEC8C59A08E1B8C9FF.e.657/click HTTP/1.1" 200 0
2026-01-08 20:42:38 [   DEBUG] [remote_connection.py:438] Remote response: status=200 | data={"value":null} | headers=HTTPHeaderDict({'Content-Length': '14', 'Content-Type': 'application/json; charset=utf-8', 'cache-control': 'no-cache'})
2026-01-08 20:42:38 [   DEBUG] [remote_connection.py:467] Finished Request
2026-01-08 20:42:38 [   DEBUG] [remote_connection.py:405] POST http://localhost:51854/session/3b7ea9b8ae3b9f898b5332732fa74180/element {'using': 'xpath', 'value': '/html/body/app-root/shell/div/div/div/ng-component/div/div/vehicles-list-filter/filter-bar/div/div[2...'}
2026-01-08 20:42:38 [   DEBUG] [connectionpool.py:544] http://localhost:51854 "POST /session/3b7ea9b8ae3b9f898b5332732fa74180/element HTTP/1.1" 200 0
2026-01-08 20:42:38 [   DEBUG] [remote_connection.py:438] Remote response: status=200 | data={"value":{"element-6066-11e4-a52e-4f735466cecf":"f.791E0EA8D4C19E44145BFD7D4024DC0E.d.EFE0D926EAA590FEC8C59A08E1B8C9FF.e.12578"}} | headers=HTTPHeaderDict({'Content-Length': '129', 'Content-Type': 'application/json; charset=utf-8', 'cache-control': 'no-cache'})
2026-01-08 20:42:38 [   DEBUG] [remote_connection.py:467] Finished Request
2026-01-08 20:42:38 [   DEBUG] [remote_connection.py:405] POST http://localhost:51854/session/3b7ea9b8ae3b9f898b5332732fa74180/element/f.791E0EA8D4C19E44145BFD7D4024DC0E.d.EFE0D926EAA590FEC8C59A08E1B8C9FF.e.12578/value {'text': 'QM40849291', 'value': ['Q', 'M', '4', '0', '8', '4', '9', '2', '9', '1']}
2026-01-08 20:42:38 [   DEBUG] [connectionpool.py:544] http://localhost:51854 "POST /session/3b7ea9b8ae3b9f898b5332732fa74180/element/f.791E0EA8D4C19E44145BFD7D4024DC0E.d.EFE0D926EAA590FEC8C59A08E1B8C9FF.e.12578/value HTTP/1.1" 200 0
2026-01-08 20:42:38 [   DEBUG] [remote_connection.py:438] Remote response: status=200 | data={"value":null} | headers=HTTPHeaderDict({'Content-Length': '14', 'Content-Type': 'application/json; charset=utf-8', 'cache-control': 'no-cache'})
2026-01-08 20:42:38 [   DEBUG] [remote_connection.py:467] Finished Request
2026-01-08 20:42:38 [   DEBUG] [remote_connection.py:405] POST http://localhost:51854/session/3b7ea9b8ae3b9f898b5332732fa74180/element {'using': 'xpath', 'value': '/html/body/app-root/shell/div/div/div/ng-component/div/div/vehicles-list-filter/filter-bar/div/div[2...'}
2026-01-08 20:42:38 [   DEBUG] [connectionpool.py:544] http://localhost:51854 "POST /session/3b7ea9b8ae3b9f898b5332732fa74180/element HTTP/1.1" 200 0
2026-01-08 20:42:38 [   DEBUG] [remote_connection.py:438] Remote response: status=200 | data={"value":{"element-6066-11e4-a52e-4f735466cecf":"f.791E0EA8D4C19E44145BFD7D4024DC0E.d.EFE0D926EAA590FEC8C59A08E1B8C9FF.e.12578"}} | headers=HTTPHeaderDict({'Content-Length': '129', 'Content-Type': 'application/json; charset=utf-8', 'cache-control': 'no-cache'})
2026-01-08 20:42:38 [   DEBUG] [remote_connection.py:467] Finished Request
2026-01-08 20:42:38 [   DEBUG] [remote_connection.py:405] POST http://localhost:51854/session/3b7ea9b8ae3b9f898b5332732fa74180/element/f.791E0EA8D4C19E44145BFD7D4024DC0E.d.EFE0D926EAA590FEC8C59A08E1B8C9FF.e.12578/value {'text': '\ue007', 'value': ['\ue007']}
2026-01-08 20:42:38 [   DEBUG] [connectionpool.py:544] http://localhost:51854 "POST /session/3b7ea9b8ae3b9f898b5332732fa74180/element/f.791E0EA8D4C19E44145BFD7D4024DC0E.d.EFE0D926EAA590FEC8C59A08E1B8C9FF.e.12578/value HTTP/1.1" 200 0
2026-01-08 20:42:38 [   DEBUG] [remote_connection.py:438] Remote response: status=200 | data={"value":null} | headers=HTTPHeaderDict({'Content-Length': '14', 'Content-Type': 'application/json; charset=utf-8', 'cache-control': 'no-cache'})
2026-01-08 20:42:38 [   DEBUG] [remote_connection.py:467] Finished Request
2026-01-08 20:42:42 [   DEBUG] [remote_connection.py:405] POST http://localhost:51854/session/3b7ea9b8ae3b9f898b5332732fa74180/element {'using': 'xpath', 'value': '//span[contains(text(),"Vehicle")]/parent::div/preceding-sibling::div/div'}
2026-01-08 20:42:43 [   DEBUG] [connectionpool.py:544] http://localhost:51854 "POST /session/3b7ea9b8ae3b9f898b5332732fa74180/element HTTP/1.1" 200 0
2026-01-08 20:42:43 [   DEBUG] [remote_connection.py:438] Remote response: status=200 | data={"value":{"element-6066-11e4-a52e-4f735466cecf":"f.791E0EA8D4C19E44145BFD7D4024DC0E.d.EFE0D926EAA590FEC8C59A08E1B8C9FF.e.16670"}} | headers=HTTPHeaderDict({'Content-Length': '129', 'Content-Type': 'application/json; charset=utf-8', 'cache-control': 'no-cache'})
2026-01-08 20:42:43 [   DEBUG] [remote_connection.py:467] Finished Request
2026-01-08 20:42:43 [   DEBUG] [remote_connection.py:405] GET http://localhost:51854/session/3b7ea9b8ae3b9f898b5332732fa74180/element/f.791E0EA8D4C19E44145BFD7D4024DC0E.d.EFE0D926EAA590FEC8C59A08E1B8C9FF.e.16670/text {}
2026-01-08 20:42:43 [   DEBUG] [connectionpool.py:544] http://localhost:51854 "GET /session/3b7ea9b8ae3b9f898b5332732fa74180/element/f.791E0EA8D4C19E44145BFD7D4024DC0E.d.EFE0D926EAA590FEC8C59A08E1B8C9FF.e.16670/text HTTP/1.1" 200 0
2026-01-08 20:42:43 [   DEBUG] [remote_connection.py:438] Remote response: status=200 | data={"value":"1"} | headers=HTTPHeaderDict({'Content-Length': '13', 'Content-Type': 'application/json; charset=utf-8', 'cache-control': 'no-cache'})
2026-01-08 20:42:43 [   DEBUG] [remote_connection.py:467] Finished Request
2026-01-08 20:42:44 [   DEBUG] [remote_connection.py:405] POST http://localhost:51854/session/3b7ea9b8ae3b9f898b5332732fa74180/element {'using': 'xpath', 'value': '//span[contains(text(),"Vehicle")]/parent::div/preceding-sibling::div/div'}
2026-01-08 20:42:44 [   DEBUG] [connectionpool.py:544] http://localhost:51854 "POST /session/3b7ea9b8ae3b9f898b5332732fa74180/element HTTP/1.1" 200 0
2026-01-08 20:42:44 [   DEBUG] [remote_connection.py:438] Remote response: status=200 | data={"value":{"element-6066-11e4-a52e-4f735466cecf":"f.791E0EA8D4C19E44145BFD7D4024DC0E.d.EFE0D926EAA590FEC8C59A08E1B8C9FF.e.16670"}} | headers=HTTPHeaderDict({'Content-Length': '129', 'Content-Type': 'application/json; charset=utf-8', 'cache-control': 'no-cache'})
2026-01-08 20:42:44 [   DEBUG] [remote_connection.py:467] Finished Request
2026-01-08 20:42:44 [   DEBUG] [remote_connection.py:405] GET http://localhost:51854/session/3b7ea9b8ae3b9f898b5332732fa74180/element/f.791E0EA8D4C19E44145BFD7D4024DC0E.d.EFE0D926EAA590FEC8C59A08E1B8C9FF.e.16670/text {}
2026-01-08 20:42:44 [   DEBUG] [connectionpool.py:544] http://localhost:51854 "GET /session/3b7ea9b8ae3b9f898b5332732fa74180/element/f.791E0EA8D4C19E44145BFD7D4024DC0E.d.EFE0D926EAA590FEC8C59A08E1B8C9FF.e.16670/text HTTP/1.1" 200 0
2026-01-08 20:42:44 [   DEBUG] [remote_connection.py:438] Remote response: status=200 | data={"value":"1"} | headers=HTTPHeaderDict({'Content-Length': '13', 'Content-Type': 'application/json; charset=utf-8', 'cache-control': 'no-cache'})
2026-01-08 20:42:44 [   DEBUG] [remote_connection.py:467] Finished Request
2026-01-08 20:42:44 [   DEBUG] [connectionpool.py:1049] Starting new HTTPS connection (1): api.aws.drivecam.net:443
2026-01-08 20:42:46 [   DEBUG] [connectionpool.py:544] https://api.aws.drivecam.net:443 "POST /api/videosearch-api/devices HTTP/1.1" 200 None
2026-01-08 20:42:46 [   DEBUG] [remote_connection.py:405] POST http://localhost:51854/session/3b7ea9b8ae3b9f898b5332732fa74180/element {'using': 'xpath', 'value': "//div[contains(@class, 'search')]//input"}
2026-01-08 20:42:46 [   DEBUG] [connectionpool.py:544] http://localhost:51854 "POST /session/3b7ea9b8ae3b9f898b5332732fa74180/element HTTP/1.1" 200 0
2026-01-08 20:42:46 [   DEBUG] [remote_connection.py:438] Remote response: status=200 | data={"value":{"element-6066-11e4-a52e-4f735466cecf":"f.791E0EA8D4C19E44145BFD7D4024DC0E.d.EFE0D926EAA590FEC8C59A08E1B8C9FF.e.12578"}} | headers=HTTPHeaderDict({'Content-Length': '129', 'Content-Type': 'application/json; charset=utf-8', 'cache-control': 'no-cache'})
2026-01-08 20:42:46 [   DEBUG] [remote_connection.py:467] Finished Request
2026-01-08 20:42:46 [   DEBUG] [remote_connection.py:405] POST http://localhost:51854/session/3b7ea9b8ae3b9f898b5332732fa74180/element/f.791E0EA8D4C19E44145BFD7D4024DC0E.d.EFE0D926EAA590FEC8C59A08E1B8C9FF.e.12578/clear {}
2026-01-08 20:42:46 [   DEBUG] [connectionpool.py:544] http://localhost:51854 "POST /session/3b7ea9b8ae3b9f898b5332732fa74180/element/f.791E0EA8D4C19E44145BFD7D4024DC0E.d.EFE0D926EAA590FEC8C59A08E1B8C9FF.e.12578/clear HTTP/1.1" 200 0
2026-01-08 20:42:46 [   DEBUG] [remote_connection.py:438] Remote response: status=200 | data={"value":null} | headers=HTTPHeaderDict({'Content-Length': '14', 'Content-Type': 'application/json; charset=utf-8', 'cache-control': 'no-cache'})
2026-01-08 20:42:46 [   DEBUG] [remote_connection.py:467] Finished Request
2026-01-08 20:42:46 [   DEBUG] [remote_connection.py:405] POST http://localhost:51854/session/3b7ea9b8ae3b9f898b5332732fa74180/element/f.791E0EA8D4C19E44145BFD7D4024DC0E.d.EFE0D926EAA590FEC8C59A08E1B8C9FF.e.12578/value {'text': 'QM408', 'value': ['Q', 'M', '4', '0', '8']}
2026-01-08 20:42:46 [   DEBUG] [connectionpool.py:544] http://localhost:51854 "POST /session/3b7ea9b8ae3b9f898b5332732fa74180/element/f.791E0EA8D4C19E44145BFD7D4024DC0E.d.EFE0D926EAA590FEC8C59A08E1B8C9FF.e.12578/value HTTP/1.1" 200 0
2026-01-08 20:42:46 [   DEBUG] [remote_connection.py:438] Remote response: status=200 | data={"value":null} | headers=HTTPHeaderDict({'Content-Length': '14', 'Content-Type': 'application/json; charset=utf-8', 'cache-control': 'no-cache'})
2026-01-08 20:42:46 [   DEBUG] [remote_connection.py:467] Finished Request
2026-01-08 20:42:46 [   DEBUG] [remote_connection.py:405] POST http://localhost:51854/session/3b7ea9b8ae3b9f898b5332732fa74180/element/f.791E0EA8D4C19E44145BFD7D4024DC0E.d.EFE0D926EAA590FEC8C59A08E1B8C9FF.e.12578/value {'text': '\ue007', 'value': ['\ue007']}
2026-01-08 20:42:47 [   DEBUG] [connectionpool.py:544] http://localhost:51854 "POST /session/3b7ea9b8ae3b9f898b5332732fa74180/element/f.791E0EA8D4C19E44145BFD7D4024DC0E.d.EFE0D926EAA590FEC8C59A08E1B8C9FF.e.12578/value HTTP/1.1" 200 0
2026-01-08 20:42:47 [   DEBUG] [remote_connection.py:438] Remote response: status=200 | data={"value":null} | headers=HTTPHeaderDict({'Content-Length': '14', 'Content-Type': 'application/json; charset=utf-8', 'cache-control': 'no-cache'})
2026-01-08 20:42:47 [   DEBUG] [remote_connection.py:467] Finished Request
2026-01-08 20:42:51 [   DEBUG] [remote_connection.py:405] POST http://localhost:51854/session/3b7ea9b8ae3b9f898b5332732fa74180/element {'using': 'xpath', 'value': '//span[contains(text(),"Vehicle")]/parent::div/preceding-sibling::div/div'}
2026-01-08 20:42:51 [   DEBUG] [connectionpool.py:544] http://localhost:51854 "POST /session/3b7ea9b8ae3b9f898b5332732fa74180/element HTTP/1.1" 200 0
2026-01-08 20:42:51 [   DEBUG] [remote_connection.py:438] Remote response: status=200 | data={"value":{"element-6066-11e4-a52e-4f735466cecf":"f.791E0EA8D4C19E44145BFD7D4024DC0E.d.EFE0D926EAA590FEC8C59A08E1B8C9FF.e.17353"}} | headers=HTTPHeaderDict({'Content-Length': '129', 'Content-Type': 'application/json; charset=utf-8', 'cache-control': 'no-cache'})
2026-01-08 20:42:51 [   DEBUG] [remote_connection.py:467] Finished Request
2026-01-08 20:42:51 [   DEBUG] [remote_connection.py:405] GET http://localhost:51854/session/3b7ea9b8ae3b9f898b5332732fa74180/element/f.791E0EA8D4C19E44145BFD7D4024DC0E.d.EFE0D926EAA590FEC8C59A08E1B8C9FF.e.17353/text {}
2026-01-08 20:42:51 [   DEBUG] [connectionpool.py:544] http://localhost:51854 "GET /session/3b7ea9b8ae3b9f898b5332732fa74180/element/f.791E0EA8D4C19E44145BFD7D4024DC0E.d.EFE0D926EAA590FEC8C59A08E1B8C9FF.e.17353/text HTTP/1.1" 200 0
2026-01-08 20:42:51 [   DEBUG] [remote_connection.py:438] Remote response: status=200 | data={"value":"54"} | headers=HTTPHeaderDict({'Content-Length': '14', 'Content-Type': 'application/json; charset=utf-8', 'cache-control': 'no-cache'})
2026-01-08 20:42:51 [   DEBUG] [remote_connection.py:467] Finished Request
2026-01-08 20:42:52 [   DEBUG] [remote_connection.py:405] POST http://localhost:51854/session/3b7ea9b8ae3b9f898b5332732fa74180/element {'using': 'xpath', 'value': '//span[contains(text(),"Vehicle")]/parent::div/preceding-sibling::div/div'}
2026-01-08 20:42:52 [   DEBUG] [connectionpool.py:544] http://localhost:51854 "POST /session/3b7ea9b8ae3b9f898b5332732fa74180/element HTTP/1.1" 200 0
2026-01-08 20:42:52 [   DEBUG] [remote_connection.py:438] Remote response: status=200 | data={"value":{"element-6066-11e4-a52e-4f735466cecf":"f.791E0EA8D4C19E44145BFD7D4024DC0E.d.EFE0D926EAA590FEC8C59A08E1B8C9FF.e.17353"}} | headers=HTTPHeaderDict({'Content-Length': '129', 'Content-Type': 'application/json; charset=utf-8', 'cache-control': 'no-cache'})
2026-01-08 20:42:52 [   DEBUG] [remote_connection.py:467] Finished Request
2026-01-08 20:42:52 [   DEBUG] [remote_connection.py:405] GET http://localhost:51854/session/3b7ea9b8ae3b9f898b5332732fa74180/element/f.791E0EA8D4C19E44145BFD7D4024DC0E.d.EFE0D926EAA590FEC8C59A08E1B8C9FF.e.17353/text {}
2026-01-08 20:42:52 [   DEBUG] [connectionpool.py:544] http://localhost:51854 "GET /session/3b7ea9b8ae3b9f898b5332732fa74180/element/f.791E0EA8D4C19E44145BFD7D4024DC0E.d.EFE0D926EAA590FEC8C59A08E1B8C9FF.e.17353/text HTTP/1.1" 200 0
2026-01-08 20:42:52 [   DEBUG] [remote_connection.py:438] Remote response: status=200 | data={"value":"54"} | headers=HTTPHeaderDict({'Content-Length': '14', 'Content-Type': 'application/json; charset=utf-8', 'cache-control': 'no-cache'})
2026-01-08 20:42:52 [   DEBUG] [remote_connection.py:467] Finished Request
2026-01-08 20:42:52 [   DEBUG] [connectionpool.py:1049] Starting new HTTPS connection (1): api.aws.drivecam.net:443
2026-01-08 20:42:54 [   DEBUG] [connectionpool.py:544] https://api.aws.drivecam.net:443 "POST /api/videosearch-api/devices HTTP/1.1" 200 None
2026-01-08 20:42:54 [   DEBUG] [remote_connection.py:405] POST http://localhost:51854/session/3b7ea9b8ae3b9f898b5332732fa74180/element {'using': 'xpath', 'value': "//div[contains(@class, 'search')]//input"}
2026-01-08 20:42:54 [   DEBUG] [connectionpool.py:544] http://localhost:51854 "POST /session/3b7ea9b8ae3b9f898b5332732fa74180/element HTTP/1.1" 200 0
2026-01-08 20:42:54 [   DEBUG] [remote_connection.py:438] Remote response: status=200 | data={"value":{"element-6066-11e4-a52e-4f735466cecf":"f.791E0EA8D4C19E44145BFD7D4024DC0E.d.EFE0D926EAA590FEC8C59A08E1B8C9FF.e.12578"}} | headers=HTTPHeaderDict({'Content-Length': '129', 'Content-Type': 'application/json; charset=utf-8', 'cache-control': 'no-cache'})
2026-01-08 20:42:54 [   DEBUG] [remote_connection.py:467] Finished Request
2026-01-08 20:42:54 [   DEBUG] [remote_connection.py:405] POST http://localhost:51854/session/3b7ea9b8ae3b9f898b5332732fa74180/execute/sync {'script': '/* getAttribute */return (function(){return (function(){var d=this||self;function f(a,b){function c(...', 'args': [{'element-6066-11e4-a52e-4f735466cecf': 'f.791E0EA8D4C19E44145BFD7D4024DC0E.d.EFE0D926EAA590FEC8C59A08E1B8C9FF.e.12578'}, 'value']}
2026-01-08 20:42:54 [   DEBUG] [connectionpool.py:544] http://localhost:51854 "POST /session/3b7ea9b8ae3b9f898b5332732fa74180/execute/sync HTTP/1.1" 200 0
2026-01-08 20:42:54 [   DEBUG] [remote_connection.py:438] Remote response: status=200 | data={"value":"QM408"} | headers=HTTPHeaderDict({'Content-Length': '17', 'Content-Type': 'application/json; charset=utf-8', 'cache-control': 'no-cache'})
2026-01-08 20:42:54 [   DEBUG] [remote_connection.py:467] Finished Request
2026-01-08 20:42:54 [   DEBUG] [remote_connection.py:405] POST http://localhost:51854/session/3b7ea9b8ae3b9f898b5332732fa74180/element {'using': 'xpath', 'value': "//div[contains(@class, 'search')]//span[contains(@class, 'clear-search-icon')]"}
2026-01-08 20:43:04 [   DEBUG] [connectionpool.py:544] http://localhost:51854 "POST /session/3b7ea9b8ae3b9f898b5332732fa74180/element HTTP/1.1" 404 0
2026-01-08 20:43:04 [   DEBUG] [remote_connection.py:438] Remote response: status=404 | data={"value":{"error":"no such element","message":"no such element: Unable to locate element: {\"method\":\"xpath\",\"selector\":\"//div[contains(@class, 'search')]//span[contains(@class, 'clear-search-icon')]\"}\n  (Session info: chrome=143.0.7499.170)","stacktrace":"Symbols not available. Dumping unresolved backtrace:\n\t0x7ff6013088d5\n\t0x7ff601308930\n\t0x7ff6010e165d\n\t0x7ff601139a33\n\t0x7ff601139d3c\n\t0x7ff60118df67\n\t0x7ff60118ac97\n\t0x7ff60112ac29\n\t0x7ff60112ba93\n\t0x7ff601620620\n\t0x7ff60161af60\n\t0x7ff6016396c6\n\t0x7ff601325dd4\n\t0x7ff60132ed7c\n\t0x7ff601311ff4\n\t0x7ff6013121a5\n\t0x7ff6012f7ed2\n\t0x7ffd7983e8d7\n\t0x7ffd7b84c53c\n"}} | headers=HTTPHeaderDict({'Content-Length': '664', 'Content-Type': 'application/json; charset=utf-8', 'cache-control': 'no-cache'})
2026-01-08 20:43:04 [   DEBUG] [remote_connection.py:467] Finished Request
2026-01-08 20:43:04 [   DEBUG] [remote_connection.py:405] POST http://localhost:51854/session/3b7ea9b8ae3b9f898b5332732fa74180/element {'using': 'xpath', 'value': "//div[contains(@class, 'search')]//i[contains(@class, 'clear')]"}
2026-01-08 20:43:15 [   DEBUG] [connectionpool.py:544] http://localhost:51854 "POST /session/3b7ea9b8ae3b9f898b5332732fa74180/element HTTP/1.1" 404 0
2026-01-08 20:43:15 [   DEBUG] [remote_connection.py:438] Remote response: status=404 | data={"value":{"error":"no such element","message":"no such element: Unable to locate element: {\"method\":\"xpath\",\"selector\":\"//div[contains(@class, 'search')]//i[contains(@class, 'clear')]\"}\n  (Session info: chrome=143.0.7499.170)","stacktrace":"Symbols not available. Dumping unresolved backtrace:\n\t0x7ff6013088d5\n\t0x7ff601308930\n\t0x7ff6010e165d\n\t0x7ff601139a33\n\t0x7ff601139d3c\n\t0x7ff60118df67\n\t0x7ff60118ac97\n\t0x7ff60112ac29\n\t0x7ff60112ba93\n\t0x7ff601620620\n\t0x7ff60161af60\n\t0x7ff6016396c6\n\t0x7ff601325dd4\n\t0x7ff60132ed7c\n\t0x7ff601311ff4\n\t0x7ff6013121a5\n\t0x7ff6012f7ed2\n\t0x7ffd7983e8d7\n\t0x7ffd7b84c53c\n"}} | headers=HTTPHeaderDict({'Content-Length': '649', 'Content-Type': 'application/json; charset=utf-8', 'cache-control': 'no-cache'})
2026-01-08 20:43:15 [   DEBUG] [remote_connection.py:467] Finished Request
2026-01-08 20:43:15 [   DEBUG] [remote_connection.py:405] POST http://localhost:51854/session/3b7ea9b8ae3b9f898b5332732fa74180/element {'using': 'xpath', 'value': "//div[contains(@class, 'search')]//span[contains(@class, 'clear')]"}
2026-01-08 20:43:15 [   DEBUG] [connectionpool.py:544] http://localhost:51854 "POST /session/3b7ea9b8ae3b9f898b5332732fa74180/element HTTP/1.1" 200 0
2026-01-08 20:43:15 [   DEBUG] [remote_connection.py:438] Remote response: status=200 | data={"value":{"element-6066-11e4-a52e-4f735466cecf":"f.791E0EA8D4C19E44145BFD7D4024DC0E.d.EFE0D926EAA590FEC8C59A08E1B8C9FF.e.16635"}} | headers=HTTPHeaderDict({'Content-Length': '129', 'Content-Type': 'application/json; charset=utf-8', 'cache-control': 'no-cache'})
2026-01-08 20:43:15 [   DEBUG] [remote_connection.py:467] Finished Request
2026-01-08 20:43:15 [   DEBUG] [remote_connection.py:405] POST http://localhost:51854/session/3b7ea9b8ae3b9f898b5332732fa74180/execute/sync {'script': '/* isDisplayed */return (function(){return (function(){var g=this||self;\nfunction aa(a){var b=typeof...', 'args': [{'element-6066-11e4-a52e-4f735466cecf': 'f.791E0EA8D4C19E44145BFD7D4024DC0E.d.EFE0D926EAA590FEC8C59A08E1B8C9FF.e.16635'}]}
2026-01-08 20:43:15 [   DEBUG] [connectionpool.py:544] http://localhost:51854 "POST /session/3b7ea9b8ae3b9f898b5332732fa74180/execute/sync HTTP/1.1" 200 0
2026-01-08 20:43:15 [   DEBUG] [remote_connection.py:438] Remote response: status=200 | data={"value":true} | headers=HTTPHeaderDict({'Content-Length': '14', 'Content-Type': 'application/json; charset=utf-8', 'cache-control': 'no-cache'})
2026-01-08 20:43:15 [   DEBUG] [remote_connection.py:467] Finished Request
2026-01-08 20:43:15 [   DEBUG] [remote_connection.py:405] GET http://localhost:51854/session/3b7ea9b8ae3b9f898b5332732fa74180/element/f.791E0EA8D4C19E44145BFD7D4024DC0E.d.EFE0D926EAA590FEC8C59A08E1B8C9FF.e.16635/enabled {}
2026-01-08 20:43:15 [   DEBUG] [connectionpool.py:544] http://localhost:51854 "GET /session/3b7ea9b8ae3b9f898b5332732fa74180/element/f.791E0EA8D4C19E44145BFD7D4024DC0E.d.EFE0D926EAA590FEC8C59A08E1B8C9FF.e.16635/enabled HTTP/1.1" 200 0
2026-01-08 20:43:15 [   DEBUG] [remote_connection.py:438] Remote response: status=200 | data={"value":true} | headers=HTTPHeaderDict({'Content-Length': '14', 'Content-Type': 'application/json; charset=utf-8', 'cache-control': 'no-cache'})
2026-01-08 20:43:15 [   DEBUG] [remote_connection.py:467] Finished Request
2026-01-08 20:43:15 [   DEBUG] [remote_connection.py:405] POST http://localhost:51854/session/3b7ea9b8ae3b9f898b5332732fa74180/element {'using': 'xpath', 'value': "//div[contains(@class, 'search')]//span[contains(@class, 'clear')]"}
2026-01-08 20:43:15 [   DEBUG] [connectionpool.py:544] http://localhost:51854 "POST /session/3b7ea9b8ae3b9f898b5332732fa74180/element HTTP/1.1" 200 0
2026-01-08 20:43:15 [   DEBUG] [remote_connection.py:438] Remote response: status=200 | data={"value":{"element-6066-11e4-a52e-4f735466cecf":"f.791E0EA8D4C19E44145BFD7D4024DC0E.d.EFE0D926EAA590FEC8C59A08E1B8C9FF.e.16635"}} | headers=HTTPHeaderDict({'Content-Length': '129', 'Content-Type': 'application/json; charset=utf-8', 'cache-control': 'no-cache'})
2026-01-08 20:43:15 [   DEBUG] [remote_connection.py:467] Finished Request
2026-01-08 20:43:15 [   DEBUG] [remote_connection.py:405] POST http://localhost:51854/session/3b7ea9b8ae3b9f898b5332732fa74180/execute/sync {'script': 'arguments[0].scrollIntoView(true);', 'args': [{'element-6066-11e4-a52e-4f735466cecf': 'f.791E0EA8D4C19E44145BFD7D4024DC0E.d.EFE0D926EAA590FEC8C59A08E1B8C9FF.e.16635'}]}
2026-01-08 20:43:15 [   DEBUG] [connectionpool.py:544] http://localhost:51854 "POST /session/3b7ea9b8ae3b9f898b5332732fa74180/execute/sync HTTP/1.1" 200 0
2026-01-08 20:43:15 [   DEBUG] [remote_connection.py:438] Remote response: status=200 | data={"value":null} | headers=HTTPHeaderDict({'Content-Length': '14', 'Content-Type': 'application/json; charset=utf-8', 'cache-control': 'no-cache'})
2026-01-08 20:43:15 [   DEBUG] [remote_connection.py:467] Finished Request
2026-01-08 20:43:15 [   DEBUG] [remote_connection.py:405] POST http://localhost:51854/session/3b7ea9b8ae3b9f898b5332732fa74180/element/f.791E0EA8D4C19E44145BFD7D4024DC0E.d.EFE0D926EAA590FEC8C59A08E1B8C9FF.e.16635/click {}
2026-01-08 20:43:15 [   DEBUG] [connectionpool.py:544] http://localhost:51854 "POST /session/3b7ea9b8ae3b9f898b5332732fa74180/element/f.791E0EA8D4C19E44145BFD7D4024DC0E.d.EFE0D926EAA590FEC8C59A08E1B8C9FF.e.16635/click HTTP/1.1" 200 0
2026-01-08 20:43:15 [   DEBUG] [remote_connection.py:438] Remote response: status=200 | data={"value":null} | headers=HTTPHeaderDict({'Content-Length': '14', 'Content-Type': 'application/json; charset=utf-8', 'cache-control': 'no-cache'})
2026-01-08 20:43:15 [   DEBUG] [remote_connection.py:467] Finished Request
2026-01-08 20:43:16 [   DEBUG] [remote_connection.py:405] POST http://localhost:51854/session/3b7ea9b8ae3b9f898b5332732fa74180/element {'using': 'xpath', 'value': "//div[contains(@class, 'search')]//input"}
2026-01-08 20:43:16 [   DEBUG] [connectionpool.py:544] http://localhost:51854 "POST /session/3b7ea9b8ae3b9f898b5332732fa74180/element HTTP/1.1" 200 0
2026-01-08 20:43:16 [   DEBUG] [remote_connection.py:438] Remote response: status=200 | data={"value":{"element-6066-11e4-a52e-4f735466cecf":"f.791E0EA8D4C19E44145BFD7D4024DC0E.d.EFE0D926EAA590FEC8C59A08E1B8C9FF.e.12578"}} | headers=HTTPHeaderDict({'Content-Length': '129', 'Content-Type': 'application/json; charset=utf-8', 'cache-control': 'no-cache'})
2026-01-08 20:43:16 [   DEBUG] [remote_connection.py:467] Finished Request
2026-01-08 20:43:16 [   DEBUG] [remote_connection.py:405] POST http://localhost:51854/session/3b7ea9b8ae3b9f898b5332732fa74180/execute/sync {'script': '/* getAttribute */return (function(){return (function(){var d=this||self;function f(a,b){function c(...', 'args': [{'element-6066-11e4-a52e-4f735466cecf': 'f.791E0EA8D4C19E44145BFD7D4024DC0E.d.EFE0D926EAA590FEC8C59A08E1B8C9FF.e.12578'}, 'value']}
2026-01-08 20:43:16 [   DEBUG] [connectionpool.py:544] http://localhost:51854 "POST /session/3b7ea9b8ae3b9f898b5332732fa74180/execute/sync HTTP/1.1" 200 0
2026-01-08 20:43:16 [   DEBUG] [remote_connection.py:438] Remote response: status=200 | data={"value":""} | headers=HTTPHeaderDict({'Content-Length': '12', 'Content-Type': 'application/json; charset=utf-8', 'cache-control': 'no-cache'})
2026-01-08 20:43:16 [   DEBUG] [remote_connection.py:467] Finished Request
2026-01-08 20:43:20 [   DEBUG] [remote_connection.py:405] POST http://localhost:51854/session/3b7ea9b8ae3b9f898b5332732fa74180/element {'using': 'xpath', 'value': '//span[contains(text(),"Vehicle")]/parent::div/preceding-sibling::div/div'}
2026-01-08 20:43:20 [   DEBUG] [connectionpool.py:544] http://localhost:51854 "POST /session/3b7ea9b8ae3b9f898b5332732fa74180/element HTTP/1.1" 200 0
2026-01-08 20:43:20 [   DEBUG] [remote_connection.py:438] Remote response: status=200 | data={"value":{"element-6066-11e4-a52e-4f735466cecf":"f.791E0EA8D4C19E44145BFD7D4024DC0E.d.EFE0D926EAA590FEC8C59A08E1B8C9FF.e.18141"}} | headers=HTTPHeaderDict({'Content-Length': '129', 'Content-Type': 'application/json; charset=utf-8', 'cache-control': 'no-cache'})
2026-01-08 20:43:20 [   DEBUG] [remote_connection.py:467] Finished Request
2026-01-08 20:43:20 [   DEBUG] [remote_connection.py:405] GET http://localhost:51854/session/3b7ea9b8ae3b9f898b5332732fa74180/element/f.791E0EA8D4C19E44145BFD7D4024DC0E.d.EFE0D926EAA590FEC8C59A08E1B8C9FF.e.18141/text {}
2026-01-08 20:43:20 [   DEBUG] [connectionpool.py:544] http://localhost:51854 "GET /session/3b7ea9b8ae3b9f898b5332732fa74180/element/f.791E0EA8D4C19E44145BFD7D4024DC0E.d.EFE0D926EAA590FEC8C59A08E1B8C9FF.e.18141/text HTTP/1.1" 200 0
2026-01-08 20:43:20 [   DEBUG] [remote_connection.py:438] Remote response: status=200 | data={"value":"696"} | headers=HTTPHeaderDict({'Content-Length': '15', 'Content-Type': 'application/json; charset=utf-8', 'cache-control': 'no-cache'})
2026-01-08 20:43:20 [   DEBUG] [remote_connection.py:467] Finished Request
2026-01-08 20:43:21 [   DEBUG] [remote_connection.py:405] POST http://localhost:51854/session/3b7ea9b8ae3b9f898b5332732fa74180/element {'using': 'xpath', 'value': '//span[contains(text(),"Vehicle")]/parent::div/preceding-sibling::div/div'}
2026-01-08 20:43:21 [   DEBUG] [connectionpool.py:544] http://localhost:51854 "POST /session/3b7ea9b8ae3b9f898b5332732fa74180/element HTTP/1.1" 200 0
2026-01-08 20:43:21 [   DEBUG] [remote_connection.py:438] Remote response: status=200 | data={"value":{"element-6066-11e4-a52e-4f735466cecf":"f.791E0EA8D4C19E44145BFD7D4024DC0E.d.EFE0D926EAA590FEC8C59A08E1B8C9FF.e.18141"}} | headers=HTTPHeaderDict({'Content-Length': '129', 'Content-Type': 'application/json; charset=utf-8', 'cache-control': 'no-cache'})
2026-01-08 20:43:21 [   DEBUG] [remote_connection.py:467] Finished Request
2026-01-08 20:43:21 [   DEBUG] [remote_connection.py:405] GET http://localhost:51854/session/3b7ea9b8ae3b9f898b5332732fa74180/element/f.791E0EA8D4C19E44145BFD7D4024DC0E.d.EFE0D926EAA590FEC8C59A08E1B8C9FF.e.18141/text {}
2026-01-08 20:43:21 [   DEBUG] [connectionpool.py:544] http://localhost:51854 "GET /session/3b7ea9b8ae3b9f898b5332732fa74180/element/f.791E0EA8D4C19E44145BFD7D4024DC0E.d.EFE0D926EAA590FEC8C59A08E1B8C9FF.e.18141/text HTTP/1.1" 200 0
2026-01-08 20:43:21 [   DEBUG] [remote_connection.py:438] Remote response: status=200 | data={"value":"696"} | headers=HTTPHeaderDict({'Content-Length': '15', 'Content-Type': 'application/json; charset=utf-8', 'cache-control': 'no-cache'})
2026-01-08 20:43:21 [   DEBUG] [remote_connection.py:467] Finished Request
2026-01-08 20:43:21 [   DEBUG] [connectionpool.py:1049] Starting new HTTPS connection (1): login.lytx.com:443
2026-01-08 20:43:23 [   DEBUG] [connectionpool.py:544] https://login.lytx.com:443 "POST /api/auth/user HTTP/1.1" 200 None
2026-01-08 20:43:25 [   DEBUG] [remote_connection.py:405] POST http://localhost:51854/session/3b7ea9b8ae3b9f898b5332732fa74180/element {'using': 'xpath', 'value': '//span[contains(text(),"Vehicle")]/parent::div/preceding-sibling::div/div'}
2026-01-08 20:43:25 [   DEBUG] [connectionpool.py:544] http://localhost:51854 "POST /session/3b7ea9b8ae3b9f898b5332732fa74180/element HTTP/1.1" 200 0
2026-01-08 20:43:25 [   DEBUG] [remote_connection.py:438] Remote response: status=200 | data={"value":{"element-6066-11e4-a52e-4f735466cecf":"f.791E0EA8D4C19E44145BFD7D4024DC0E.d.EFE0D926EAA590FEC8C59A08E1B8C9FF.e.18141"}} | headers=HTTPHeaderDict({'Content-Length': '129', 'Content-Type': 'application/json; charset=utf-8', 'cache-control': 'no-cache'})
2026-01-08 20:43:25 [   DEBUG] [remote_connection.py:467] Finished Request
2026-01-08 20:43:25 [   DEBUG] [remote_connection.py:405] GET http://localhost:51854/session/3b7ea9b8ae3b9f898b5332732fa74180/element/f.791E0EA8D4C19E44145BFD7D4024DC0E.d.EFE0D926EAA590FEC8C59A08E1B8C9FF.e.18141/text {}
2026-01-08 20:43:25 [   DEBUG] [connectionpool.py:544] http://localhost:51854 "GET /session/3b7ea9b8ae3b9f898b5332732fa74180/element/f.791E0EA8D4C19E44145BFD7D4024DC0E.d.EFE0D926EAA590FEC8C59A08E1B8C9FF.e.18141/text HTTP/1.1" 200 0
2026-01-08 20:43:25 [   DEBUG] [remote_connection.py:438] Remote response: status=200 | data={"value":"696"} | headers=HTTPHeaderDict({'Content-Length': '15', 'Content-Type': 'application/json; charset=utf-8', 'cache-control': 'no-cache'})
2026-01-08 20:43:25 [   DEBUG] [remote_connection.py:467] Finished Request
2026-01-08 20:43:26 [   DEBUG] [remote_connection.py:405] POST http://localhost:51854/session/3b7ea9b8ae3b9f898b5332732fa74180/element {'using': 'xpath', 'value': '//span[contains(text(),"Vehicle")]/parent::div/preceding-sibling::div/div'}
2026-01-08 20:43:26 [   DEBUG] [connectionpool.py:544] http://localhost:51854 "POST /session/3b7ea9b8ae3b9f898b5332732fa74180/element HTTP/1.1" 200 0
2026-01-08 20:43:26 [   DEBUG] [remote_connection.py:438] Remote response: status=200 | data={"value":{"element-6066-11e4-a52e-4f735466cecf":"f.791E0EA8D4C19E44145BFD7D4024DC0E.d.EFE0D926EAA590FEC8C59A08E1B8C9FF.e.18141"}} | headers=HTTPHeaderDict({'Content-Length': '129', 'Content-Type': 'application/json; charset=utf-8', 'cache-control': 'no-cache'})
2026-01-08 20:43:26 [   DEBUG] [remote_connection.py:467] Finished Request
2026-01-08 20:43:26 [   DEBUG] [remote_connection.py:405] GET http://localhost:51854/session/3b7ea9b8ae3b9f898b5332732fa74180/element/f.791E0EA8D4C19E44145BFD7D4024DC0E.d.EFE0D926EAA590FEC8C59A08E1B8C9FF.e.18141/text {}
2026-01-08 20:43:26 [   DEBUG] [connectionpool.py:544] http://localhost:51854 "GET /session/3b7ea9b8ae3b9f898b5332732fa74180/element/f.791E0EA8D4C19E44145BFD7D4024DC0E.d.EFE0D926EAA590FEC8C59A08E1B8C9FF.e.18141/text HTTP/1.1" 200 0
2026-01-08 20:43:26 [   DEBUG] [remote_connection.py:438] Remote response: status=200 | data={"value":"696"} | headers=HTTPHeaderDict({'Content-Length': '15', 'Content-Type': 'application/json; charset=utf-8', 'cache-control': 'no-cache'})
2026-01-08 20:43:26 [   DEBUG] [remote_connection.py:467] Finished Request
2026-01-08 20:43:26 [   DEBUG] [remote_connection.py:405] POST http://localhost:51854/session/3b7ea9b8ae3b9f898b5332732fa74180/element {'using': 'xpath', 'value': '/html/body/app-root/shell/div/div/div/ng-component/div/div/vehicles-list-filter/filter-bar/div/div[2...'}
2026-01-08 20:43:26 [   DEBUG] [connectionpool.py:544] http://localhost:51854 "POST /session/3b7ea9b8ae3b9f898b5332732fa74180/element HTTP/1.1" 200 0
2026-01-08 20:43:26 [   DEBUG] [remote_connection.py:438] Remote response: status=200 | data={"value":{"element-6066-11e4-a52e-4f735466cecf":"f.791E0EA8D4C19E44145BFD7D4024DC0E.d.EFE0D926EAA590FEC8C59A08E1B8C9FF.e.584"}} | headers=HTTPHeaderDict({'Content-Length': '127', 'Content-Type': 'application/json; charset=utf-8', 'cache-control': 'no-cache'})
2026-01-08 20:43:26 [   DEBUG] [remote_connection.py:467] Finished Request
2026-01-08 20:43:26 [   DEBUG] [remote_connection.py:405] POST http://localhost:51854/session/3b7ea9b8ae3b9f898b5332732fa74180/element/f.791E0EA8D4C19E44145BFD7D4024DC0E.d.EFE0D926EAA590FEC8C59A08E1B8C9FF.e.584/click {}
2026-01-08 20:43:26 [   DEBUG] [connectionpool.py:544] http://localhost:51854 "POST /session/3b7ea9b8ae3b9f898b5332732fa74180/element/f.791E0EA8D4C19E44145BFD7D4024DC0E.d.EFE0D926EAA590FEC8C59A08E1B8C9FF.e.584/click HTTP/1.1" 200 0
2026-01-08 20:43:26 [   DEBUG] [remote_connection.py:438] Remote response: status=200 | data={"value":null} | headers=HTTPHeaderDict({'Content-Length': '14', 'Content-Type': 'application/json; charset=utf-8', 'cache-control': 'no-cache'})
2026-01-08 20:43:26 [   DEBUG] [remote_connection.py:467] Finished Request
2026-01-08 20:43:26 [   DEBUG] [remote_connection.py:405] POST http://localhost:51854/session/3b7ea9b8ae3b9f898b5332732fa74180/element {'using': 'xpath', 'value': '/html/body/app-root/shell/div/div/div/ng-component/div/div/vehicles-list-filter/filter-bar/div/div[2...'}
2026-01-08 20:43:26 [   DEBUG] [connectionpool.py:544] http://localhost:51854 "POST /session/3b7ea9b8ae3b9f898b5332732fa74180/element HTTP/1.1" 200 0
2026-01-08 20:43:26 [   DEBUG] [remote_connection.py:438] Remote response: status=200 | data={"value":{"element-6066-11e4-a52e-4f735466cecf":"f.791E0EA8D4C19E44145BFD7D4024DC0E.d.EFE0D926EAA590FEC8C59A08E1B8C9FF.e.657"}} | headers=HTTPHeaderDict({'Content-Length': '127', 'Content-Type': 'application/json; charset=utf-8', 'cache-control': 'no-cache'})
2026-01-08 20:43:26 [   DEBUG] [remote_connection.py:467] Finished Request
2026-01-08 20:43:26 [   DEBUG] [remote_connection.py:405] POST http://localhost:51854/session/3b7ea9b8ae3b9f898b5332732fa74180/element/f.791E0EA8D4C19E44145BFD7D4024DC0E.d.EFE0D926EAA590FEC8C59A08E1B8C9FF.e.657/click {}
2026-01-08 20:43:27 [   DEBUG] [connectionpool.py:544] http://localhost:51854 "POST /session/3b7ea9b8ae3b9f898b5332732fa74180/element/f.791E0EA8D4C19E44145BFD7D4024DC0E.d.EFE0D926EAA590FEC8C59A08E1B8C9FF.e.657/click HTTP/1.1" 200 0
2026-01-08 20:43:27 [   DEBUG] [remote_connection.py:438] Remote response: status=200 | data={"value":null} | headers=HTTPHeaderDict({'Content-Length': '14', 'Content-Type': 'application/json; charset=utf-8', 'cache-control': 'no-cache'})
2026-01-08 20:43:27 [   DEBUG] [remote_connection.py:467] Finished Request
2026-01-08 20:43:27 [   DEBUG] [remote_connection.py:405] POST http://localhost:51854/session/3b7ea9b8ae3b9f898b5332732fa74180/element {'using': 'xpath', 'value': '/html/body/app-root/shell/div/div/div/ng-component/div/div/vehicles-list-filter/filter-bar/div/div[2...'}
2026-01-08 20:43:27 [   DEBUG] [connectionpool.py:544] http://localhost:51854 "POST /session/3b7ea9b8ae3b9f898b5332732fa74180/element HTTP/1.1" 200 0
2026-01-08 20:43:27 [   DEBUG] [remote_connection.py:438] Remote response: status=200 | data={"value":{"element-6066-11e4-a52e-4f735466cecf":"f.791E0EA8D4C19E44145BFD7D4024DC0E.d.EFE0D926EAA590FEC8C59A08E1B8C9FF.e.12578"}} | headers=HTTPHeaderDict({'Content-Length': '129', 'Content-Type': 'application/json; charset=utf-8', 'cache-control': 'no-cache'})
2026-01-08 20:43:27 [   DEBUG] [remote_connection.py:467] Finished Request
2026-01-08 20:43:27 [   DEBUG] [remote_connection.py:405] POST http://localhost:51854/session/3b7ea9b8ae3b9f898b5332732fa74180/element/f.791E0EA8D4C19E44145BFD7D4024DC0E.d.EFE0D926EAA590FEC8C59A08E1B8C9FF.e.12578/value {'text': 'QM40849291', 'value': ['Q', 'M', '4', '0', '8', '4', '9', '2', '9', '1']}
2026-01-08 20:43:27 [   DEBUG] [connectionpool.py:544] http://localhost:51854 "POST /session/3b7ea9b8ae3b9f898b5332732fa74180/element/f.791E0EA8D4C19E44145BFD7D4024DC0E.d.EFE0D926EAA590FEC8C59A08E1B8C9FF.e.12578/value HTTP/1.1" 200 0
2026-01-08 20:43:27 [   DEBUG] [remote_connection.py:438] Remote response: status=200 | data={"value":null} | headers=HTTPHeaderDict({'Content-Length': '14', 'Content-Type': 'application/json; charset=utf-8', 'cache-control': 'no-cache'})
2026-01-08 20:43:27 [   DEBUG] [remote_connection.py:467] Finished Request
2026-01-08 20:43:27 [   DEBUG] [remote_connection.py:405] POST http://localhost:51854/session/3b7ea9b8ae3b9f898b5332732fa74180/element {'using': 'xpath', 'value': '/html/body/app-root/shell/div/div/div/ng-component/div/div/vehicles-list-filter/filter-bar/div/div[2...'}
2026-01-08 20:43:27 [   DEBUG] [connectionpool.py:544] http://localhost:51854 "POST /session/3b7ea9b8ae3b9f898b5332732fa74180/element HTTP/1.1" 200 0
2026-01-08 20:43:27 [   DEBUG] [remote_connection.py:438] Remote response: status=200 | data={"value":{"element-6066-11e4-a52e-4f735466cecf":"f.791E0EA8D4C19E44145BFD7D4024DC0E.d.EFE0D926EAA590FEC8C59A08E1B8C9FF.e.12578"}} | headers=HTTPHeaderDict({'Content-Length': '129', 'Content-Type': 'application/json; charset=utf-8', 'cache-control': 'no-cache'})
2026-01-08 20:43:27 [   DEBUG] [remote_connection.py:467] Finished Request
2026-01-08 20:43:27 [   DEBUG] [remote_connection.py:405] POST http://localhost:51854/session/3b7ea9b8ae3b9f898b5332732fa74180/element/f.791E0EA8D4C19E44145BFD7D4024DC0E.d.EFE0D926EAA590FEC8C59A08E1B8C9FF.e.12578/value {'text': '\ue007', 'value': ['\ue007']}
2026-01-08 20:43:27 [   DEBUG] [connectionpool.py:544] http://localhost:51854 "POST /session/3b7ea9b8ae3b9f898b5332732fa74180/element/f.791E0EA8D4C19E44145BFD7D4024DC0E.d.EFE0D926EAA590FEC8C59A08E1B8C9FF.e.12578/value HTTP/1.1" 200 0
2026-01-08 20:43:27 [   DEBUG] [remote_connection.py:438] Remote response: status=200 | data={"value":null} | headers=HTTPHeaderDict({'Content-Length': '14', 'Content-Type': 'application/json; charset=utf-8', 'cache-control': 'no-cache'})
2026-01-08 20:43:27 [   DEBUG] [remote_connection.py:467] Finished Request
2026-01-08 20:43:31 [   DEBUG] [remote_connection.py:405] POST http://localhost:51854/session/3b7ea9b8ae3b9f898b5332732fa74180/element {'using': 'xpath', 'value': '//span[contains(text(),"Vehicle")]/parent::div/preceding-sibling::div/div'}
2026-01-08 20:43:31 [   DEBUG] [connectionpool.py:544] http://localhost:51854 "POST /session/3b7ea9b8ae3b9f898b5332732fa74180/element HTTP/1.1" 200 0
2026-01-08 20:43:31 [   DEBUG] [remote_connection.py:438] Remote response: status=200 | data={"value":{"element-6066-11e4-a52e-4f735466cecf":"f.791E0EA8D4C19E44145BFD7D4024DC0E.d.EFE0D926EAA590FEC8C59A08E1B8C9FF.e.19423"}} | headers=HTTPHeaderDict({'Content-Length': '129', 'Content-Type': 'application/json; charset=utf-8', 'cache-control': 'no-cache'})
2026-01-08 20:43:31 [   DEBUG] [remote_connection.py:467] Finished Request
2026-01-08 20:43:31 [   DEBUG] [remote_connection.py:405] GET http://localhost:51854/session/3b7ea9b8ae3b9f898b5332732fa74180/element/f.791E0EA8D4C19E44145BFD7D4024DC0E.d.EFE0D926EAA590FEC8C59A08E1B8C9FF.e.19423/text {}
2026-01-08 20:43:31 [   DEBUG] [connectionpool.py:544] http://localhost:51854 "GET /session/3b7ea9b8ae3b9f898b5332732fa74180/element/f.791E0EA8D4C19E44145BFD7D4024DC0E.d.EFE0D926EAA590FEC8C59A08E1B8C9FF.e.19423/text HTTP/1.1" 200 0
2026-01-08 20:43:31 [   DEBUG] [remote_connection.py:438] Remote response: status=200 | data={"value":"1"} | headers=HTTPHeaderDict({'Content-Length': '13', 'Content-Type': 'application/json; charset=utf-8', 'cache-control': 'no-cache'})
2026-01-08 20:43:31 [   DEBUG] [remote_connection.py:467] Finished Request
2026-01-08 20:43:32 [   DEBUG] [remote_connection.py:405] POST http://localhost:51854/session/3b7ea9b8ae3b9f898b5332732fa74180/element {'using': 'xpath', 'value': '//span[contains(text(),"Vehicle")]/parent::div/preceding-sibling::div/div'}
2026-01-08 20:43:32 [   DEBUG] [connectionpool.py:544] http://localhost:51854 "POST /session/3b7ea9b8ae3b9f898b5332732fa74180/element HTTP/1.1" 200 0
2026-01-08 20:43:32 [   DEBUG] [remote_connection.py:438] Remote response: status=200 | data={"value":{"element-6066-11e4-a52e-4f735466cecf":"f.791E0EA8D4C19E44145BFD7D4024DC0E.d.EFE0D926EAA590FEC8C59A08E1B8C9FF.e.19423"}} | headers=HTTPHeaderDict({'Content-Length': '129', 'Content-Type': 'application/json; charset=utf-8', 'cache-control': 'no-cache'})
2026-01-08 20:43:32 [   DEBUG] [remote_connection.py:467] Finished Request
2026-01-08 20:43:32 [   DEBUG] [remote_connection.py:405] GET http://localhost:51854/session/3b7ea9b8ae3b9f898b5332732fa74180/element/f.791E0EA8D4C19E44145BFD7D4024DC0E.d.EFE0D926EAA590FEC8C59A08E1B8C9FF.e.19423/text {}
2026-01-08 20:43:32 [   DEBUG] [connectionpool.py:544] http://localhost:51854 "GET /session/3b7ea9b8ae3b9f898b5332732fa74180/element/f.791E0EA8D4C19E44145BFD7D4024DC0E.d.EFE0D926EAA590FEC8C59A08E1B8C9FF.e.19423/text HTTP/1.1" 200 0
2026-01-08 20:43:32 [   DEBUG] [remote_connection.py:438] Remote response: status=200 | data={"value":"1"} | headers=HTTPHeaderDict({'Content-Length': '13', 'Content-Type': 'application/json; charset=utf-8', 'cache-control': 'no-cache'})
2026-01-08 20:43:32 [   DEBUG] [remote_connection.py:467] Finished Request
2026-01-08 20:43:32 [   DEBUG] [connectionpool.py:1049] Starting new HTTPS connection (1): api.aws.drivecam.net:443
2026-01-08 20:43:34 [   DEBUG] [connectionpool.py:544] https://api.aws.drivecam.net:443 "POST /api/videosearch-api/devices HTTP/1.1" 200 None
2026-01-08 20:43:34 [   DEBUG] [remote_connection.py:405] POST http://localhost:51854/session/3b7ea9b8ae3b9f898b5332732fa74180/element {'using': 'xpath', 'value': "//div[contains(@class, 'search')]//input"}
2026-01-08 20:43:34 [   DEBUG] [connectionpool.py:544] http://localhost:51854 "POST /session/3b7ea9b8ae3b9f898b5332732fa74180/element HTTP/1.1" 200 0
2026-01-08 20:43:34 [   DEBUG] [remote_connection.py:438] Remote response: status=200 | data={"value":{"element-6066-11e4-a52e-4f735466cecf":"f.791E0EA8D4C19E44145BFD7D4024DC0E.d.EFE0D926EAA590FEC8C59A08E1B8C9FF.e.12578"}} | headers=HTTPHeaderDict({'Content-Length': '129', 'Content-Type': 'application/json; charset=utf-8', 'cache-control': 'no-cache'})
2026-01-08 20:43:34 [   DEBUG] [remote_connection.py:467] Finished Request
2026-01-08 20:43:34 [   DEBUG] [remote_connection.py:405] POST http://localhost:51854/session/3b7ea9b8ae3b9f898b5332732fa74180/element/f.791E0EA8D4C19E44145BFD7D4024DC0E.d.EFE0D926EAA590FEC8C59A08E1B8C9FF.e.12578/clear {}
2026-01-08 20:43:34 [   DEBUG] [connectionpool.py:544] http://localhost:51854 "POST /session/3b7ea9b8ae3b9f898b5332732fa74180/element/f.791E0EA8D4C19E44145BFD7D4024DC0E.d.EFE0D926EAA590FEC8C59A08E1B8C9FF.e.12578/clear HTTP/1.1" 200 0
2026-01-08 20:43:34 [   DEBUG] [remote_connection.py:438] Remote response: status=200 | data={"value":null} | headers=HTTPHeaderDict({'Content-Length': '14', 'Content-Type': 'application/json; charset=utf-8', 'cache-control': 'no-cache'})
2026-01-08 20:43:34 [   DEBUG] [remote_connection.py:467] Finished Request
2026-01-08 20:43:34 [   DEBUG] [remote_connection.py:405] POST http://localhost:51854/session/3b7ea9b8ae3b9f898b5332732fa74180/element/f.791E0EA8D4C19E44145BFD7D4024DC0E.d.EFE0D926EAA590FEC8C59A08E1B8C9FF.e.12578/value {'text': 'QM40849291', 'value': ['Q', 'M', '4', '0', '8', '4', '9', '2', '9', '1']}
2026-01-08 20:43:34 [   DEBUG] [connectionpool.py:544] http://localhost:51854 "POST /session/3b7ea9b8ae3b9f898b5332732fa74180/element/f.791E0EA8D4C19E44145BFD7D4024DC0E.d.EFE0D926EAA590FEC8C59A08E1B8C9FF.e.12578/value HTTP/1.1" 200 0
2026-01-08 20:43:34 [   DEBUG] [remote_connection.py:438] Remote response: status=200 | data={"value":null} | headers=HTTPHeaderDict({'Content-Length': '14', 'Content-Type': 'application/json; charset=utf-8', 'cache-control': 'no-cache'})
2026-01-08 20:43:34 [   DEBUG] [remote_connection.py:467] Finished Request
2026-01-08 20:43:34 [   DEBUG] [remote_connection.py:405] POST http://localhost:51854/session/3b7ea9b8ae3b9f898b5332732fa74180/element/f.791E0EA8D4C19E44145BFD7D4024DC0E.d.EFE0D926EAA590FEC8C59A08E1B8C9FF.e.12578/value {'text': '\ue007', 'value': ['\ue007']}
2026-01-08 20:43:34 [   DEBUG] [connectionpool.py:544] http://localhost:51854 "POST /session/3b7ea9b8ae3b9f898b5332732fa74180/element/f.791E0EA8D4C19E44145BFD7D4024DC0E.d.EFE0D926EAA590FEC8C59A08E1B8C9FF.e.12578/value HTTP/1.1" 200 0
2026-01-08 20:43:34 [   DEBUG] [remote_connection.py:438] Remote response: status=200 | data={"value":null} | headers=HTTPHeaderDict({'Content-Length': '14', 'Content-Type': 'application/json; charset=utf-8', 'cache-control': 'no-cache'})
2026-01-08 20:43:34 [   DEBUG] [remote_connection.py:467] Finished Request
2026-01-08 20:43:38 [   DEBUG] [remote_connection.py:405] POST http://localhost:51854/session/3b7ea9b8ae3b9f898b5332732fa74180/element {'using': 'xpath', 'value': '//span[contains(text(),"Vehicle")]/parent::div/preceding-sibling::div/div'}
2026-01-08 20:43:38 [   DEBUG] [connectionpool.py:544] http://localhost:51854 "POST /session/3b7ea9b8ae3b9f898b5332732fa74180/element HTTP/1.1" 200 0
2026-01-08 20:43:38 [   DEBUG] [remote_connection.py:438] Remote response: status=200 | data={"value":{"element-6066-11e4-a52e-4f735466cecf":"f.791E0EA8D4C19E44145BFD7D4024DC0E.d.EFE0D926EAA590FEC8C59A08E1B8C9FF.e.20095"}} | headers=HTTPHeaderDict({'Content-Length': '129', 'Content-Type': 'application/json; charset=utf-8', 'cache-control': 'no-cache'})
2026-01-08 20:43:38 [   DEBUG] [remote_connection.py:467] Finished Request
2026-01-08 20:43:38 [   DEBUG] [remote_connection.py:405] GET http://localhost:51854/session/3b7ea9b8ae3b9f898b5332732fa74180/element/f.791E0EA8D4C19E44145BFD7D4024DC0E.d.EFE0D926EAA590FEC8C59A08E1B8C9FF.e.20095/text {}
2026-01-08 20:43:38 [   DEBUG] [connectionpool.py:544] http://localhost:51854 "GET /session/3b7ea9b8ae3b9f898b5332732fa74180/element/f.791E0EA8D4C19E44145BFD7D4024DC0E.d.EFE0D926EAA590FEC8C59A08E1B8C9FF.e.20095/text HTTP/1.1" 200 0
2026-01-08 20:43:38 [   DEBUG] [remote_connection.py:438] Remote response: status=200 | data={"value":"1"} | headers=HTTPHeaderDict({'Content-Length': '13', 'Content-Type': 'application/json; charset=utf-8', 'cache-control': 'no-cache'})
2026-01-08 20:43:38 [   DEBUG] [remote_connection.py:467] Finished Request
2026-01-08 20:43:39 [   DEBUG] [remote_connection.py:405] POST http://localhost:51854/session/3b7ea9b8ae3b9f898b5332732fa74180/element {'using': 'xpath', 'value': '//span[contains(text(),"Vehicle")]/parent::div/preceding-sibling::div/div'}
2026-01-08 20:43:39 [   DEBUG] [connectionpool.py:544] http://localhost:51854 "POST /session/3b7ea9b8ae3b9f898b5332732fa74180/element HTTP/1.1" 200 0
2026-01-08 20:43:39 [   DEBUG] [remote_connection.py:438] Remote response: status=200 | data={"value":{"element-6066-11e4-a52e-4f735466cecf":"f.791E0EA8D4C19E44145BFD7D4024DC0E.d.EFE0D926EAA590FEC8C59A08E1B8C9FF.e.20095"}} | headers=HTTPHeaderDict({'Content-Length': '129', 'Content-Type': 'application/json; charset=utf-8', 'cache-control': 'no-cache'})
2026-01-08 20:43:39 [   DEBUG] [remote_connection.py:467] Finished Request
2026-01-08 20:43:39 [   DEBUG] [remote_connection.py:405] GET http://localhost:51854/session/3b7ea9b8ae3b9f898b5332732fa74180/element/f.791E0EA8D4C19E44145BFD7D4024DC0E.d.EFE0D926EAA590FEC8C59A08E1B8C9FF.e.20095/text {}
2026-01-08 20:43:39 [   DEBUG] [connectionpool.py:544] http://localhost:51854 "GET /session/3b7ea9b8ae3b9f898b5332732fa74180/element/f.791E0EA8D4C19E44145BFD7D4024DC0E.d.EFE0D926EAA590FEC8C59A08E1B8C9FF.e.20095/text HTTP/1.1" 200 0
2026-01-08 20:43:39 [   DEBUG] [remote_connection.py:438] Remote response: status=200 | data={"value":"1"} | headers=HTTPHeaderDict({'Content-Length': '13', 'Content-Type': 'application/json; charset=utf-8', 'cache-control': 'no-cache'})
2026-01-08 20:43:39 [   DEBUG] [remote_connection.py:467] Finished Request
2026-01-08 20:43:39 [   DEBUG] [connectionpool.py:1049] Starting new HTTPS connection (1): api.aws.drivecam.net:443
2026-01-08 20:43:41 [   DEBUG] [connectionpool.py:544] https://api.aws.drivecam.net:443 "POST /api/videosearch-api/devices HTTP/1.1" 200 None
2026-01-08 20:43:41 [   DEBUG] [remote_connection.py:405] POST http://localhost:51854/session/3b7ea9b8ae3b9f898b5332732fa74180/element {'using': 'xpath', 'value': "//div[contains(@class, 'search')]//input"}
2026-01-08 20:43:41 [   DEBUG] [connectionpool.py:544] http://localhost:51854 "POST /session/3b7ea9b8ae3b9f898b5332732fa74180/element HTTP/1.1" 200 0
2026-01-08 20:43:41 [   DEBUG] [remote_connection.py:438] Remote response: status=200 | data={"value":{"element-6066-11e4-a52e-4f735466cecf":"f.791E0EA8D4C19E44145BFD7D4024DC0E.d.EFE0D926EAA590FEC8C59A08E1B8C9FF.e.12578"}} | headers=HTTPHeaderDict({'Content-Length': '129', 'Content-Type': 'application/json; charset=utf-8', 'cache-control': 'no-cache'})
2026-01-08 20:43:41 [   DEBUG] [remote_connection.py:467] Finished Request
2026-01-08 20:43:41 [   DEBUG] [remote_connection.py:405] POST http://localhost:51854/session/3b7ea9b8ae3b9f898b5332732fa74180/execute/sync {'script': '/* getAttribute */return (function(){return (function(){var d=this||self;function f(a,b){function c(...', 'args': [{'element-6066-11e4-a52e-4f735466cecf': 'f.791E0EA8D4C19E44145BFD7D4024DC0E.d.EFE0D926EAA590FEC8C59A08E1B8C9FF.e.12578'}, 'value']}
2026-01-08 20:43:41 [   DEBUG] [connectionpool.py:544] http://localhost:51854 "POST /session/3b7ea9b8ae3b9f898b5332732fa74180/execute/sync HTTP/1.1" 200 0
2026-01-08 20:43:41 [   DEBUG] [remote_connection.py:438] Remote response: status=200 | data={"value":"QM40849291"} | headers=HTTPHeaderDict({'Content-Length': '22', 'Content-Type': 'application/json; charset=utf-8', 'cache-control': 'no-cache'})
2026-01-08 20:43:41 [   DEBUG] [remote_connection.py:467] Finished Request
2026-01-08 20:43:41 [   DEBUG] [remote_connection.py:405] POST http://localhost:51854/session/3b7ea9b8ae3b9f898b5332732fa74180/element {'using': 'xpath', 'value': "//div[contains(@class, 'search')]//span[contains(@class, 'clear-search-icon')]"}
2026-01-08 20:43:51 [   DEBUG] [connectionpool.py:544] http://localhost:51854 "POST /session/3b7ea9b8ae3b9f898b5332732fa74180/element HTTP/1.1" 404 0
2026-01-08 20:43:51 [   DEBUG] [remote_connection.py:438] Remote response: status=404 | data={"value":{"error":"no such element","message":"no such element: Unable to locate element: {\"method\":\"xpath\",\"selector\":\"//div[contains(@class, 'search')]//span[contains(@class, 'clear-search-icon')]\"}\n  (Session info: chrome=143.0.7499.170)","stacktrace":"Symbols not available. Dumping unresolved backtrace:\n\t0x7ff6013088d5\n\t0x7ff601308930\n\t0x7ff6010e165d\n\t0x7ff601139a33\n\t0x7ff601139d3c\n\t0x7ff60118df67\n\t0x7ff60118ac97\n\t0x7ff60112ac29\n\t0x7ff60112ba93\n\t0x7ff601620620\n\t0x7ff60161af60\n\t0x7ff6016396c6\n\t0x7ff601325dd4\n\t0x7ff60132ed7c\n\t0x7ff601311ff4\n\t0x7ff6013121a5\n\t0x7ff6012f7ed2\n\t0x7ffd7983e8d7\n\t0x7ffd7b84c53c\n"}} | headers=HTTPHeaderDict({'Content-Length': '664', 'Content-Type': 'application/json; charset=utf-8', 'cache-control': 'no-cache'})
2026-01-08 20:43:51 [   DEBUG] [remote_connection.py:467] Finished Request
2026-01-08 20:43:51 [   DEBUG] [remote_connection.py:405] POST http://localhost:51854/session/3b7ea9b8ae3b9f898b5332732fa74180/element {'using': 'xpath', 'value': "//div[contains(@class, 'search')]//i[contains(@class, 'clear')]"}
2026-01-08 20:44:01 [   DEBUG] [connectionpool.py:544] http://localhost:51854 "POST /session/3b7ea9b8ae3b9f898b5332732fa74180/element HTTP/1.1" 404 0
2026-01-08 20:44:01 [   DEBUG] [remote_connection.py:438] Remote response: status=404 | data={"value":{"error":"no such element","message":"no such element: Unable to locate element: {\"method\":\"xpath\",\"selector\":\"//div[contains(@class, 'search')]//i[contains(@class, 'clear')]\"}\n  (Session info: chrome=143.0.7499.170)","stacktrace":"Symbols not available. Dumping unresolved backtrace:\n\t0x7ff6013088d5\n\t0x7ff601308930\n\t0x7ff6010e165d\n\t0x7ff601139a33\n\t0x7ff601139d3c\n\t0x7ff60118df67\n\t0x7ff60118ac97\n\t0x7ff60112ac29\n\t0x7ff60112ba93\n\t0x7ff601620620\n\t0x7ff60161af60\n\t0x7ff6016396c6\n\t0x7ff601325dd4\n\t0x7ff60132ed7c\n\t0x7ff601311ff4\n\t0x7ff6013121a5\n\t0x7ff6012f7ed2\n\t0x7ffd7983e8d7\n\t0x7ffd7b84c53c\n"}} | headers=HTTPHeaderDict({'Content-Length': '649', 'Content-Type': 'application/json; charset=utf-8', 'cache-control': 'no-cache'})
2026-01-08 20:44:01 [   DEBUG] [remote_connection.py:467] Finished Request
2026-01-08 20:44:01 [   DEBUG] [remote_connection.py:405] POST http://localhost:51854/session/3b7ea9b8ae3b9f898b5332732fa74180/element {'using': 'xpath', 'value': "//div[contains(@class, 'search')]//span[contains(@class, 'clear')]"}
2026-01-08 20:44:01 [   DEBUG] [connectionpool.py:544] http://localhost:51854 "POST /session/3b7ea9b8ae3b9f898b5332732fa74180/element HTTP/1.1" 200 0
2026-01-08 20:44:01 [   DEBUG] [remote_connection.py:438] Remote response: status=200 | data={"value":{"element-6066-11e4-a52e-4f735466cecf":"f.791E0EA8D4C19E44145BFD7D4024DC0E.d.EFE0D926EAA590FEC8C59A08E1B8C9FF.e.19388"}} | headers=HTTPHeaderDict({'Content-Length': '129', 'Content-Type': 'application/json; charset=utf-8', 'cache-control': 'no-cache'})
2026-01-08 20:44:01 [   DEBUG] [remote_connection.py:467] Finished Request
2026-01-08 20:44:01 [   DEBUG] [remote_connection.py:405] POST http://localhost:51854/session/3b7ea9b8ae3b9f898b5332732fa74180/execute/sync {'script': '/* isDisplayed */return (function(){return (function(){var g=this||self;\nfunction aa(a){var b=typeof...', 'args': [{'element-6066-11e4-a52e-4f735466cecf': 'f.791E0EA8D4C19E44145BFD7D4024DC0E.d.EFE0D926EAA590FEC8C59A08E1B8C9FF.e.19388'}]}
2026-01-08 20:44:01 [   DEBUG] [connectionpool.py:544] http://localhost:51854 "POST /session/3b7ea9b8ae3b9f898b5332732fa74180/execute/sync HTTP/1.1" 200 0
2026-01-08 20:44:01 [   DEBUG] [remote_connection.py:438] Remote response: status=200 | data={"value":true} | headers=HTTPHeaderDict({'Content-Length': '14', 'Content-Type': 'application/json; charset=utf-8', 'cache-control': 'no-cache'})
2026-01-08 20:44:01 [   DEBUG] [remote_connection.py:467] Finished Request
2026-01-08 20:44:01 [   DEBUG] [remote_connection.py:405] GET http://localhost:51854/session/3b7ea9b8ae3b9f898b5332732fa74180/element/f.791E0EA8D4C19E44145BFD7D4024DC0E.d.EFE0D926EAA590FEC8C59A08E1B8C9FF.e.19388/enabled {}
2026-01-08 20:44:01 [   DEBUG] [connectionpool.py:544] http://localhost:51854 "GET /session/3b7ea9b8ae3b9f898b5332732fa74180/element/f.791E0EA8D4C19E44145BFD7D4024DC0E.d.EFE0D926EAA590FEC8C59A08E1B8C9FF.e.19388/enabled HTTP/1.1" 200 0
2026-01-08 20:44:01 [   DEBUG] [remote_connection.py:438] Remote response: status=200 | data={"value":true} | headers=HTTPHeaderDict({'Content-Length': '14', 'Content-Type': 'application/json; charset=utf-8', 'cache-control': 'no-cache'})
2026-01-08 20:44:02 [   DEBUG] [remote_connection.py:467] Finished Request
2026-01-08 20:44:02 [   DEBUG] [remote_connection.py:405] POST http://localhost:51854/session/3b7ea9b8ae3b9f898b5332732fa74180/element {'using': 'xpath', 'value': "//div[contains(@class, 'search')]//span[contains(@class, 'clear')]"}
2026-01-08 20:44:02 [   DEBUG] [connectionpool.py:544] http://localhost:51854 "POST /session/3b7ea9b8ae3b9f898b5332732fa74180/element HTTP/1.1" 200 0
2026-01-08 20:44:02 [   DEBUG] [remote_connection.py:438] Remote response: status=200 | data={"value":{"element-6066-11e4-a52e-4f735466cecf":"f.791E0EA8D4C19E44145BFD7D4024DC0E.d.EFE0D926EAA590FEC8C59A08E1B8C9FF.e.19388"}} | headers=HTTPHeaderDict({'Content-Length': '129', 'Content-Type': 'application/json; charset=utf-8', 'cache-control': 'no-cache'})
2026-01-08 20:44:02 [   DEBUG] [remote_connection.py:467] Finished Request
2026-01-08 20:44:02 [   DEBUG] [remote_connection.py:405] POST http://localhost:51854/session/3b7ea9b8ae3b9f898b5332732fa74180/execute/sync {'script': 'arguments[0].scrollIntoView(true);', 'args': [{'element-6066-11e4-a52e-4f735466cecf': 'f.791E0EA8D4C19E44145BFD7D4024DC0E.d.EFE0D926EAA590FEC8C59A08E1B8C9FF.e.19388'}]}
2026-01-08 20:44:02 [   DEBUG] [connectionpool.py:544] http://localhost:51854 "POST /session/3b7ea9b8ae3b9f898b5332732fa74180/execute/sync HTTP/1.1" 200 0
2026-01-08 20:44:02 [   DEBUG] [remote_connection.py:438] Remote response: status=200 | data={"value":null} | headers=HTTPHeaderDict({'Content-Length': '14', 'Content-Type': 'application/json; charset=utf-8', 'cache-control': 'no-cache'})
2026-01-08 20:44:02 [   DEBUG] [remote_connection.py:467] Finished Request
2026-01-08 20:44:02 [   DEBUG] [remote_connection.py:405] POST http://localhost:51854/session/3b7ea9b8ae3b9f898b5332732fa74180/element/f.791E0EA8D4C19E44145BFD7D4024DC0E.d.EFE0D926EAA590FEC8C59A08E1B8C9FF.e.19388/click {}
2026-01-08 20:44:02 [   DEBUG] [connectionpool.py:544] http://localhost:51854 "POST /session/3b7ea9b8ae3b9f898b5332732fa74180/element/f.791E0EA8D4C19E44145BFD7D4024DC0E.d.EFE0D926EAA590FEC8C59A08E1B8C9FF.e.19388/click HTTP/1.1" 200 0
2026-01-08 20:44:02 [   DEBUG] [remote_connection.py:438] Remote response: status=200 | data={"value":null} | headers=HTTPHeaderDict({'Content-Length': '14', 'Content-Type': 'application/json; charset=utf-8', 'cache-control': 'no-cache'})
2026-01-08 20:44:02 [   DEBUG] [remote_connection.py:467] Finished Request
2026-01-08 20:44:03 [   DEBUG] [remote_connection.py:405] POST http://localhost:51854/session/3b7ea9b8ae3b9f898b5332732fa74180/element {'using': 'xpath', 'value': "//div[contains(@class, 'search')]//input"}
2026-01-08 20:44:03 [   DEBUG] [connectionpool.py:544] http://localhost:51854 "POST /session/3b7ea9b8ae3b9f898b5332732fa74180/element HTTP/1.1" 200 0
2026-01-08 20:44:03 [   DEBUG] [remote_connection.py:438] Remote response: status=200 | data={"value":{"element-6066-11e4-a52e-4f735466cecf":"f.791E0EA8D4C19E44145BFD7D4024DC0E.d.EFE0D926EAA590FEC8C59A08E1B8C9FF.e.12578"}} | headers=HTTPHeaderDict({'Content-Length': '129', 'Content-Type': 'application/json; charset=utf-8', 'cache-control': 'no-cache'})
2026-01-08 20:44:03 [   DEBUG] [remote_connection.py:467] Finished Request
2026-01-08 20:44:03 [   DEBUG] [remote_connection.py:405] POST http://localhost:51854/session/3b7ea9b8ae3b9f898b5332732fa74180/execute/sync {'script': '/* getAttribute */return (function(){return (function(){var d=this||self;function f(a,b){function c(...', 'args': [{'element-6066-11e4-a52e-4f735466cecf': 'f.791E0EA8D4C19E44145BFD7D4024DC0E.d.EFE0D926EAA590FEC8C59A08E1B8C9FF.e.12578'}, 'value']}
2026-01-08 20:44:03 [   DEBUG] [connectionpool.py:544] http://localhost:51854 "POST /session/3b7ea9b8ae3b9f898b5332732fa74180/execute/sync HTTP/1.1" 200 0
2026-01-08 20:44:03 [   DEBUG] [remote_connection.py:438] Remote response: status=200 | data={"value":""} | headers=HTTPHeaderDict({'Content-Length': '12', 'Content-Type': 'application/json; charset=utf-8', 'cache-control': 'no-cache'})
2026-01-08 20:44:03 [   DEBUG] [remote_connection.py:467] Finished Request
2026-01-08 20:44:07 [   DEBUG] [remote_connection.py:405] POST http://localhost:51854/session/3b7ea9b8ae3b9f898b5332732fa74180/element {'using': 'xpath', 'value': '//span[contains(text(),"Vehicle")]/parent::div/preceding-sibling::div/div'}
2026-01-08 20:44:07 [   DEBUG] [connectionpool.py:544] http://localhost:51854 "POST /session/3b7ea9b8ae3b9f898b5332732fa74180/element HTTP/1.1" 200 0
2026-01-08 20:44:07 [   DEBUG] [remote_connection.py:438] Remote response: status=200 | data={"value":{"element-6066-11e4-a52e-4f735466cecf":"f.791E0EA8D4C19E44145BFD7D4024DC0E.d.EFE0D926EAA590FEC8C59A08E1B8C9FF.e.20276"}} | headers=HTTPHeaderDict({'Content-Length': '129', 'Content-Type': 'application/json; charset=utf-8', 'cache-control': 'no-cache'})
2026-01-08 20:44:07 [   DEBUG] [remote_connection.py:467] Finished Request
2026-01-08 20:44:07 [   DEBUG] [remote_connection.py:405] GET http://localhost:51854/session/3b7ea9b8ae3b9f898b5332732fa74180/element/f.791E0EA8D4C19E44145BFD7D4024DC0E.d.EFE0D926EAA590FEC8C59A08E1B8C9FF.e.20276/text {}
2026-01-08 20:44:07 [   DEBUG] [connectionpool.py:544] http://localhost:51854 "GET /session/3b7ea9b8ae3b9f898b5332732fa74180/element/f.791E0EA8D4C19E44145BFD7D4024DC0E.d.EFE0D926EAA590FEC8C59A08E1B8C9FF.e.20276/text HTTP/1.1" 200 0
2026-01-08 20:44:07 [   DEBUG] [remote_connection.py:438] Remote response: status=200 | data={"value":"696"} | headers=HTTPHeaderDict({'Content-Length': '15', 'Content-Type': 'application/json; charset=utf-8', 'cache-control': 'no-cache'})
2026-01-08 20:44:07 [   DEBUG] [remote_connection.py:467] Finished Request
2026-01-08 20:44:08 [   DEBUG] [remote_connection.py:405] POST http://localhost:51854/session/3b7ea9b8ae3b9f898b5332732fa74180/element {'using': 'xpath', 'value': '//span[contains(text(),"Vehicle")]/parent::div/preceding-sibling::div/div'}
2026-01-08 20:44:08 [   DEBUG] [connectionpool.py:544] http://localhost:51854 "POST /session/3b7ea9b8ae3b9f898b5332732fa74180/element HTTP/1.1" 200 0
2026-01-08 20:44:08 [   DEBUG] [remote_connection.py:438] Remote response: status=200 | data={"value":{"element-6066-11e4-a52e-4f735466cecf":"f.791E0EA8D4C19E44145BFD7D4024DC0E.d.EFE0D926EAA590FEC8C59A08E1B8C9FF.e.20276"}} | headers=HTTPHeaderDict({'Content-Length': '129', 'Content-Type': 'application/json; charset=utf-8', 'cache-control': 'no-cache'})
2026-01-08 20:44:08 [   DEBUG] [remote_connection.py:467] Finished Request
2026-01-08 20:44:08 [   DEBUG] [remote_connection.py:405] GET http://localhost:51854/session/3b7ea9b8ae3b9f898b5332732fa74180/element/f.791E0EA8D4C19E44145BFD7D4024DC0E.d.EFE0D926EAA590FEC8C59A08E1B8C9FF.e.20276/text {}
2026-01-08 20:44:08 [   DEBUG] [connectionpool.py:544] http://localhost:51854 "GET /session/3b7ea9b8ae3b9f898b5332732fa74180/element/f.791E0EA8D4C19E44145BFD7D4024DC0E.d.EFE0D926EAA590FEC8C59A08E1B8C9FF.e.20276/text HTTP/1.1" 200 0
2026-01-08 20:44:08 [   DEBUG] [remote_connection.py:438] Remote response: status=200 | data={"value":"696"} | headers=HTTPHeaderDict({'Content-Length': '15', 'Content-Type': 'application/json; charset=utf-8', 'cache-control': 'no-cache'})
2026-01-08 20:44:08 [   DEBUG] [remote_connection.py:467] Finished Request
2026-01-08 20:44:23 [   DEBUG] [remote_connection.py:405] POST http://localhost:51854/session/3b7ea9b8ae3b9f898b5332732fa74180/timeouts {'implicit': 10000}
2026-01-08 20:44:23 [   DEBUG] [connectionpool.py:544] http://localhost:51854 "POST /session/3b7ea9b8ae3b9f898b5332732fa74180/timeouts HTTP/1.1" 200 0
2026-01-08 20:44:23 [   DEBUG] [remote_connection.py:438] Remote response: status=200 | data={"value":null} | headers=HTTPHeaderDict({'Content-Length': '14', 'Content-Type': 'application/json; charset=utf-8', 'cache-control': 'no-cache'})
2026-01-08 20:44:23 [   DEBUG] [remote_connection.py:467] Finished Request
2026-01-08 20:44:23 [   DEBUG] [remote_connection.py:405] POST http://localhost:51854/session/3b7ea9b8ae3b9f898b5332732fa74180/element {'using': 'css selector', 'value': '[id="videoSearchText"]'}
2026-01-08 20:44:23 [   DEBUG] [connectionpool.py:544] http://localhost:51854 "POST /session/3b7ea9b8ae3b9f898b5332732fa74180/element HTTP/1.1" 200 0
2026-01-08 20:44:23 [   DEBUG] [remote_connection.py:438] Remote response: status=200 | data={"value":{"element-6066-11e4-a52e-4f735466cecf":"f.791E0EA8D4C19E44145BFD7D4024DC0E.d.EFE0D926EAA590FEC8C59A08E1B8C9FF.e.483"}} | headers=HTTPHeaderDict({'Content-Length': '127', 'Content-Type': 'application/json; charset=utf-8', 'cache-control': 'no-cache'})
2026-01-08 20:44:23 [   DEBUG] [remote_connection.py:467] Finished Request
2026-01-08 20:44:23 [   DEBUG] [remote_connection.py:405] POST http://localhost:51854/session/3b7ea9b8ae3b9f898b5332732fa74180/execute/sync {'script': '/* isDisplayed */return (function(){return (function(){var g=this||self;\nfunction aa(a){var b=typeof...', 'args': [{'element-6066-11e4-a52e-4f735466cecf': 'f.791E0EA8D4C19E44145BFD7D4024DC0E.d.EFE0D926EAA590FEC8C59A08E1B8C9FF.e.483'}]}
2026-01-08 20:44:23 [   DEBUG] [connectionpool.py:544] http://localhost:51854 "POST /session/3b7ea9b8ae3b9f898b5332732fa74180/execute/sync HTTP/1.1" 200 0
2026-01-08 20:44:23 [   DEBUG] [remote_connection.py:438] Remote response: status=200 | data={"value":true} | headers=HTTPHeaderDict({'Content-Length': '14', 'Content-Type': 'application/json; charset=utf-8', 'cache-control': 'no-cache'})
2026-01-08 20:44:23 [   DEBUG] [remote_connection.py:467] Finished Request
2026-01-08 20:44:23 [   DEBUG] [remote_connection.py:405] GET http://localhost:51854/session/3b7ea9b8ae3b9f898b5332732fa74180/element/f.791E0EA8D4C19E44145BFD7D4024DC0E.d.EFE0D926EAA590FEC8C59A08E1B8C9FF.e.483/enabled {}
2026-01-08 20:44:23 [   DEBUG] [connectionpool.py:544] http://localhost:51854 "GET /session/3b7ea9b8ae3b9f898b5332732fa74180/element/f.791E0EA8D4C19E44145BFD7D4024DC0E.d.EFE0D926EAA590FEC8C59A08E1B8C9FF.e.483/enabled HTTP/1.1" 200 0
2026-01-08 20:44:23 [   DEBUG] [remote_connection.py:438] Remote response: status=200 | data={"value":true} | headers=HTTPHeaderDict({'Content-Length': '14', 'Content-Type': 'application/json; charset=utf-8', 'cache-control': 'no-cache'})
2026-01-08 20:44:23 [   DEBUG] [remote_connection.py:467] Finished Request
2026-01-08 20:44:23 [   DEBUG] [remote_connection.py:405] POST http://localhost:51854/session/3b7ea9b8ae3b9f898b5332732fa74180/element {'using': 'css selector', 'value': '[id="videoSearchText"]'}
2026-01-08 20:44:23 [   DEBUG] [connectionpool.py:544] http://localhost:51854 "POST /session/3b7ea9b8ae3b9f898b5332732fa74180/element HTTP/1.1" 200 0
2026-01-08 20:44:23 [   DEBUG] [remote_connection.py:438] Remote response: status=200 | data={"value":{"element-6066-11e4-a52e-4f735466cecf":"f.791E0EA8D4C19E44145BFD7D4024DC0E.d.EFE0D926EAA590FEC8C59A08E1B8C9FF.e.483"}} | headers=HTTPHeaderDict({'Content-Length': '127', 'Content-Type': 'application/json; charset=utf-8', 'cache-control': 'no-cache'})
2026-01-08 20:44:23 [   DEBUG] [remote_connection.py:467] Finished Request
2026-01-08 20:44:23 [   DEBUG] [remote_connection.py:405] POST http://localhost:51854/session/3b7ea9b8ae3b9f898b5332732fa74180/element/f.791E0EA8D4C19E44145BFD7D4024DC0E.d.EFE0D926EAA590FEC8C59A08E1B8C9FF.e.483/click {}
2026-01-08 20:44:23 [   DEBUG] [connectionpool.py:544] http://localhost:51854 "POST /session/3b7ea9b8ae3b9f898b5332732fa74180/element/f.791E0EA8D4C19E44145BFD7D4024DC0E.d.EFE0D926EAA590FEC8C59A08E1B8C9FF.e.483/click HTTP/1.1" 200 0
2026-01-08 20:44:23 [   DEBUG] [remote_connection.py:438] Remote response: status=200 | data={"value":null} | headers=HTTPHeaderDict({'Content-Length': '14', 'Content-Type': 'application/json; charset=utf-8', 'cache-control': 'no-cache'})
2026-01-08 20:44:23 [   DEBUG] [remote_connection.py:467] Finished Request
2026-01-08 20:44:43 [   DEBUG] [remote_connection.py:405] POST http://localhost:51854/session/3b7ea9b8ae3b9f898b5332732fa74180/element {'using': 'xpath', 'value': '//div[@data-test-id="filter-headerBar-countValue"]'}
2026-01-08 20:44:43 [   DEBUG] [connectionpool.py:544] http://localhost:51854 "POST /session/3b7ea9b8ae3b9f898b5332732fa74180/element HTTP/1.1" 200 0
2026-01-08 20:44:43 [   DEBUG] [remote_connection.py:438] Remote response: status=200 | data={"value":{"element-6066-11e4-a52e-4f735466cecf":"f.791E0EA8D4C19E44145BFD7D4024DC0E.d.EFE0D926EAA590FEC8C59A08E1B8C9FF.e.569"}} | headers=HTTPHeaderDict({'Content-Length': '127', 'Content-Type': 'application/json; charset=utf-8', 'cache-control': 'no-cache'})
2026-01-08 20:44:43 [   DEBUG] [remote_connection.py:467] Finished Request
2026-01-08 20:44:43 [   DEBUG] [remote_connection.py:405] GET http://localhost:51854/session/3b7ea9b8ae3b9f898b5332732fa74180/element/f.791E0EA8D4C19E44145BFD7D4024DC0E.d.EFE0D926EAA590FEC8C59A08E1B8C9FF.e.569/text {}
2026-01-08 20:44:43 [   DEBUG] [connectionpool.py:544] http://localhost:51854 "GET /session/3b7ea9b8ae3b9f898b5332732fa74180/element/f.791E0EA8D4C19E44145BFD7D4024DC0E.d.EFE0D926EAA590FEC8C59A08E1B8C9FF.e.569/text HTTP/1.1" 200 0
2026-01-08 20:44:43 [   DEBUG] [remote_connection.py:438] Remote response: status=200 | data={"value":"696"} | headers=HTTPHeaderDict({'Content-Length': '15', 'Content-Type': 'application/json; charset=utf-8', 'cache-control': 'no-cache'})
2026-01-08 20:44:43 [   DEBUG] [remote_connection.py:467] Finished Request
2026-01-08 20:44:43 [   DEBUG] [remote_connection.py:405] POST http://localhost:51854/session/3b7ea9b8ae3b9f898b5332732fa74180/element {'using': 'xpath', 'value': '//div[@data-test-id="filter-headerBar-countValue"]'}
2026-01-08 20:44:43 [   DEBUG] [connectionpool.py:544] http://localhost:51854 "POST /session/3b7ea9b8ae3b9f898b5332732fa74180/element HTTP/1.1" 200 0
2026-01-08 20:44:43 [   DEBUG] [remote_connection.py:438] Remote response: status=200 | data={"value":{"element-6066-11e4-a52e-4f735466cecf":"f.791E0EA8D4C19E44145BFD7D4024DC0E.d.EFE0D926EAA590FEC8C59A08E1B8C9FF.e.569"}} | headers=HTTPHeaderDict({'Content-Length': '127', 'Content-Type': 'application/json; charset=utf-8', 'cache-control': 'no-cache'})
2026-01-08 20:44:43 [   DEBUG] [remote_connection.py:467] Finished Request
2026-01-08 20:44:43 [   DEBUG] [remote_connection.py:405] POST http://localhost:51854/session/3b7ea9b8ae3b9f898b5332732fa74180/execute/sync {'script': '/* isDisplayed */return (function(){return (function(){var g=this||self;\nfunction aa(a){var b=typeof...', 'args': [{'element-6066-11e4-a52e-4f735466cecf': 'f.791E0EA8D4C19E44145BFD7D4024DC0E.d.EFE0D926EAA590FEC8C59A08E1B8C9FF.e.569'}]}
2026-01-08 20:44:43 [   DEBUG] [connectionpool.py:544] http://localhost:51854 "POST /session/3b7ea9b8ae3b9f898b5332732fa74180/execute/sync HTTP/1.1" 200 0
2026-01-08 20:44:43 [   DEBUG] [remote_connection.py:438] Remote response: status=200 | data={"value":true} | headers=HTTPHeaderDict({'Content-Length': '14', 'Content-Type': 'application/json; charset=utf-8', 'cache-control': 'no-cache'})
2026-01-08 20:44:43 [   DEBUG] [remote_connection.py:467] Finished Request
2026-01-08 20:44:58 [   DEBUG] [remote_connection.py:405] POST http://localhost:51854/session/3b7ea9b8ae3b9f898b5332732fa74180/timeouts {'implicit': 10000}
2026-01-08 20:44:58 [   DEBUG] [connectionpool.py:544] http://localhost:51854 "POST /session/3b7ea9b8ae3b9f898b5332732fa74180/timeouts HTTP/1.1" 200 0
2026-01-08 20:44:58 [   DEBUG] [remote_connection.py:438] Remote response: status=200 | data={"value":null} | headers=HTTPHeaderDict({'Content-Length': '14', 'Content-Type': 'application/json; charset=utf-8', 'cache-control': 'no-cache'})
2026-01-08 20:44:58 [   DEBUG] [remote_connection.py:467] Finished Request
2026-01-08 20:44:58 [   DEBUG] [remote_connection.py:405] POST http://localhost:51854/session/3b7ea9b8ae3b9f898b5332732fa74180/element {'using': 'css selector', 'value': '[id="videoSearchText"]'}
2026-01-08 20:44:58 [   DEBUG] [connectionpool.py:544] http://localhost:51854 "POST /session/3b7ea9b8ae3b9f898b5332732fa74180/element HTTP/1.1" 200 0
2026-01-08 20:44:58 [   DEBUG] [remote_connection.py:438] Remote response: status=200 | data={"value":{"element-6066-11e4-a52e-4f735466cecf":"f.791E0EA8D4C19E44145BFD7D4024DC0E.d.EFE0D926EAA590FEC8C59A08E1B8C9FF.e.483"}} | headers=HTTPHeaderDict({'Content-Length': '127', 'Content-Type': 'application/json; charset=utf-8', 'cache-control': 'no-cache'})
2026-01-08 20:44:58 [   DEBUG] [remote_connection.py:467] Finished Request
2026-01-08 20:44:58 [   DEBUG] [remote_connection.py:405] POST http://localhost:51854/session/3b7ea9b8ae3b9f898b5332732fa74180/execute/sync {'script': '/* isDisplayed */return (function(){return (function(){var g=this||self;\nfunction aa(a){var b=typeof...', 'args': [{'element-6066-11e4-a52e-4f735466cecf': 'f.791E0EA8D4C19E44145BFD7D4024DC0E.d.EFE0D926EAA590FEC8C59A08E1B8C9FF.e.483'}]}
2026-01-08 20:44:58 [   DEBUG] [connectionpool.py:544] http://localhost:51854 "POST /session/3b7ea9b8ae3b9f898b5332732fa74180/execute/sync HTTP/1.1" 200 0
2026-01-08 20:44:58 [   DEBUG] [remote_connection.py:438] Remote response: status=200 | data={"value":true} | headers=HTTPHeaderDict({'Content-Length': '14', 'Content-Type': 'application/json; charset=utf-8', 'cache-control': 'no-cache'})
2026-01-08 20:44:58 [   DEBUG] [remote_connection.py:467] Finished Request
2026-01-08 20:44:58 [   DEBUG] [remote_connection.py:405] GET http://localhost:51854/session/3b7ea9b8ae3b9f898b5332732fa74180/element/f.791E0EA8D4C19E44145BFD7D4024DC0E.d.EFE0D926EAA590FEC8C59A08E1B8C9FF.e.483/enabled {}
2026-01-08 20:44:58 [   DEBUG] [connectionpool.py:544] http://localhost:51854 "GET /session/3b7ea9b8ae3b9f898b5332732fa74180/element/f.791E0EA8D4C19E44145BFD7D4024DC0E.d.EFE0D926EAA590FEC8C59A08E1B8C9FF.e.483/enabled HTTP/1.1" 200 0
2026-01-08 20:44:58 [   DEBUG] [remote_connection.py:438] Remote response: status=200 | data={"value":true} | headers=HTTPHeaderDict({'Content-Length': '14', 'Content-Type': 'application/json; charset=utf-8', 'cache-control': 'no-cache'})
2026-01-08 20:44:58 [   DEBUG] [remote_connection.py:467] Finished Request
2026-01-08 20:44:58 [   DEBUG] [remote_connection.py:405] POST http://localhost:51854/session/3b7ea9b8ae3b9f898b5332732fa74180/element {'using': 'css selector', 'value': '[id="videoSearchText"]'}
2026-01-08 20:44:59 [   DEBUG] [connectionpool.py:544] http://localhost:51854 "POST /session/3b7ea9b8ae3b9f898b5332732fa74180/element HTTP/1.1" 200 0
2026-01-08 20:44:59 [   DEBUG] [remote_connection.py:438] Remote response: status=200 | data={"value":{"element-6066-11e4-a52e-4f735466cecf":"f.791E0EA8D4C19E44145BFD7D4024DC0E.d.EFE0D926EAA590FEC8C59A08E1B8C9FF.e.483"}} | headers=HTTPHeaderDict({'Content-Length': '127', 'Content-Type': 'application/json; charset=utf-8', 'cache-control': 'no-cache'})
2026-01-08 20:44:59 [   DEBUG] [remote_connection.py:467] Finished Request
2026-01-08 20:44:59 [   DEBUG] [remote_connection.py:405] POST http://localhost:51854/session/3b7ea9b8ae3b9f898b5332732fa74180/element/f.791E0EA8D4C19E44145BFD7D4024DC0E.d.EFE0D926EAA590FEC8C59A08E1B8C9FF.e.483/click {}
2026-01-08 20:44:59 [   DEBUG] [connectionpool.py:544] http://localhost:51854 "POST /session/3b7ea9b8ae3b9f898b5332732fa74180/element/f.791E0EA8D4C19E44145BFD7D4024DC0E.d.EFE0D926EAA590FEC8C59A08E1B8C9FF.e.483/click HTTP/1.1" 200 0
2026-01-08 20:44:59 [   DEBUG] [remote_connection.py:438] Remote response: status=200 | data={"value":null} | headers=HTTPHeaderDict({'Content-Length': '14', 'Content-Type': 'application/json; charset=utf-8', 'cache-control': 'no-cache'})
2026-01-08 20:44:59 [   DEBUG] [remote_connection.py:467] Finished Request
2026-01-08 20:45:09 [   DEBUG] [remote_connection.py:405] POST http://localhost:51854/session/3b7ea9b8ae3b9f898b5332732fa74180/elements {'using': 'xpath', 'value': '//*[@id="browseText"]'}
2026-01-08 20:45:09 [   DEBUG] [connectionpool.py:544] http://localhost:51854 "POST /session/3b7ea9b8ae3b9f898b5332732fa74180/elements HTTP/1.1" 200 0
2026-01-08 20:45:09 [   DEBUG] [remote_connection.py:438] Remote response: status=200 | data={"value":[{"element-6066-11e4-a52e-4f735466cecf":"f.791E0EA8D4C19E44145BFD7D4024DC0E.d.EFE0D926EAA590FEC8C59A08E1B8C9FF.e.20356"},{"element-6066-11e4-a52e-4f735466cecf":"f.791E0EA8D4C19E44145BFD7D4024DC0E.d.EFE0D926EAA590FEC8C59A08E1B8C9FF.e.20401"},{"element-6066-11e4-a52e-4f735466cecf":"f.791E0EA8D4C19E44145BFD7D4024DC0E.d.EFE0D926EAA590FEC8C59A08E1B8C9FF.e.20446"},{"element-6066-11e4-a52e-4f735466cecf":"f.791E0EA8D4C19E44145BFD7D4024DC0E.d.EFE0D926EAA590FEC8C59A08E1B8C9FF.e.20491"},{"element-6066-11e4-a52e-4f735466cecf":"f.791E0EA8D4C19E44145BFD7D4024DC0E.d.EFE0D926EAA590FEC8C59A08E1B8C9FF.e.20536"},{"element-6066-11e4-a52e-4f735466cecf":"f.791E0EA8D4C19E44145BFD7D4024DC0E.d.EFE0D926EAA590FEC8C59A08E1B8C9FF.e.20581"},{"element-6066-11e4-a52e-4f735466cecf":"f.791E0EA8D4C19E44145BFD7D4024DC0E.d.EFE0D926EAA590FEC8C59A08E1B8C9FF.e.20626"},{"element-6066-11e4-a52e-4f735466cecf":"f.791E0EA8D4C19E44145BFD7D4024DC0E.d.EFE0D926EAA590FEC8C59A08E1B8C9FF.e.20671"},{"element-6066-11e4-a52e-4f735466cecf":"f.791E0EA8D4C19E44145BFD7D4024DC0E.d.EFE0D926EAA590FEC8C59A08E1B8C9FF.e.20716"},{"element-6066-11e4-a52e-4f735466cecf":"f.791E0EA8D4C19E44145BFD7D4024DC0E.d.EFE0D926EAA590FEC8C59A08E1B8C9FF.e.20761"}]} | headers=HTTPHeaderDict({'Content-Length': '1211', 'Content-Type': 'application/json; charset=utf-8', 'cache-control': 'no-cache'})
2026-01-08 20:45:09 [   DEBUG] [remote_connection.py:467] Finished Request
2026-01-08 20:45:09 [   DEBUG] [remote_connection.py:405] POST http://localhost:51854/session/3b7ea9b8ae3b9f898b5332732fa74180/execute/sync {'script': 'arguments[0].scrollIntoView();', 'args': [{'element-6066-11e4-a52e-4f735466cecf': 'f.791E0EA8D4C19E44145BFD7D4024DC0E.d.EFE0D926EAA590FEC8C59A08E1B8C9FF.e.20356'}]}
2026-01-08 20:45:09 [   DEBUG] [connectionpool.py:544] http://localhost:51854 "POST /session/3b7ea9b8ae3b9f898b5332732fa74180/execute/sync HTTP/1.1" 200 0
2026-01-08 20:45:09 [   DEBUG] [remote_connection.py:438] Remote response: status=200 | data={"value":null} | headers=HTTPHeaderDict({'Content-Length': '14', 'Content-Type': 'application/json; charset=utf-8', 'cache-control': 'no-cache'})
2026-01-08 20:45:09 [   DEBUG] [remote_connection.py:467] Finished Request
2026-01-08 20:45:09 [   DEBUG] [remote_connection.py:405] POST http://localhost:51854/session/3b7ea9b8ae3b9f898b5332732fa74180/element {'using': 'xpath', 'value': '//*[@id="browseText"]'}
2026-01-08 20:45:09 [   DEBUG] [connectionpool.py:544] http://localhost:51854 "POST /session/3b7ea9b8ae3b9f898b5332732fa74180/element HTTP/1.1" 200 0
2026-01-08 20:45:09 [   DEBUG] [remote_connection.py:438] Remote response: status=200 | data={"value":{"element-6066-11e4-a52e-4f735466cecf":"f.791E0EA8D4C19E44145BFD7D4024DC0E.d.EFE0D926EAA590FEC8C59A08E1B8C9FF.e.20356"}} | headers=HTTPHeaderDict({'Content-Length': '129', 'Content-Type': 'application/json; charset=utf-8', 'cache-control': 'no-cache'})
2026-01-08 20:45:09 [   DEBUG] [remote_connection.py:467] Finished Request
2026-01-08 20:45:09 [   DEBUG] [remote_connection.py:405] POST http://localhost:51854/session/3b7ea9b8ae3b9f898b5332732fa74180/execute/sync {'script': '/* isDisplayed */return (function(){return (function(){var g=this||self;\nfunction aa(a){var b=typeof...', 'args': [{'element-6066-11e4-a52e-4f735466cecf': 'f.791E0EA8D4C19E44145BFD7D4024DC0E.d.EFE0D926EAA590FEC8C59A08E1B8C9FF.e.20356'}]}
2026-01-08 20:45:09 [   DEBUG] [connectionpool.py:544] http://localhost:51854 "POST /session/3b7ea9b8ae3b9f898b5332732fa74180/execute/sync HTTP/1.1" 200 0
2026-01-08 20:45:09 [   DEBUG] [remote_connection.py:438] Remote response: status=200 | data={"value":true} | headers=HTTPHeaderDict({'Content-Length': '14', 'Content-Type': 'application/json; charset=utf-8', 'cache-control': 'no-cache'})
2026-01-08 20:45:09 [   DEBUG] [remote_connection.py:467] Finished Request
2026-01-08 20:45:09 [   DEBUG] [remote_connection.py:405] GET http://localhost:51854/session/3b7ea9b8ae3b9f898b5332732fa74180/element/f.791E0EA8D4C19E44145BFD7D4024DC0E.d.EFE0D926EAA590FEC8C59A08E1B8C9FF.e.20356/enabled {}
2026-01-08 20:45:09 [   DEBUG] [connectionpool.py:544] http://localhost:51854 "GET /session/3b7ea9b8ae3b9f898b5332732fa74180/element/f.791E0EA8D4C19E44145BFD7D4024DC0E.d.EFE0D926EAA590FEC8C59A08E1B8C9FF.e.20356/enabled HTTP/1.1" 200 0
2026-01-08 20:45:09 [   DEBUG] [remote_connection.py:438] Remote response: status=200 | data={"value":true} | headers=HTTPHeaderDict({'Content-Length': '14', 'Content-Type': 'application/json; charset=utf-8', 'cache-control': 'no-cache'})
2026-01-08 20:45:09 [   DEBUG] [remote_connection.py:467] Finished Request
2026-01-08 20:45:09 [   DEBUG] [remote_connection.py:405] POST http://localhost:51854/session/3b7ea9b8ae3b9f898b5332732fa74180/element/f.791E0EA8D4C19E44145BFD7D4024DC0E.d.EFE0D926EAA590FEC8C59A08E1B8C9FF.e.20356/click {}
2026-01-08 20:45:09 [   DEBUG] [connectionpool.py:544] http://localhost:51854 "POST /session/3b7ea9b8ae3b9f898b5332732fa74180/element/f.791E0EA8D4C19E44145BFD7D4024DC0E.d.EFE0D926EAA590FEC8C59A08E1B8C9FF.e.20356/click HTTP/1.1" 200 0
2026-01-08 20:45:09 [   DEBUG] [remote_connection.py:438] Remote response: status=200 | data={"value":null} | headers=HTTPHeaderDict({'Content-Length': '14', 'Content-Type': 'application/json; charset=utf-8', 'cache-control': 'no-cache'})
2026-01-08 20:45:09 [   DEBUG] [remote_connection.py:467] Finished Request
2026-01-08 20:45:19 [   DEBUG] [remote_connection.py:405] POST http://localhost:51854/session/3b7ea9b8ae3b9f898b5332732fa74180/back {}
2026-01-08 20:45:19 [   DEBUG] [connectionpool.py:544] http://localhost:51854 "POST /session/3b7ea9b8ae3b9f898b5332732fa74180/back HTTP/1.1" 200 0
2026-01-08 20:45:19 [   DEBUG] [remote_connection.py:438] Remote response: status=200 | data={"value":null} | headers=HTTPHeaderDict({'Content-Length': '14', 'Content-Type': 'application/json; charset=utf-8', 'cache-control': 'no-cache'})
2026-01-08 20:45:19 [   DEBUG] [remote_connection.py:467] Finished Request
2026-01-08 20:45:39 [   DEBUG] [remote_connection.py:405] POST http://localhost:51854/session/3b7ea9b8ae3b9f898b5332732fa74180/timeouts {'implicit': 10000}
2026-01-08 20:45:39 [   DEBUG] [connectionpool.py:544] http://localhost:51854 "POST /session/3b7ea9b8ae3b9f898b5332732fa74180/timeouts HTTP/1.1" 200 0
2026-01-08 20:45:39 [   DEBUG] [remote_connection.py:438] Remote response: status=200 | data={"value":null} | headers=HTTPHeaderDict({'Content-Length': '14', 'Content-Type': 'application/json; charset=utf-8', 'cache-control': 'no-cache'})
2026-01-08 20:45:39 [   DEBUG] [remote_connection.py:467] Finished Request
2026-01-08 20:45:39 [   DEBUG] [remote_connection.py:405] POST http://localhost:51854/session/3b7ea9b8ae3b9f898b5332732fa74180/element {'using': 'css selector', 'value': '[id="videoSearchText"]'}
2026-01-08 20:45:39 [   DEBUG] [connectionpool.py:544] http://localhost:51854 "POST /session/3b7ea9b8ae3b9f898b5332732fa74180/element HTTP/1.1" 200 0
2026-01-08 20:45:39 [   DEBUG] [remote_connection.py:438] Remote response: status=200 | data={"value":{"element-6066-11e4-a52e-4f735466cecf":"f.791E0EA8D4C19E44145BFD7D4024DC0E.d.EFE0D926EAA590FEC8C59A08E1B8C9FF.e.483"}} | headers=HTTPHeaderDict({'Content-Length': '127', 'Content-Type': 'application/json; charset=utf-8', 'cache-control': 'no-cache'})
2026-01-08 20:45:39 [   DEBUG] [remote_connection.py:467] Finished Request
2026-01-08 20:45:39 [   DEBUG] [remote_connection.py:405] POST http://localhost:51854/session/3b7ea9b8ae3b9f898b5332732fa74180/execute/sync {'script': '/* isDisplayed */return (function(){return (function(){var g=this||self;\nfunction aa(a){var b=typeof...', 'args': [{'element-6066-11e4-a52e-4f735466cecf': 'f.791E0EA8D4C19E44145BFD7D4024DC0E.d.EFE0D926EAA590FEC8C59A08E1B8C9FF.e.483'}]}
2026-01-08 20:45:39 [   DEBUG] [connectionpool.py:544] http://localhost:51854 "POST /session/3b7ea9b8ae3b9f898b5332732fa74180/execute/sync HTTP/1.1" 200 0
2026-01-08 20:45:39 [   DEBUG] [remote_connection.py:438] Remote response: status=200 | data={"value":true} | headers=HTTPHeaderDict({'Content-Length': '14', 'Content-Type': 'application/json; charset=utf-8', 'cache-control': 'no-cache'})
2026-01-08 20:45:39 [   DEBUG] [remote_connection.py:467] Finished Request
2026-01-08 20:45:39 [   DEBUG] [remote_connection.py:405] GET http://localhost:51854/session/3b7ea9b8ae3b9f898b5332732fa74180/element/f.791E0EA8D4C19E44145BFD7D4024DC0E.d.EFE0D926EAA590FEC8C59A08E1B8C9FF.e.483/enabled {}
2026-01-08 20:45:39 [   DEBUG] [connectionpool.py:544] http://localhost:51854 "GET /session/3b7ea9b8ae3b9f898b5332732fa74180/element/f.791E0EA8D4C19E44145BFD7D4024DC0E.d.EFE0D926EAA590FEC8C59A08E1B8C9FF.e.483/enabled HTTP/1.1" 200 0
2026-01-08 20:45:39 [   DEBUG] [remote_connection.py:438] Remote response: status=200 | data={"value":true} | headers=HTTPHeaderDict({'Content-Length': '14', 'Content-Type': 'application/json; charset=utf-8', 'cache-control': 'no-cache'})
2026-01-08 20:45:39 [   DEBUG] [remote_connection.py:467] Finished Request
2026-01-08 20:45:39 [   DEBUG] [remote_connection.py:405] POST http://localhost:51854/session/3b7ea9b8ae3b9f898b5332732fa74180/element {'using': 'css selector', 'value': '[id="videoSearchText"]'}
2026-01-08 20:45:39 [   DEBUG] [connectionpool.py:544] http://localhost:51854 "POST /session/3b7ea9b8ae3b9f898b5332732fa74180/element HTTP/1.1" 200 0
2026-01-08 20:45:39 [   DEBUG] [remote_connection.py:438] Remote response: status=200 | data={"value":{"element-6066-11e4-a52e-4f735466cecf":"f.791E0EA8D4C19E44145BFD7D4024DC0E.d.EFE0D926EAA590FEC8C59A08E1B8C9FF.e.483"}} | headers=HTTPHeaderDict({'Content-Length': '127', 'Content-Type': 'application/json; charset=utf-8', 'cache-control': 'no-cache'})
2026-01-08 20:45:39 [   DEBUG] [remote_connection.py:467] Finished Request
2026-01-08 20:45:39 [   DEBUG] [remote_connection.py:405] POST http://localhost:51854/session/3b7ea9b8ae3b9f898b5332732fa74180/element/f.791E0EA8D4C19E44145BFD7D4024DC0E.d.EFE0D926EAA590FEC8C59A08E1B8C9FF.e.483/click {}
2026-01-08 20:45:39 [   DEBUG] [connectionpool.py:544] http://localhost:51854 "POST /session/3b7ea9b8ae3b9f898b5332732fa74180/element/f.791E0EA8D4C19E44145BFD7D4024DC0E.d.EFE0D926EAA590FEC8C59A08E1B8C9FF.e.483/click HTTP/1.1" 200 0
2026-01-08 20:45:39 [   DEBUG] [remote_connection.py:438] Remote response: status=200 | data={"value":null} | headers=HTTPHeaderDict({'Content-Length': '14', 'Content-Type': 'application/json; charset=utf-8', 'cache-control': 'no-cache'})
2026-01-08 20:45:39 [   DEBUG] [remote_connection.py:467] Finished Request
2026-01-08 20:45:49 [   DEBUG] [remote_connection.py:405] POST http://localhost:51854/session/3b7ea9b8ae3b9f898b5332732fa74180/element {'using': 'xpath', 'value': '//*[@id="pageSizeDropdown"]/div/span/span'}
2026-01-08 20:45:49 [   DEBUG] [connectionpool.py:544] http://localhost:51854 "POST /session/3b7ea9b8ae3b9f898b5332732fa74180/element HTTP/1.1" 200 0
2026-01-08 20:45:49 [   DEBUG] [remote_connection.py:438] Remote response: status=200 | data={"value":{"element-6066-11e4-a52e-4f735466cecf":"f.791E0EA8D4C19E44145BFD7D4024DC0E.d.EFE0D926EAA590FEC8C59A08E1B8C9FF.e.22471"}} | headers=HTTPHeaderDict({'Content-Length': '129', 'Content-Type': 'application/json; charset=utf-8', 'cache-control': 'no-cache'})
2026-01-08 20:45:49 [   DEBUG] [remote_connection.py:467] Finished Request
2026-01-08 20:45:49 [   DEBUG] [remote_connection.py:405] POST http://localhost:51854/session/3b7ea9b8ae3b9f898b5332732fa74180/element/f.791E0EA8D4C19E44145BFD7D4024DC0E.d.EFE0D926EAA590FEC8C59A08E1B8C9FF.e.22471/click {}
2026-01-08 20:45:49 [   DEBUG] [connectionpool.py:544] http://localhost:51854 "POST /session/3b7ea9b8ae3b9f898b5332732fa74180/element/f.791E0EA8D4C19E44145BFD7D4024DC0E.d.EFE0D926EAA590FEC8C59A08E1B8C9FF.e.22471/click HTTP/1.1" 200 0
2026-01-08 20:45:49 [   DEBUG] [remote_connection.py:438] Remote response: status=200 | data={"value":null} | headers=HTTPHeaderDict({'Content-Length': '14', 'Content-Type': 'application/json; charset=utf-8', 'cache-control': 'no-cache'})
2026-01-08 20:45:49 [   DEBUG] [remote_connection.py:467] Finished Request
2026-01-08 20:45:54 [   DEBUG] [remote_connection.py:405] POST http://localhost:51854/session/3b7ea9b8ae3b9f898b5332732fa74180/element {'using': 'xpath', 'value': '//*[@id="pageSizeDropdown"]/div/div/ul/li[3]/span'}
2026-01-08 20:45:54 [   DEBUG] [connectionpool.py:544] http://localhost:51854 "POST /session/3b7ea9b8ae3b9f898b5332732fa74180/element HTTP/1.1" 200 0
2026-01-08 20:45:54 [   DEBUG] [remote_connection.py:438] Remote response: status=200 | data={"value":{"element-6066-11e4-a52e-4f735466cecf":"f.791E0EA8D4C19E44145BFD7D4024DC0E.d.EFE0D926EAA590FEC8C59A08E1B8C9FF.e.22483"}} | headers=HTTPHeaderDict({'Content-Length': '129', 'Content-Type': 'application/json; charset=utf-8', 'cache-control': 'no-cache'})
2026-01-08 20:45:54 [   DEBUG] [remote_connection.py:467] Finished Request
2026-01-08 20:45:54 [   DEBUG] [remote_connection.py:405] POST http://localhost:51854/session/3b7ea9b8ae3b9f898b5332732fa74180/element/f.791E0EA8D4C19E44145BFD7D4024DC0E.d.EFE0D926EAA590FEC8C59A08E1B8C9FF.e.22483/click {}
2026-01-08 20:45:55 [   DEBUG] [connectionpool.py:544] http://localhost:51854 "POST /session/3b7ea9b8ae3b9f898b5332732fa74180/element/f.791E0EA8D4C19E44145BFD7D4024DC0E.d.EFE0D926EAA590FEC8C59A08E1B8C9FF.e.22483/click HTTP/1.1" 200 0
2026-01-08 20:45:55 [   DEBUG] [remote_connection.py:438] Remote response: status=200 | data={"value":null} | headers=HTTPHeaderDict({'Content-Length': '14', 'Content-Type': 'application/json; charset=utf-8', 'cache-control': 'no-cache'})
2026-01-08 20:45:55 [   DEBUG] [remote_connection.py:467] Finished Request
2026-01-08 20:46:20 [   DEBUG] [remote_connection.py:405] POST http://localhost:51854/session/3b7ea9b8ae3b9f898b5332732fa74180/timeouts {'implicit': 10000}
2026-01-08 20:46:20 [   DEBUG] [connectionpool.py:544] http://localhost:51854 "POST /session/3b7ea9b8ae3b9f898b5332732fa74180/timeouts HTTP/1.1" 200 0
2026-01-08 20:46:20 [   DEBUG] [remote_connection.py:438] Remote response: status=200 | data={"value":null} | headers=HTTPHeaderDict({'Content-Length': '14', 'Content-Type': 'application/json; charset=utf-8', 'cache-control': 'no-cache'})
2026-01-08 20:46:20 [   DEBUG] [remote_connection.py:467] Finished Request
2026-01-08 20:46:20 [   DEBUG] [remote_connection.py:405] POST http://localhost:51854/session/3b7ea9b8ae3b9f898b5332732fa74180/element {'using': 'css selector', 'value': '[id="videoSearchText"]'}
2026-01-08 20:46:20 [   DEBUG] [connectionpool.py:544] http://localhost:51854 "POST /session/3b7ea9b8ae3b9f898b5332732fa74180/element HTTP/1.1" 200 0
2026-01-08 20:46:20 [   DEBUG] [remote_connection.py:438] Remote response: status=200 | data={"value":{"element-6066-11e4-a52e-4f735466cecf":"f.791E0EA8D4C19E44145BFD7D4024DC0E.d.EFE0D926EAA590FEC8C59A08E1B8C9FF.e.483"}} | headers=HTTPHeaderDict({'Content-Length': '127', 'Content-Type': 'application/json; charset=utf-8', 'cache-control': 'no-cache'})
2026-01-08 20:46:20 [   DEBUG] [remote_connection.py:467] Finished Request
2026-01-08 20:46:20 [   DEBUG] [remote_connection.py:405] POST http://localhost:51854/session/3b7ea9b8ae3b9f898b5332732fa74180/execute/sync {'script': '/* isDisplayed */return (function(){return (function(){var g=this||self;\nfunction aa(a){var b=typeof...', 'args': [{'element-6066-11e4-a52e-4f735466cecf': 'f.791E0EA8D4C19E44145BFD7D4024DC0E.d.EFE0D926EAA590FEC8C59A08E1B8C9FF.e.483'}]}
2026-01-08 20:46:20 [   DEBUG] [connectionpool.py:544] http://localhost:51854 "POST /session/3b7ea9b8ae3b9f898b5332732fa74180/execute/sync HTTP/1.1" 200 0
2026-01-08 20:46:20 [   DEBUG] [remote_connection.py:438] Remote response: status=200 | data={"value":true} | headers=HTTPHeaderDict({'Content-Length': '14', 'Content-Type': 'application/json; charset=utf-8', 'cache-control': 'no-cache'})
2026-01-08 20:46:20 [   DEBUG] [remote_connection.py:467] Finished Request
2026-01-08 20:46:20 [   DEBUG] [remote_connection.py:405] GET http://localhost:51854/session/3b7ea9b8ae3b9f898b5332732fa74180/element/f.791E0EA8D4C19E44145BFD7D4024DC0E.d.EFE0D926EAA590FEC8C59A08E1B8C9FF.e.483/enabled {}
2026-01-08 20:46:20 [   DEBUG] [connectionpool.py:544] http://localhost:51854 "GET /session/3b7ea9b8ae3b9f898b5332732fa74180/element/f.791E0EA8D4C19E44145BFD7D4024DC0E.d.EFE0D926EAA590FEC8C59A08E1B8C9FF.e.483/enabled HTTP/1.1" 200 0
2026-01-08 20:46:20 [   DEBUG] [remote_connection.py:438] Remote response: status=200 | data={"value":true} | headers=HTTPHeaderDict({'Content-Length': '14', 'Content-Type': 'application/json; charset=utf-8', 'cache-control': 'no-cache'})
2026-01-08 20:46:20 [   DEBUG] [remote_connection.py:467] Finished Request
2026-01-08 20:46:20 [   DEBUG] [remote_connection.py:405] POST http://localhost:51854/session/3b7ea9b8ae3b9f898b5332732fa74180/element {'using': 'css selector', 'value': '[id="videoSearchText"]'}
2026-01-08 20:46:20 [   DEBUG] [connectionpool.py:544] http://localhost:51854 "POST /session/3b7ea9b8ae3b9f898b5332732fa74180/element HTTP/1.1" 200 0
2026-01-08 20:46:20 [   DEBUG] [remote_connection.py:438] Remote response: status=200 | data={"value":{"element-6066-11e4-a52e-4f735466cecf":"f.791E0EA8D4C19E44145BFD7D4024DC0E.d.EFE0D926EAA590FEC8C59A08E1B8C9FF.e.483"}} | headers=HTTPHeaderDict({'Content-Length': '127', 'Content-Type': 'application/json; charset=utf-8', 'cache-control': 'no-cache'})
2026-01-08 20:46:20 [   DEBUG] [remote_connection.py:467] Finished Request
2026-01-08 20:46:20 [   DEBUG] [remote_connection.py:405] POST http://localhost:51854/session/3b7ea9b8ae3b9f898b5332732fa74180/element/f.791E0EA8D4C19E44145BFD7D4024DC0E.d.EFE0D926EAA590FEC8C59A08E1B8C9FF.e.483/click {}
2026-01-08 20:46:20 [   DEBUG] [connectionpool.py:544] http://localhost:51854 "POST /session/3b7ea9b8ae3b9f898b5332732fa74180/element/f.791E0EA8D4C19E44145BFD7D4024DC0E.d.EFE0D926EAA590FEC8C59A08E1B8C9FF.e.483/click HTTP/1.1" 200 0
2026-01-08 20:46:20 [   DEBUG] [remote_connection.py:438] Remote response: status=200 | data={"value":null} | headers=HTTPHeaderDict({'Content-Length': '14', 'Content-Type': 'application/json; charset=utf-8', 'cache-control': 'no-cache'})
2026-01-08 20:46:20 [   DEBUG] [remote_connection.py:467] Finished Request
2026-01-08 20:46:30 [   DEBUG] [remote_connection.py:405] POST http://localhost:51854/session/3b7ea9b8ae3b9f898b5332732fa74180/elements {'using': 'xpath', 'value': '//*[@id="browseText"]'}
2026-01-08 20:46:30 [   DEBUG] [connectionpool.py:544] http://localhost:51854 "POST /session/3b7ea9b8ae3b9f898b5332732fa74180/elements HTTP/1.1" 200 0
2026-01-08 20:46:30 [   DEBUG] [remote_connection.py:438] Remote response: status=200 | data={"value":[{"element-6066-11e4-a52e-4f735466cecf":"f.791E0EA8D4C19E44145BFD7D4024DC0E.d.EFE0D926EAA590FEC8C59A08E1B8C9FF.e.24124"},{"element-6066-11e4-a52e-4f735466cecf":"f.791E0EA8D4C19E44145BFD7D4024DC0E.d.EFE0D926EAA590FEC8C59A08E1B8C9FF.e.24169"},{"element-6066-11e4-a52e-4f735466cecf":"f.791E0EA8D4C19E44145BFD7D4024DC0E.d.EFE0D926EAA590FEC8C59A08E1B8C9FF.e.24214"},{"element-6066-11e4-a52e-4f735466cecf":"f.791E0EA8D4C19E44145BFD7D4024DC0E.d.EFE0D926EAA590FEC8C59A08E1B8C9FF.e.24259"},{"element-6066-11e4-a52e-4f735466cecf":"f.791E0EA8D4C19E44145BFD7D4024DC0E.d.EFE0D926EAA590FEC8C59A08E1B8C9FF.e.24304"},{"element-6066-11e4-a52e-4f735466cecf":"f.791E0EA8D4C19E44145BFD7D4024DC0E.d.EFE0D926EAA590FEC8C59A08E1B8C9FF.e.24349"},{"element-6066-11e4-a52e-4f735466cecf":"f.791E0EA8D4C19E44145BFD7D4024DC0E.d.EFE0D926EAA590FEC8C59A08E1B8C9FF.e.24390"},{"element-6066-11e4-a52e-4f735466cecf":"f.791E0EA8D4C19E44145BFD7D4024DC0E.d.EFE0D926EAA590FEC8C59A08E1B8C9FF.e.24435"},{"element-6066-11e4-a52e-4f735466cecf":"f.791E0EA8D4C19E44145BFD7D4024DC0E.d.EFE0D926EAA590FEC8C59A08E1B8C9FF.e.24480"},{"element-6066-11e4-a52e-4f735466cecf":"f.791E0EA8D4C19E44145BFD7D4024DC0E.d.EFE0D926EAA590FEC8C59A08E1B8C9FF.e.24525"},{"element-6066-11e4-a52e-4f735466cecf":"f.791E0EA8D4C19E44145BFD7D4024DC0E.d.EFE0D926EAA590FEC8C59A08E1B8C9FF.e.24570"},{"element-6066-11e4-a52e-4f735466cecf":"f.791E0EA8D4C19E44145BFD7D4024DC0E.d.EFE0D926EAA590FEC8C59A08E1B8C9FF.e.24615"},{"element-6066-11e4-a52e-4f735466cecf":"f.791E0EA8D4C19E44145BFD7D4024DC0E.d.EFE0D926EAA590FEC8C59A08E1B8C9FF.e.24660"},{"element-6066-11e4-a52e-4f735466cecf":"f.791E0EA8D4C19E44145BFD7D4024DC0E.d.EFE0D926EAA590FEC8C59A08E1B8C9FF.e.24705"},{"element-6066-11e4-a52e-4f735466cecf":"f.791E0EA8D4C19E44145BFD7D4024DC0E.d.EFE0D926EAA590FEC8C59A08E1B8C9FF.e.24750"},{"element-6066-11e4-a52e-4f735466cecf":"f.791E0EA8D4C19E44145BFD7D4024DC0E.d.EFE0D926EAA590FEC8C59A08E1B8C9FF.e.24795"},{"element-6066-11e4-a52e-4f735466cecf":"f.791E0EA8D4C19E44145BFD7D4024DC0E.d.EFE0D926EAA590FEC8C59A08E1B8C9FF.e.24840"},{"element-6066-11e4-a52e-4f735466cecf":"f.791E0EA8D4C19E44145BFD7D4024DC0E.d.EFE0D926EAA590FEC8C59A08E1B8C9FF.e.24885"},{"element-6066-11e4-a52e-4f735466cecf":"f.791E0EA8D4C19E44145BFD7D4024DC0E.d.EFE0D926EAA590FEC8C59A08E1B8C9FF.e.24930"},{"element-6066-11e4-a52e-4f735466cecf":"f.791E0EA8D4C19E44145BFD7D4024DC0E.d.EFE0D926EAA590FEC8C59A08E1B8C9FF.e.24975"},{"element-6066-11e4-a52e-4f735466cecf":"f.791E0EA8D4C19E44145BFD7D4024DC0E.d.EFE0D926EAA590FEC8C59A08E1B8C9FF.e.25020"},{"element-6066-11e4-a52e-4f735466cecf":"f.791E0EA8D4C19E44145BFD7D4024DC0E.d.EFE0D926EAA590FEC8C59A08E1B8C9FF.e.25065"},{"element-6066-11e4-a52e-4f735466cecf":"f.791E0EA8D4C19E44145BFD7D4024DC0E.d.EFE0D926EAA590FEC8C59A08E1B8C9FF.e.25110"},{"element-6066-11e4-a52e-4f735466cecf":"f.791E0EA8D4C19E44145BFD7D4024DC0E.d.EFE0D926EAA590FEC8C59A08E1B8C9FF.e.25155"},{"element-6066-11e4-a52e-4f735466cecf":"f.791E0EA8D4C19E44145BFD7D4024DC0E.d.EFE0D926EAA590FEC8C59A08E1B8C9FF.e.25200"},{"element-6066-11e4-a52e-4f735466cecf":"f.791E0EA8D4C19E44145BFD7D4024DC0E.d.EFE0D926EAA590FEC8C59A08E1B8C9FF.e.25245"},{"element-6066-11e4-a52e-4f735466cecf":"f.791E0EA8D4C19E44145BFD7D4024DC0E.d.EFE0D926EAA590FEC8C59A08E1B8C9FF.e.25290"},{"element-6066-11e4-a52e-4f735466cecf":"f.791E0EA8D4C19E44145BFD7D4024DC0E.d.EFE0D926EAA590FEC8C59A08E1B8C9FF.e.25335"},{"element-6066-11e4-a52e-4f735466cecf":"f.791E0EA8D4C19E44145BFD7D4024DC0E.d.EFE0D926EAA590FEC8C59A08E1B8C9FF.e.25380"},{"element-6066-11e4-a52e-4f735466cecf":"f.791E0EA8D4C19E44145BFD7D4024DC0E.d.EFE0D926EAA590FEC8C59A08E1B8C9FF.e.25425"},{"element-6066-11e4-a52e-4f735466cecf":"f.791E0EA8D4C19E44145BFD7D4024DC0E.d.EFE0D926EAA590FEC8C59A08E1B8C9FF.e.25470"},{"element-6066-11e4-a52e-4f735466cecf":"f.791E0EA8D4C19E44145BFD7D4024DC0E.d.EFE0D926EAA590FEC8C59A08E1B8C9FF.e.25515"},{"element-6066-11e4-a52e-4f735466cecf":"f.791E0EA8D4C19E44145BFD7D4024DC0E.d.EFE0D926EAA590FEC8C59A08E1B8C9FF.e.25560"},{"element-6066-11e4-a52e-4f735466cecf":"f.791E0EA8D4C19E44145BFD7D4024DC0E.d.EFE0D926EAA590FEC8C59A08E1B8C9FF.e.25605"},{"element-6066-11e4-a52e-4f735466cecf":"f.791E0EA8D4C19E44145BFD7D4024DC0E.d.EFE0D926EAA590FEC8C59A08E1B8C9FF.e.25650"},{"element-6066-11e4-a52e-4f735466cecf":"f.791E0EA8D4C19E44145BFD7D4024DC0E.d.EFE0D926EAA590FEC8C59A08E1B8C9FF.e.25695"},{"element-6066-11e4-a52e-4f735466cecf":"f.791E0EA8D4C19E44145BFD7D4024DC0E.d.EFE0D926EAA590FEC8C59A08E1B8C9FF.e.25740"},{"element-6066-11e4-a52e-4f735466cecf":"f.791E0EA8D4C19E44145BFD7D4024DC0E.d.EFE0D926EAA590FEC8C59A08E1B8C9FF.e.25785"},{"element-6066-11e4-a52e-4f735466cecf":"f.791E0EA8D4C19E44145BFD7D4024DC0E.d.EFE0D926EAA590FEC8C59A08E1B8C9FF.e.25830"},{"element-6066-11e4-a52e-4f735466cecf":"f.791E0EA8D4C19E44145BFD7D4024DC0E.d.EFE0D926EAA590FEC8C59A08E1B8C9FF.e.25875"},{"element-6066-11e4-a52e-4f735466cecf":"f.791E0EA8D4C19E44145BFD7D4024DC0E.d.EFE0D926EAA590FEC8C59A08E1B8C9FF.e.25920"},{"element-6066-11e4-a52e-4f735466cecf":"f.791E0EA8D4C19E44145BFD7D4024DC0E.d.EFE0D926EAA590FEC8C59A08E1B8C9FF.e.25965"},{"element-6066-11e4-a52e-4f735466cecf":"f.791E0EA8D4C19E44145BFD7D4024DC0E.d.EFE0D926EAA590FEC8C59A08E1B8C9FF.e.26010"},{"element-6066-11e4-a52e-4f735466cecf":"f.791E0EA8D4C19E44145BFD7D4024DC0E.d.EFE0D926EAA590FEC8C59A08E1B8C9FF.e.26055"},{"element-6066-11e4-a52e-4f735466cecf":"f.791E0EA8D4C19E44145BFD7D4024DC0E.d.EFE0D926EAA590FEC8C59A08E1B8C9FF.e.26100"},{"element-6066-11e4-a52e-4f735466cecf":"f.791E0EA8D4C19E44145BFD7D4024DC0E.d.EFE0D926EAA590FEC8C59A08E1B8C9FF.e.26145"},{"element-6066-11e4-a52e-4f735466cecf":"f.791E0EA8D4C19E44145BFD7D4024DC0E.d.EFE0D926EAA590FEC8C59A08E1B8C9FF.e.26190"},{"element-6066-11e4-a52e-4f735466cecf":"f.791E0EA8D4C19E44145BFD7D4024DC0E.d.EFE0D926EAA590FEC8C59A08E1B8C9FF.e.26235"},{"element-6066-11e4-a52e-4f735466cecf":"f.791E0EA8D4C19E44145BFD7D4024DC0E.d.EFE0D926EAA590FEC8C59A08E1B8C9FF.e.26280"},{"element-6066-11e4-a52e-4f735466cecf":"f.791E0EA8D4C19E44145BFD7D4024DC0E.d.EFE0D926EAA590FEC8C59A08E1B8C9FF.e.26325"},{"element-6066-11e4-a52e-4f735466cecf":"f.791E0EA8D4C19E44145BFD7D4024DC0E.d.EFE0D926EAA590FEC8C59A08E1B8C9FF.e.26370"},{"element-6066-11e4-a52e-4f735466cecf":"f.791E0EA8D4C19E44145BFD7D4024DC0E.d.EFE0D926EAA590FEC8C59A08E1B8C9FF.e.26415"},{"element-6066-11e4-a52e-4f735466cecf":"f.791E0EA8D4C19E44145BFD7D4024DC0E.d.EFE0D926EAA590FEC8C59A08E1B8C9FF.e.26460"},{"element-6066-11e4-a52e-4f735466cecf":"f.791E0EA8D4C19E44145BFD7D4024DC0E.d.EFE0D926EAA590FEC8C59A08E1B8C9FF.e.26505"},{"element-6066-11e4-a52e-4f735466cecf":"f.791E0EA8D4C19E44145BFD7D4024DC0E.d.EFE0D926EAA590FEC8C59A08E1B8C9FF.e.26550"},{"element-6066-11e4-a52e-4f735466cecf":"f.791E0EA8D4C19E44145BFD7D4024DC0E.d.EFE0D926EAA590FEC8C59A08E1B8C9FF.e.26595"},{"element-6066-11e4-a52e-4f735466cecf":"f.791E0EA8D4C19E44145BFD7D4024DC0E.d.EFE0D926EAA590FEC8C59A08E1B8C9FF.e.26640"},{"element-6066-11e4-a52e-4f735466cecf":"f.791E0EA8D4C19E44145BFD7D4024DC0E.d.EFE0D926EAA590FEC8C59A08E1B8C9FF.e.26727"},{"element-6066-11e4-a52e-4f735466cecf":"f.791E0EA8D4C19E44145BFD7D4024DC0E.d.EFE0D926EAA590FEC8C59A08E1B8C9FF.e.26772"},{"element-6066-11e4-a52e-4f735466cecf":"f.791E0EA8D4C19E44145BFD7D4024DC0E.d.EFE0D926EAA590FEC8C59A08E1B8C9FF.e.26817"},{"element-6066-11e4-a52e-4f735466cecf":"f.791E0EA8D4C19E44145BFD7D4024DC0E.d.EFE0D926EAA590FEC8C59A08E1B8C9FF.e.26862"},{"element-6066-11e4-a52e-4f735466cecf":"f.791E0EA8D4C19E44145BFD7D4024DC0E.d.EFE0D926EAA590FEC8C59A08E1B8C9FF.e.26907"},{"element-6066-11e4-a52e-4f735466cecf":"f.791E0EA8D4C19E44145BFD7D4024DC0E.d.EFE0D926EAA590FEC8C59A08E1B8C9FF.e.26952"},{"element-6066-11e4-a52e-4f735466cecf":"f.791E0EA8D4C19E44145BFD7D4024DC0E.d.EFE0D926EAA590FEC8C59A08E1B8C9FF.e.26997"},{"element-6066-11e4-a52e-4f735466cecf":"f.791E0EA8D4C19E44145BFD7D4024DC0E.d.EFE0D926EAA590FEC8C59A08E1B8C9FF.e.27042"},{"element-6066-11e4-a52e-4f735466cecf":"f.791E0EA8D4C19E44145BFD7D4024DC0E.d.EFE0D926EAA590FEC8C59A08E1B8C9FF.e.27087"},{"element-6066-11e4-a52e-4f735466cecf":"f.791E0EA8D4C19E44145BFD7D4024DC0E.d.EFE0D926EAA590FEC8C59A08E1B8C9FF.e.27132"},{"element-6066-11e4-a52e-4f735466cecf":"f.791E0EA8D4C19E44145BFD7D4024DC0E.d.EFE0D926EAA590FEC8C59A08E1B8C9FF.e.27177"},{"element-6066-11e4-a52e-4f735466cecf":"f.791E0EA8D4C19E44145BFD7D4024DC0E.d.EFE0D926EAA590FEC8C59A08E1B8C9FF.e.27222"},{"element-6066-11e4-a52e-4f735466cecf":"f.791E0EA8D4C19E44145BFD7D4024DC0E.d.EFE0D926EAA590FEC8C59A08E1B8C9FF.e.27263"},{"element-6066-11e4-a52e-4f735466cecf":"f.791E0EA8D4C19E44145BFD7D4024DC0E.d.EFE0D926EAA590FEC8C59A08E1B8C9FF.e.27308"},{"element-6066-11e4-a52e-4f735466cecf":"f.791E0EA8D4C19E44145BFD7D4024DC0E.d.EFE0D926EAA590FEC8C59A08E1B8C9FF.e.27353"},{"element-6066-11e4-a52e-4f735466cecf":"f.791E0EA8D4C19E44145BFD7D4024DC0E.d.EFE0D926EAA590FEC8C59A08E1B8C9FF.e.27398"},{"element-6066-11e4-a52e-4f735466cecf":"f.791E0EA8D4C19E44145BFD7D4024DC0E.d.EFE0D926EAA590FEC8C59A08E1B8C9FF.e.27443"},{"element-6066-11e4-a52e-4f735466cecf":"f.791E0EA8D4C19E44145BFD7D4024DC0E.d.EFE0D926EAA590FEC8C59A08E1B8C9FF.e.27488"},{"element-6066-11e4-a52e-4f735466cecf":"f.791E0EA8D4C19E44145BFD7D4024DC0E.d.EFE0D926EAA590FEC8C59A08E1B8C9FF.e.27533"},{"element-6066-11e4-a52e-4f735466cecf":"f.791E0EA8D4C19E44145BFD7D4024DC0E.d.EFE0D926EAA590FEC8C59A08E1B8C9FF.e.27578"},{"element-6066-11e4-a52e-4f735466cecf":"f.791E0EA8D4C19E44145BFD7D4024DC0E.d.EFE0D926EAA590FEC8C59A08E1B8C9FF.e.27623"},{"element-6066-11e4-a52e-4f735466cecf":"f.791E0EA8D4C19E44145BFD7D4024DC0E.d.EFE0D926EAA590FEC8C59A08E1B8C9FF.e.27668"},{"element-6066-11e4-a52e-4f735466cecf":"f.791E0EA8D4C19E44145BFD7D4024DC0E.d.EFE0D926EAA590FEC8C59A08E1B8C9FF.e.27713"},{"element-6066-11e4-a52e-4f735466cecf":"f.791E0EA8D4C19E44145BFD7D4024DC0E.d.EFE0D926EAA590FEC8C59A08E1B8C9FF.e.27758"},{"element-6066-11e4-a52e-4f735466cecf":"f.791E0EA8D4C19E44145BFD7D4024DC0E.d.EFE0D926EAA590FEC8C59A08E1B8C9FF.e.27803"},{"element-6066-11e4-a52e-4f735466cecf":"f.791E0EA8D4C19E44145BFD7D4024DC0E.d.EFE0D926EAA590FEC8C59A08E1B8C9FF.e.27848"},{"element-6066-11e4-a52e-4f735466cecf":"f.791E0EA8D4C19E44145BFD7D4024DC0E.d.EFE0D926EAA590FEC8C59A08E1B8C9FF.e.27893"},{"element-6066-11e4-a52e-4f735466cecf":"f.791E0EA8D4C19E44145BFD7D4024DC0E.d.EFE0D926EAA590FEC8C59A08E1B8C9FF.e.27938"},{"element-6066-11e4-a52e-4f735466cecf":"f.791E0EA8D4C19E44145BFD7D4024DC0E.d.EFE0D926EAA590FEC8C59A08E1B8C9FF.e.27983"},{"element-6066-11e4-a52e-4f735466cecf":"f.791E0EA8D4C19E44145BFD7D4024DC0E.d.EFE0D926EAA590FEC8C59A08E1B8C9FF.e.28028"},{"element-6066-11e4-a52e-4f735466cecf":"f.791E0EA8D4C19E44145BFD7D4024DC0E.d.EFE0D926EAA590FEC8C59A08E1B8C9FF.e.28073"},{"element-6066-11e4-a52e-4f735466cecf":"f.791E0EA8D4C19E44145BFD7D4024DC0E.d.EFE0D926EAA590FEC8C59A08E1B8C9FF.e.28118"},{"element-6066-11e4-a52e-4f735466cecf":"f.791E0EA8D4C19E44145BFD7D4024DC0E.d.EFE0D926EAA590FEC8C59A08E1B8C9FF.e.28163"},{"element-6066-11e4-a52e-4f735466cecf":"f.791E0EA8D4C19E44145BFD7D4024DC0E.d.EFE0D926EAA590FEC8C59A08E1B8C9FF.e.28250"},{"element-6066-11e4-a52e-4f735466cecf":"f.791E0EA8D4C19E44145BFD7D4024DC0E.d.EFE0D926EAA590FEC8C59A08E1B8C9FF.e.28337"}]} | headers=HTTPHeaderDict({'Content-Length': '11051', 'Content-Type': 'application/json; charset=utf-8', 'cache-control': 'no-cache'})
2026-01-08 20:46:30 [   DEBUG] [remote_connection.py:467] Finished Request
2026-01-08 20:46:30 [   DEBUG] [remote_connection.py:405] POST http://localhost:51854/session/3b7ea9b8ae3b9f898b5332732fa74180/execute/sync {'script': 'arguments[0].scrollIntoView();', 'args': [{'element-6066-11e4-a52e-4f735466cecf': 'f.791E0EA8D4C19E44145BFD7D4024DC0E.d.EFE0D926EAA590FEC8C59A08E1B8C9FF.e.24214'}]}
2026-01-08 20:46:30 [   DEBUG] [connectionpool.py:544] http://localhost:51854 "POST /session/3b7ea9b8ae3b9f898b5332732fa74180/execute/sync HTTP/1.1" 200 0
2026-01-08 20:46:30 [   DEBUG] [remote_connection.py:438] Remote response: status=200 | data={"value":null} | headers=HTTPHeaderDict({'Content-Length': '14', 'Content-Type': 'application/json; charset=utf-8', 'cache-control': 'no-cache'})
2026-01-08 20:46:30 [   DEBUG] [remote_connection.py:467] Finished Request
2026-01-08 20:46:30 [   DEBUG] [remote_connection.py:405] POST http://localhost:51854/session/3b7ea9b8ae3b9f898b5332732fa74180/element {'using': 'xpath', 'value': '//*[@id="browseText"]'}
2026-01-08 20:46:30 [   DEBUG] [connectionpool.py:544] http://localhost:51854 "POST /session/3b7ea9b8ae3b9f898b5332732fa74180/element HTTP/1.1" 200 0
2026-01-08 20:46:30 [   DEBUG] [remote_connection.py:438] Remote response: status=200 | data={"value":{"element-6066-11e4-a52e-4f735466cecf":"f.791E0EA8D4C19E44145BFD7D4024DC0E.d.EFE0D926EAA590FEC8C59A08E1B8C9FF.e.24124"}} | headers=HTTPHeaderDict({'Content-Length': '129', 'Content-Type': 'application/json; charset=utf-8', 'cache-control': 'no-cache'})
2026-01-08 20:46:30 [   DEBUG] [remote_connection.py:467] Finished Request
2026-01-08 20:46:30 [   DEBUG] [remote_connection.py:405] POST http://localhost:51854/session/3b7ea9b8ae3b9f898b5332732fa74180/execute/sync {'script': '/* isDisplayed */return (function(){return (function(){var g=this||self;\nfunction aa(a){var b=typeof...', 'args': [{'element-6066-11e4-a52e-4f735466cecf': 'f.791E0EA8D4C19E44145BFD7D4024DC0E.d.EFE0D926EAA590FEC8C59A08E1B8C9FF.e.24124'}]}
2026-01-08 20:46:30 [   DEBUG] [connectionpool.py:544] http://localhost:51854 "POST /session/3b7ea9b8ae3b9f898b5332732fa74180/execute/sync HTTP/1.1" 200 0
2026-01-08 20:46:30 [   DEBUG] [remote_connection.py:438] Remote response: status=200 | data={"value":true} | headers=HTTPHeaderDict({'Content-Length': '14', 'Content-Type': 'application/json; charset=utf-8', 'cache-control': 'no-cache'})
2026-01-08 20:46:30 [   DEBUG] [remote_connection.py:467] Finished Request
2026-01-08 20:46:30 [   DEBUG] [remote_connection.py:405] GET http://localhost:51854/session/3b7ea9b8ae3b9f898b5332732fa74180/element/f.791E0EA8D4C19E44145BFD7D4024DC0E.d.EFE0D926EAA590FEC8C59A08E1B8C9FF.e.24124/enabled {}
2026-01-08 20:46:30 [   DEBUG] [connectionpool.py:544] http://localhost:51854 "GET /session/3b7ea9b8ae3b9f898b5332732fa74180/element/f.791E0EA8D4C19E44145BFD7D4024DC0E.d.EFE0D926EAA590FEC8C59A08E1B8C9FF.e.24124/enabled HTTP/1.1" 200 0
2026-01-08 20:46:30 [   DEBUG] [remote_connection.py:438] Remote response: status=200 | data={"value":true} | headers=HTTPHeaderDict({'Content-Length': '14', 'Content-Type': 'application/json; charset=utf-8', 'cache-control': 'no-cache'})
2026-01-08 20:46:30 [   DEBUG] [remote_connection.py:467] Finished Request
2026-01-08 20:46:30 [   DEBUG] [remote_connection.py:405] POST http://localhost:51854/session/3b7ea9b8ae3b9f898b5332732fa74180/element/f.791E0EA8D4C19E44145BFD7D4024DC0E.d.EFE0D926EAA590FEC8C59A08E1B8C9FF.e.24214/click {}
2026-01-08 20:46:30 [   DEBUG] [connectionpool.py:544] http://localhost:51854 "POST /session/3b7ea9b8ae3b9f898b5332732fa74180/element/f.791E0EA8D4C19E44145BFD7D4024DC0E.d.EFE0D926EAA590FEC8C59A08E1B8C9FF.e.24214/click HTTP/1.1" 200 0
2026-01-08 20:46:30 [   DEBUG] [remote_connection.py:438] Remote response: status=200 | data={"value":null} | headers=HTTPHeaderDict({'Content-Length': '14', 'Content-Type': 'application/json; charset=utf-8', 'cache-control': 'no-cache'})
2026-01-08 20:46:31 [   DEBUG] [remote_connection.py:467] Finished Request
2026-01-08 20:46:41 [   DEBUG] [remote_connection.py:405] POST http://localhost:51854/session/3b7ea9b8ae3b9f898b5332732fa74180/element {'using': 'xpath', 'value': '//div[contains(@class, "browse-vehicle__header-bar__vehicle")]'}
2026-01-08 20:46:41 [   DEBUG] [connectionpool.py:544] http://localhost:51854 "POST /session/3b7ea9b8ae3b9f898b5332732fa74180/element HTTP/1.1" 200 0
2026-01-08 20:46:41 [   DEBUG] [remote_connection.py:438] Remote response: status=200 | data={"value":{"element-6066-11e4-a52e-4f735466cecf":"f.791E0EA8D4C19E44145BFD7D4024DC0E.d.EFE0D926EAA590FEC8C59A08E1B8C9FF.e.36431"}} | headers=HTTPHeaderDict({'Content-Length': '129', 'Content-Type': 'application/json; charset=utf-8', 'cache-control': 'no-cache'})
2026-01-08 20:46:41 [   DEBUG] [remote_connection.py:467] Finished Request
2026-01-08 20:46:41 [   DEBUG] [remote_connection.py:405] GET http://localhost:51854/session/3b7ea9b8ae3b9f898b5332732fa74180/element/f.791E0EA8D4C19E44145BFD7D4024DC0E.d.EFE0D926EAA590FEC8C59A08E1B8C9FF.e.36431/text {}
2026-01-08 20:46:41 [   DEBUG] [connectionpool.py:544] http://localhost:51854 "GET /session/3b7ea9b8ae3b9f898b5332732fa74180/element/f.791E0EA8D4C19E44145BFD7D4024DC0E.d.EFE0D926EAA590FEC8C59A08E1B8C9FF.e.36431/text HTTP/1.1" 200 0
2026-01-08 20:46:41 [   DEBUG] [remote_connection.py:438] Remote response: status=200 | data={"value":"QM00009389_lab"} | headers=HTTPHeaderDict({'Content-Length': '26', 'Content-Type': 'application/json; charset=utf-8', 'cache-control': 'no-cache'})
2026-01-08 20:46:41 [   DEBUG] [remote_connection.py:467] Finished Request
2026-01-08 20:46:41 [   DEBUG] [remote_connection.py:405] POST http://localhost:51854/session/3b7ea9b8ae3b9f898b5332732fa74180/elements {'using': 'xpath', 'value': "//simultaneous-view-browser[@id='simultaneousViewBrowser']//img[contains(@class, 'simultaneous-view-..."}
2026-01-08 20:46:41 [   DEBUG] [connectionpool.py:544] http://localhost:51854 "POST /session/3b7ea9b8ae3b9f898b5332732fa74180/elements HTTP/1.1" 200 0
2026-01-08 20:46:41 [   DEBUG] [remote_connection.py:438] Remote response: status=200 | data={"value":[{"element-6066-11e4-a52e-4f735466cecf":"f.791E0EA8D4C19E44145BFD7D4024DC0E.d.EFE0D926EAA590FEC8C59A08E1B8C9FF.e.37148"},{"element-6066-11e4-a52e-4f735466cecf":"f.791E0EA8D4C19E44145BFD7D4024DC0E.d.EFE0D926EAA590FEC8C59A08E1B8C9FF.e.37150"}]} | headers=HTTPHeaderDict({'Content-Length': '251', 'Content-Type': 'application/json; charset=utf-8', 'cache-control': 'no-cache'})
2026-01-08 20:46:41 [   DEBUG] [remote_connection.py:467] Finished Request
2026-01-08 20:46:41 [   DEBUG] [remote_connection.py:405] POST http://localhost:51854/session/3b7ea9b8ae3b9f898b5332732fa74180/execute/sync {'script': '/* isDisplayed */return (function(){return (function(){var g=this||self;\nfunction aa(a){var b=typeof...', 'args': [{'element-6066-11e4-a52e-4f735466cecf': 'f.791E0EA8D4C19E44145BFD7D4024DC0E.d.EFE0D926EAA590FEC8C59A08E1B8C9FF.e.37148'}]}
2026-01-08 20:46:41 [   DEBUG] [connectionpool.py:544] http://localhost:51854 "POST /session/3b7ea9b8ae3b9f898b5332732fa74180/execute/sync HTTP/1.1" 200 0
2026-01-08 20:46:41 [   DEBUG] [remote_connection.py:438] Remote response: status=200 | data={"value":true} | headers=HTTPHeaderDict({'Content-Length': '14', 'Content-Type': 'application/json; charset=utf-8', 'cache-control': 'no-cache'})
2026-01-08 20:46:41 [   DEBUG] [remote_connection.py:467] Finished Request
2026-01-08 20:46:41 [   DEBUG] [remote_connection.py:405] POST http://localhost:51854/session/3b7ea9b8ae3b9f898b5332732fa74180/execute/sync {'script': '/* getAttribute */return (function(){return (function(){var d=this||self;function f(a,b){function c(...', 'args': [{'element-6066-11e4-a52e-4f735466cecf': 'f.791E0EA8D4C19E44145BFD7D4024DC0E.d.EFE0D926EAA590FEC8C59A08E1B8C9FF.e.37148'}, 'src']}
2026-01-08 20:46:41 [   DEBUG] [connectionpool.py:544] http://localhost:51854 "POST /session/3b7ea9b8ae3b9f898b5332732fa74180/execute/sync HTTP/1.1" 200 0
2026-01-08 20:46:41 [   DEBUG] [remote_connection.py:438] Remote response: status=200 | data={"value":"data:image/jpeg;base64,/9j//gARTGF2YzU4LjEzNC4xMDAA/9sAQwAIBgYHBgcICAgICAgJCQkKCgoJCQkJCgoKCgoKDAwMCgoKCgoKCgwMDAwNDg0NDQwNDg4PDw8SEhERFRUVGRkf/8QAmAABAQEBAQEBAQAAAAAAAAAAAAECAwQFBgcBAQEBAQEBAQAAAAAAAAAAAAABAgMEBQYQAQACAQQCAAUDAgQDCAMBAAABEQJBMSEDBBJRYSITBQZxgTJCFMGRsSNSobKS0fEVcvAHYiUzQxEBAAICAQIEBAUFAQEAAAAAAAECAxESBEFRMSETgWEFcVKRsRUioZIjwRRC0f/AABEIAtAFAAMBIgACEQADEQD/2gAMAwEAAhEDEQA/AP4C37XFMLiNLB7TGxJAJISAEBALzIUUAAAABNRtuQTzXERUVx/vPzIAsAAAEAADkAAAAAAAAAAAAAAAAANAAAAAAAAAADQA1A0AAAAAAAAAAAAAAAAAAAAAAAABfaaS1v6a+aAAAByAAAAAAAAAAAWFFgoyAoABNBAAAAAAAAAAAAAAAG+kAAAABNAKByCAAQSSQAAAAAAAGgAAAGoBHNhsbgAAByAvDMtSzsC8xAWW0AAAcAAAHAAAAADIGoAtTLLVyyCgAoaAFpZS0CWWURFyChPE0caAAAHF8FH8QAHxAQAAAAOQABoAEAkkgAAAAAAAAAAAAAAAAAAAAAAAAAAAAAAAAAAAAAAAAAAAAAAAAAAEABdAAby6px68Oy8KznKPWMonKPWv6sd4ib4vflgALLKKkAAFZa5jSGQUAAAAAAAAAAAAAAAAAAAAAAAD4gAAAAAAAAAAAAABIBPBlUVU3wAAAAAATWgABwBIAIs1xUVx/wBfipSiAAAAAAAAAAtgMgAAAAAARRoQABdggALMcWEcmU81oCAAoAIAAAAAAAAAoAKAAAAAAAAAAAAAAGoAIACiAKAAACAAoAAAAAAAAAAAAAAAAAAAAAAAAAAAAAAAAAAAAAAAAAAAAAAAAaAAFAAAAABQAAAAAAAAAAAAAAAAASSSAQEAoHFRzzrAIAAAAAAABoaACgbAkgAGxsbgAAjSUgKAAAyKABNBAARPIAqWICxV8xcfDY4AAsOAAAQAAAAAAAAAAAAOBQAUAAXRlYJ3AAAAAAAX6fWKv2ub+FcVX/VAChSgQAAAAAAAAKKADgAAAAAAAAAAAAAAAAAAANAAAAAAAAAAAAAAAmgAAAAAAAAAAAAAAAAAAAAQUAAAAAAAAAAAAAABAAUACSQANTkAAAAAAAAAncAA5AFABAAAAAAAAAAKosIi2RdAOQAAAABFBAAF2NkBQAOA0AQUBNQAIJIJAAAAAAUAFEUQFAAkAA2NjcAAAACSCSAAAAAAAAAAAAAAAAAAAAAAAAAAJmZq9Ir+AAAAAAAAAAAAAAAAAAAAAAAAAAAAAAAAOAAAAAAAAAAAAAAAAAAAQWuJm4401n9kBQAAAAAAAAAAAAAAAAAAAAAAAAAAAAAI5kncIAJCNgAAJVGp4ZE4DQAIAFNGQAAAAFJ/yAEssAUL4ASQkAAAssADgACOJACdwFANBRBqkAAAAAAAAAAAQAUAAAAAAAAAAAAACywAAAAAAAAAAAAAAAAAAAAAAAAAAAAAAAAAA0AAAAAAAkJAAAAAAAAAAAAAAAAAAAAAAAAAAAAAAAAANypiLAAAAAAAAAAADgACCSCQLAoAAAABFQFhZSSGRYJJIBWRQCaAAAE4ABQAQAFNDkBAWuLBAAAAAAAAAFANxRQAQAAAAAAAAAAAAAA0AAAAAAAAAAAAAAAAAAADc2NjcAAANQDgooAAAAA3NgAAAAAAAAAAAAmr45j4gAAAAAASAACAoAAAAUXxQAAAAAAFlgAABBJBIAFAAAAALf0180AAAAAAAAALL4KKAAAAAAAAAAAAAAAuQAJCQEFQFAZFAAAAAA1JpAFA0AAAIi9aCKAAAAAABAAJIJIAAAAUAFFspKW/poEXikAAAAACAAAAAAABZkmArgEAAjcmJIJAAAAAAAAAAAkAAAAAAAAACwARUAUAAkkgAAAAAAA0AAAAAAAAAAADQAEUQFAAAARUBQAAAA4AAAA4AAAAoAAAvgooAAAAAAAAAAAAAAAAAAAncJAAAAAAAOAAAAAAAGRQALq+Iniuf8vmAAAAHBwAIASQskAUBQIpqARWoTAAIAGgAAAAAAKACgAABoAAAC1xfzBEVAUAAuQAIAFABA0AFmKiOUAIiZmoAAAAAADgAAAA0AAAAAAAAAAAAAABQAQAAAAAAAAAAAAAAAAAAAAAAKKAAAOAAAAAAAAAAAAAARUBQAAAANwAAAABQEAAAAmbm6iP22AAA4AAAAAAAAAAAsKLAABAAaA0ZCDcjgBAAUQBRkBoAEWBAUuQBRJAAAQJjkAAAAAAAAUAKmVAAAAA0ADgAAAAAAU0BAAAAU0ZAUAAAAAAAAAAAAAAAAAAAAAAAAAAAAAAAAAAAAAAAAAAAAAAAAAAgIAAAAAAAAAAAlCQFNAAAAAAkgmiAAAAAAAAAAAAAAAJAAAAAAAA3NgAAAAAABJVFAABAAaAZAAAAEABUVAUAAAAAAAEAAAAAAAAAAAUUsFEAACKvkAAAAAgkkgAACCSCdwAAAAAAAAAAAAAAAAAANzY2NwAAAAAAAAANAAAAAAAAAAAAAAAAAAAAAAAKiiiywAAA5AAAAAAAAAAAAJ3AAAAAAAAAAAAAkAAAAAAAAAAAAAAAAADYOZAEsAUACQAAAAAAngAAZFAAA4AA1ADQAABAAUNQEA1AAAAAAAAAAAAUAFAAAAAAAAAADkADQkgkAAAAAAAAAossAAAAAAA1AAAAAAAAAAAAAAAAAAAAAAAAAAAAAAAAAAAAAAAAAAAAAAADUAAAAAAAAAAAADgAAAAAAAADYnmQAAAAA4AAAAAAAAJ4kAAACAgAAAACywAAAAZFrgCpAAANAAJksmAQ4AAAAAAAAOQADgAAAFiZjbXgEAAAUNaAUOCOAkAAAAAAAAAAFAAoLAAAAAQAAAAAAAAAAAAAAAAAAAAAAAAAAAAAAAAAAAAAAAAAAnfgAAAAAAAAAAAAAAAAAA4ADQAAAAAAAAAAAAAAAAAAAAAAAAAAAAAAAFTi1BJIJkgAAAACygAAAWuNP8AWEADgGQABQAOAAAAQAAOAAAFAAABAARZRQNAAAAAFABQA0AAAAAAAAACKieYuPhdAKAAGoCAAoAAAAAAAIqNAyAAAAAAAAAAAAAAAAAAAAAAAABwAAAAAAAAAAAQAAAAAAAAAALfExUc66x+wIAAAAAAAAAAABQVyAXyWUUAAAcgAABqAAHAAAAABwABqAAAAAAAAXIUAAAAAABoAAGoCkBLIAAG4AcgAAAGgAiiAoDQAIFFllAAAgAAAAGgAABqAAAAAAAAAAAAANADSAAAKyagAAAAAAAAVMAgAAAAAAAAAAAAAAAAAAAAAAAAAAAAAAAAGgAAKioBwAAACgcwCAAAAAARWpxoAAAAAFFllAAAAAAaAAAAAAAAAAAAAAAAAWWNfZ7fX3+3nGH/AD+uXr/3qoGQAU4ZAUAFRUAABGtEQFAACKJAABQGRBpAEbxrm2ZAODg0AAAAAsC+AQBRUGuI0UQAEAANAAAAAAAQAAAAAAAAAAAAAAaOCyhomtEhYgmtAQBUAAABAAAAAAEAAAAAAAA4AAAAAAAAAAAAAAAAAAAAAAAAAAAAAAAAAAUABAFEAAAAooAAAAAAAAAAAAAAAAAACiyygAAAAAAAAH1fJ/UHmeR+N6/xnt6+Lhn9ycLmfbONp0iIi+Ip8pGfTuKAoEbgosz7TesyHMAIAAABYFgcAAAAKigAMtGgAEckxRS3wIgFSAAC6GjIIoAATuKEgKAAIAAAAAAAAHIgXISACAKAAACA6YRF8gwE8SAbtVMMtf22AANIBqAAqBqAIAAAIoAAAIAAAAAAAAG4AAAAAAAAAAAAAAAAAAAAAAAAAAAAAAAAAACgAAAcAAgFSAAAAAAAAAAAG0m4AAAAAAAAAAFFFlgAAcAAAIG5BzACNafJlQJAjcA1AAAEGigAAJAkCiywABGgAAAAACgKAQUZQAFAUOQFEa4RAUQsDgOAAAAAABARUBQAAAAAR0ieGZ4MtP2BAAG/7GGtAOAoGgAAAEIONRUAAQAQAAAAAAAAAAAAAAA0AAAAAAAAAAAAAAAAAABRkBQAAAAAALAAAsLLAAAAAABQAQAAAAAAAAAAAAAAAAgABAFKlYi3t/H/AI/u83Osfpwiay7J/pxZHimtEjGZ2ens8XHDszw+/wBc+uUxfNTU7xV8PPdKIAAaAAAABQAAC6WgAAAACgAjTLQIHACHIA0Ff6lyjSAAAAiwf6EAagAADKDRQIAoUVyWWokkBIAAAAAHAAAACCoqAAAAAgAKAAABqtoAvsewAvseyAAgBqAAAAAAAAAAAAAAAAAAABoAAAAGoAAAAAAAAAAAAAABYFAgOnT0/emY9sca/wCaQYHtn8bP+Hz78e7DOMOcsY/83iAGvW4s9ZBkAAAAAFGQFAAAAAUAARplqOZoEAAAA4AANzc2AAAAANQAiPaafU/9Q6erpjq6+jDLP+7PPG5r5/F83De1zyj2uGR6OrHo6/8A+13pEE/ku6OqfH68vTqu/WNf5ePKZlAaiZjYkglQAAVFBAAOAAAAGuGWgQAEGtEAkgJAQaqASY4SIWSKBAooGgEaAAAmgDRFQAAAAZRUUDgBQNQUQAFA/toEssrgoAAAAABACQBBrQEAAA0AAAAAAAAAAAAAAAAAAAAAAAAAAAAAAAAAAAAAAAAAAAAAAAAAAAABFRQAALkAAAAAAAAAAAAAAAAAAAAABWQFAAAAAAAAAAAAAAJQBQAAAAAAAKGva9ygPW0nGoRQSG4hiG49tQNUaZAABANQUZAAAFRQUskhGiz+6yigAAQAAAADcZNDkAAFABRA4AUAAAEICAAAAEAAAAANQAACOZ/+f5G4AAAAAAAAAAUAAAAAAAAAAAACCgAAAAAAAAAAAAGoAAAGgAAaAAAAAAAAAAAGgAAAAAAABubmwAAAAAAAABwAAAAAAAAGgAAAAAFAAAAAAAAAAAAAAAFgAABDro5NWCxPrJll7MzMgIAAAAACAAoAKuh62eqNBJICAAjXDLUUCAAkrjujQgBsCEHPwgUC5hBQAEUNQE1CigAAAAAEA4AAAAAD1mpnSNwoACuAAAAAAAAAEVFAAAAAkJAAAAAAAAAAAAAAADSvmAAAAAAAAAAAAAAAAAAAAAAAAAAAAHAAAAAAAAAAAAAAAAAAAAAAABNhIBsAAAAagAABAASBAAAAAAAAAEzJBHMk8SAWAExxZGXBJAAAAAG5sbAE8yHAAADVzGwCNIcaibgoAGoAKg0DNESEUCgAHH8oRvagAAAAACAKyAABwASGhCAACAA1NcVFcc68/FCQAAAAAAAAAAAAAAAAAAAAACZnKbncDgAAACCSCQAAAAAAAAAAAAAAAAAAAANQAAAAAAAAAAAOAAANAAAAAAAAAAAAAJOSSQAAAAAAAAAAAAAAFGQUAAAAAAAAAAAAAA1AFAngEknQALmC5kNomAAqCoAAAAAABuqyMpMpubSrR0SplFWhkqZC4gANwjiQWYogm5kjgDRl0SoBmwoiakCRZ5kUSNzjUqIAZxicpqOZGoASCSSARRFRUAQIAABBeUlYSQAAEVALW0UAAACAQdJjH4FAwU6UUDmOlQVGoOfA1UAMgAAAAAAAAAAAAAAABK5VM/THrHwu/wDqCaAAAAAAAAAAAAAAAAAAAAAAAAAABoAAAAAAAAAAAAUAACAAoAAAAoCAAFSFyAagAAAAAAAAAAAAAAAAAABwAAABJBAAvrExftF3NxKUAAAAAAACAKADplUxFRVRF87z8WYklYR0ZaRRGZhubqI0j/Nv04tPSZGuDm1B6rQvAngnmKIi5o2kSfRnVv6aq2QRAAQ5a9JKlUTUAFqWbatmgQAQAVACgABEkalEAAEAAABFRQA0ACAgG5uSTYGlDgA3NwBngkJEQACigsENQEAAAAA4AAAAAAAAAAAAAA0AAAAAAAAAAAAAQAFAAAAAAAAAAAAAAssAFZUFABAAAAAAAAAAAAAAAAAAAAAAAAAAAAAAAAJIJIAAAAAAAAAlB0w6cs5+EfEHNYfrfwfT+jOjH2/M5+d2zljNY+NEx6zH/NU3z++j4X5ns/Fdvm5z+K6e/p8XiMMe/s985nXKeLi/hcs+5Xtv4+jL54yNNNAA1dhVLHKOhCyk8NY1McjS4zxRlPFFHIsHtFUWUaUy03OMOc4zDXtOuxlPtPy0Vm0MQNVEJEXkrOk3GpxiNmJ5F06ZSzx8Wso4itI5Zn1rbn42GkahmG4qNw0zJMRBMTE3OxPImmWRVYZaVAAAQBUAN0QABDgAAAGsYtlrEEkJnlAGsOcmWsOJsGgBonmSJiNyCo1iwOQnkBAAQAEuQsAAEQUEQAAAAAFxCNjYBqMpx2pm2qGkkr6bCuAZAGQAAAC5ja4/8AAAAAAAAAABADQAFAAAAAANAAAAAANABAAAAUAAAAAAAAAAAANpNwAAAAAAANAAAAAAAAAAAA5ANwOAAAAAG/SZx9o21Yjduc+Z0j4aAxsE8yA1ONRE3E38G8ezKo/dzum+ucY5y5+Wn8ssv7F+hf05+P8A1N4+PgeV4sRj24ZdceVjU5dWURM+0zMcTtxs/M/qr9GeP+n+3zfHx87w/Pnoyw+35HR144zFxzh2deGWX1x/dGPtWr4/hfr/APM/jur7HjZ49fVVVjcZfxlzU/Onx/I/N+X5U5TnMXlvlMROf/ep8+nS9VE2ndaxM7iN7c+OR4MsWWpymd2YfQdFAaaaiWoyowxnLbRqcIiLmUdkoiYieSIAU+mZ4Vfo+3cXGV7ik1GzPI1HtqisSTcNTCTASbxabItWqKz9UNcp6/OQLZVBkdJ9oq3OOMnTKbFPadWZ2axiNWc8ZgVIwuL/AH414ZitWvaWVYkniSIKXYBlpkZABCAxuJuACCSCRE4AAAAAAAAlrCIndmW+vGJ3BVJ3BoIuCNf2I5iwKyv5aGqnE7DTJRwXoIyAIgAIAIoAiAAAAAA1EyEA0jUMtAzDU3SLOwMADIAAAAACOsTh9vKJ/quJif8AdyAUAAAAAAAAAAAADQAAAAAAACpkAAAAAAAAAAAACgAAAAAAAAAAAAAAACAgAAA4AAAAAAADQgkAAADKPWuYm4vjT5T8yZuv2AmQNARUUCwKBAAankiXTq8ft7oznDG4wi8p0iPm/SdX6B/Nd3i4+V19fXPXn149mETlWeeOURMVjzOrF71xxu06hH5eUfufwP8A9ex+Y8fPv7vyOPjekxjlhHR9zKMpniJvsw4n/X5Py3578Zj+G/J+T4WHfj5OPRnGMduO2V4xO2kxdTDFOpw5J1W25T7PFVNXaI6vQ1qFZALPCTpSz9SCw3PMWRM1QZVojZnvj8YsjJmMebkEmFnmWWmVTSxuZfJkkRABlOb5dJiIrm+LY51boVZrRzmZ/h1iPixUAyAqSUXxRzVJQiADIJa19NiLBEcWzYCkkEiMuszPpES5Ok+3rjM63X8AwABLWMYzuzMcrAJPEgAuUVXMTcXxp8p+bt1xH2/5cHfr/ooF9dVy/aWoioMrjYaYm9iIau6vQ0mWXViqij1nKZmeJr/WfgWXN8qmmajVmWrmprX/AGZlWUAGQDQGQBFBeKnn9hGQAAAAdfH6e3yM/Tqwy7Mp0xiZkGMa1H3PL/TfleD0+F2eT4/keNHmYTn1T2dc/wDE+v1iMIxmZud4xmp+Dw/kfx3Z4Pbl15dfdhPXMYZx24Z9cxlO305xGVTo6e3bjydOExXlLwxMxs175Po+P+F8nv6c++MPXrwr2yy2i7r/AG/d5vL8bPxOz7fbhOGVRPymJ2mJjiYmOYpx5w4+9XennjGiXp6fGx7sqyz9I9Jyifj6xcxW9074fjMc+ns7I7p+j1mY+12VGOV1M5RjOPMR8YdvbyT5Rt29u3g+dljTLeeGWEzE/GmHNzQAAAAAAAAADUAAAAAAAAAAAADUFABAAUsAQDUAAAAAOAAAAAAAAAAACilyy9p2iOK4+Wv7pYAAAAAAAAAUAaAAAAEAAAAAAAAAAcAAAAAAAAqNfR662DWHkd3XGWOGeWMZRWXrxcfN9zp/Vf6o7uqPH6/yHm59ePXHTGGOX9n9uHEb8VH907Q8H4b8r5P4bycvI8bHoy7J6uzprv68e3D17YrL6Mvpma2u4co8zy+ju7PWZ8bLLL2ywxx+3ETOkYVHrEf2xpoz6d4ifuPodk/qX8R0z25z5/hdeUxE+05dUzPNROOVZ/HR8Xt7ezvzy7O3PLszym5yym5n95ejyvL8vzIvyPJ7u/m/+L2ZZ/8AamXljErrtER9h1xmv2PWZ2KnUnKcdldmvWcdYLtn2nI5gaX/AHKaxxvlcqgGJIaxqd0qgWJjVJ4aib0hMkalknYLjVUSJAnGRhgAYags9FyithuN91gN4BpEQVmQDcQuPWkRLGF9cipjc9pJmxA0AAu5AEAEAAVrRzaBAASXpw/oxeZ6MdoBq5IynLL1iP5ZyipIvbTUdG7qYgym3OIKRqE1aZ5toRiUallUTkAZQAEjcncBAAQAAAAdevs7PGzjPr7PXKt8Z+OkuSxuD9T4v6p8z7vgdvb53dM/j56Y8aPIjr7cOrDDPGZjG8YjmI59omeI5mnj/Pfn+78v5XkdnZn97Pye/Lu7e3iPaYyrrxjHGIxjHrwiMYqHwsiKh2nJbjxdLX3Gn9L/AET+oPF/E4Y92eHT3dvR7zGPf1fex+rrnDGcuiJxnsiPaZisoflP1D5PV2T9nrnGfXPszynHDHCPfu7J7Moxwx4wwiZ+jCP6YmnwZzyqoPe4iKeSMWrTbffbx4+kimS14tP8p3qf/r9V+k/1Pn+C7/vx1+Fllj4vd49+R1+1Y9kRzHPPMRE46xMu/wCO/V3nfjvxnm+H43kYdPX5MdPv1z0dXZOXrjOEzGWeM+sTG0aaU/GSXO1vbi6iaxqIj4voY+o4xrjE/d6vyPnd35Dyc+7u7J7ZyrmYjGoiIivWOI4jR5ShxmZmZmZ3MuM+cykEAyyAAAAG0gCzSAAAAAAAAAAAAAAAAqKCAAAAAAAAAAAAAAWWAAAAAAAAAAAAAAAEEmO5luAAAAAaAAAAAAAAAAAAioC2BQLFaoAIWtLfFAk0ikA6dPr7fXFxPFfVz/3eX6f9Qfm/yv6j7uvt7vG8Sa6Orw+qOnxspzx9Yio9ssfvT2T675X8n5jx+/Lxu7r7cYiZwy9oidn9S8X/AOyvwXh5dPbh+O7su3Hq6/vT6dUfc7scanL7k+2d/CfTZ5805I1wxzfx1OtOd34Xwv0n+Y/I9mfR43jdmfk4X7eLlE4dsRG8zGdVXG9bu35n9DfqH8D4keZ53h/Z8ecvX3nt6faMp2jLrjOc7/aJfsPC/wDsr8b1fnPO/K5eJ29MeXjOP27jt9awiLnsx+3nPvUe0REPz369/WUfqrv8fDpjD/DePjfXl9rLr7Izzj/iYzeeftje0sYsvUe5xtimseMzH6aStrf+n5S40ZLat6nrZjdqJjWLhKSYBfadNi5ncv6aQG64tcc+GYkZaalY9a+pLmdycZnYWSZiJqdmMqvhqWZji1RmMtyJRYhXNJIamI0IjmgW1pMYaykdGedNiZ4pLmFq8bBgaFZlIMfXU1JEZmUAYUAQABWWtWQABAAAAAAEdo2cZdsNgquyxNM3Kjo1MkcwzJE+u6NQRCszABkzOyoqSzZYDAAALU1E6Tcf6f8AmggBqIgAAAAAKbIXMqq2gIgAAAAVwUAAAAAByAAAAAHAAAAAAAAAAAAAAamoAoAFoLYIAAAAAABtuAAAACAAsiLoCAAoAAAAAAAAAAAAAAAAAAAAAAAAfMACgCVjZZiPW2YAiSmogBKmT6oPaY2Pf6aAmMtUitXo8ftnr+vKp9f6InmPZz7u7LyO3PtyjGJzm5jDH1xj9sY2Bvx/B8ry88cOjo7e7LP+jHrwyynKfhjERzP7Po5/pT870+F3+d3fj/I6PH6K98+7H7U8zXGPZ65ZVNXUTu7fpn83l+N/MeB5Pd2zj1+P2+11eOP0zj/RxG3wfqf13+v8Pzng/wDpvi9mHf0duWHb2dk9Pb1Z4ZdeczGOPvnU7zc+vLje1omsVrM735dmbS/nvtcWz7NM1Mbur0NexTNcgN/2zf8ADIo0tU1jlfBOGc/BmIrdkalqJZiWMruhVtmIFpWJTKquCCjGJVFoDgaXGV5hjGWtbFSbnc0oAZk59bJ5ijn1qFZkSTb4MiFADCgCAaAEbk8yAL1zWcSdk3nMs6ggACulRLi6XQMAAQ7RMaONOtc1hNx8aoWF970N4SlG0J0CUaguNTcqY33PqiAZ2C7KVmUAGV1Sd0AQARBqrmgRAAAAAAAAAALLKKADgAAAAAAAAAAAC5ncAAAOAAAAAAAAAAA4AsriyiwAAXHGcpqImZ+Ebt59Hb1TPthMV+07xel6S5xM4zccSTlM7yAIAoAAAI1XFstVVfsCAASAAABZZRQAAAABoAAAG5sG4AAAAAAIKAgAKGgAGoAAC3CAARWoA1E3+zM8NQkwBCsgLLKys+ugIBYIADvC5Rcs+81EQ1jKPQyw1UlDKY1zZIRuDpaJJE8oqMzDWUx73GzUVMcxYMxNzDU1ozxGzVWCEAqLbLVfvEs8iqAKax8BkBAFYlUTQGQAQNAEVmGoZAAAAEJSVkqQSGmYaBAAIdsOIccd4l2mp2GoSQ1BoDQRqEmeSyjgE4BFZk0A5EQAZQABFQRQAAAAAAAAAAAAACy+AAAAAAAACpkAAAAAAAAAAAAAAAgAAAAAAAAAAAAAAAAQFAAAAkJAAAAAAAAARploEAAAAAAAAABcfXVkagCKJCZmQQACiiywUS32/A/G9Pb0YdudzOV8bVTPJ0w9PbPbjWY383xVy2fb/KfpzyvE8Pp/IR1z/hu7PPriYm5wyw/564i9JfB2OUdjNgvgtxtHx7SoVI05iXMbK/T/AKSy/EdseT4Xn9c+3lT144dvtMVjjczh8spmpxm9zts76fluW7iIev8ALeN4/h/kPK8fxs8uzp6u3LDDPOvaYj41WvDhn42WEY5XExMaaMnr3cbJl+k7/wBHd3T43+Jj8l+Ky6/8Pj3xjPk+nbMTvh9rLGMvbHXT4Pz09Xr/AHY5fPGbhRYahmGoHZuOYSN0ooaScZhmWp9vizQi41qkhwC+s1bWOMzFntxUNY5RGNIMaqTHwUEqYyi01b3ZmKU4oBG4DURKH1aSKlFFlgyBUqxLI1P9NH9gyzKQ0yCgDIioBJiAEhyCKAAy0yCgAuLbGHMt60NwoA0lrErUM0iwaG5oAmybtcMqzJRZYIgAiACALwIgAAHAEEkkAAAAAbmxsbgAAAAAAAAAAFgAAAAAAAAAAAAAAABpQAAAALFaoAGgAGgAAHAAAAAAAAACxU7/AOX+aAFllcFAAAAAAAi1MTUo+v53V05eH19uP9WHrjPx5+P7DpixTffr5Rt8k4AcwAAAAAA1AAOAFABAAQAB6+j8l5PjxGOGdRGjyNbReo1TJkxTulprPyfX7/1L+R7/AA8vBnuzx8bPs+5PV7fT7a6X6/8A43T48boo3fqMmWd3ty8PSI/SIam2VmWRzmdq7+JnPX5HVnfrGOcT7fBx4hBGu3L27c59pyvKZ9p3m53TgongGaFWsPmDaRLXrNTMaM0js1Mk6cxPDJAu22ectYj9xncNjU1E1HKIM7bmY0GT2gNtFzII01TErMkTGsKrMTLpPrMcMz66JAhVHtMFzqA1nP047a7fwzFE7M2CgKyM7NMjK8zscwXMbF2AHAMnGqABlzIEAEBAgABBJBIIADWDUbs9e7WsyNwtwMg01YekwIsIXMbFlDLICiACIAIACBQCAAAAGgAAAAAAAAAAAAAAAAANY5ep/Uy1hlOE3G4LMY6Mk5TlNzu17ZevrfAMAAAAAAGgAAAAAAAAAaAAAAAAAAAAHAAAAGgAAAAAAAAAAAAAcPd3fkMO3xvsx1ek3FzE8cPClDVclqb4z5xqfspBJAyAAAAAAAAAAoLNVwDOoAIACloAoAG4bAAAKu7r2dE47T7R8dv/ABcKkFo9a+BRQNfzAwI6KAMrZEcWAKy0yLsDUDbftDLLVhsssSxrbQyKztZCaLDaABsAE5AG6ptABNgCKocAAEAACAAAAIADfVF3zEfubcGOMSQNws8m0EcTe/yJGlvgBFhDkBlAuYFGaCYKEDgBEAEOABAAAAAAAAAADUAAAAAAAAAA0AADQAiQmgAAAAAAAAAALKK4LkAAAADmCAAAAAAAAAAAAAAA0AkggkDgAAAAADgKmKvWL/gA3sNjcAAAAAAAACAjcBNSVAK4KCwAAANAQAAAFAAuyrKLBr0rWGVq09ZgGsc8sP6Zr/P91yz9udWAFCPqmifpkFNGRGgAFVlbBZRJAWiiywA5AAA2AKiAAszISAgAKXMACAAoE0CAAKigSACACA6TGyZ7jTAAy3ja8GG1g6VAiLvmIqL51+UfM0GllCmdaQhTQBlAFEAEQAQAEABAAAAAAAAAAAAAAAAAAAAAAAAAAAAAAAjcoAAAAAAAAAkriyiQAAAAAAAAAAAAAANAAAAAADgAAAAADgAAAAAJCQAAAAAOAFRb4SgAAF0ReKBAAIJIskAAAJNAFZAUAEdIx9oYaxz9MsZq4idtrBkBGjQOAAAQAAABQAJpAkAAABQkADUKAUAAAECgFABAAUAEAEdev1rlzz/qlrBmRpABl0w/pKTH+lqOR1qlNbpHE2vtqyqzLJMs2oBUxuDKcAKIAISEgicACAAgAAAAAAAAAAABXAVPwlfTIGRv0mrT1BJIJIANAAAAkgkgAAAAAABFQFAAAAAAAARUBQADgAC5kAAAAAAAQaoBAAAAAAAAAOZAAAD5AAAAACKgKAATV8AAAAcgBITuAAALFaoAAAagAAAAVxYLjlGM3MX8lmYym6r+WVgEONQACN4n5iNAAAAgAABQKIQCkk7kAAAaAKExOM1O5yTvYCAAoAIACgAqHCAAAAAACAAAAOvX/SsJh/RK4jtUkyqMDUlkZmOLR0lzlQmZkCNhlAOFEsssEBAQmC9iyhFAsRAAAAXllpkGiiywX1ajEhqAbx68YqZPtxHMF3vC2C++cR66MXOq0zPE0CZTFMNzP00wCSADIAFFllABoAATFVzE8Xx/n8wAAAAAAAADUAAAAAAAAAAAAAAAA0AAAVLLWgAAQAAAAAAoKAAAAA5AAAA1DUAAAAAAAAACgAAACgJAAAADkAQaiIoEABZr/wCUQzJAKBSNAagAAgACgAAAgAAAACihQAByCAAsQEygLJGwSCGgAY7k70QSCU1NNV9FsUABAjVR62y6TDEgmoAPR19f/CmZ12SI9XTCf+DF/FmYuB2qlfBKlqIqeZqBFZNJif4ZBEoOQZZAURFQQAEKAEABAAAAAAAAGmoZaj4A3AzG7YGtjIBO9Mys72mX9N/MGAAEAAAAAAAAAAAAAAAEUQFAAAANAA1AAAAAAAAkJANQAAAWyyy/lAILXFoAAALczV6RX8JqBqAAABoAAAAAAABqAAAAAC6IWAAAAABQCoICgABG4CjICm5xJsARxJqAAI0TIIChpQIagaAAAoAIAAAAAoWAAqKAACAAoAIABwHBwALwnAKy0yI6aObpM/TTmC8gA9OPXl9r3rVpnq/ov4r7WO1Vmp3Zn/ocasopxoZxxbWMcMTOgjMbBRxqMsgKIAMSACIqNAzIAAaUAAAagAUWFA0AC3bWzLVToCARzIJNkmVxlwAzO4SAhwAAAAAAAAN9WcYZ4ZTjGcY5RM4ztlETtOvIL3Yxjlx8Lc3fy+/Hye/Ptx646oym/SJmYj5Rejp4v+B+x3f4j733ePs/br11v2v4cUDyBUwAAAAAAAAAAAAAAAAAaWAAAAAAFFAAAAagAAAAiqyCgsVqCWWHAAcAAAAAAAAAAAAAFllFAAAcGgAAAAAsEMgKAAAAABcBQgAAcAAAAUFgoAAAAAAQCgACKigoAIAAABqAABoCAAoAgAC2IA6451FES5+xdDpydfY5lzs9xYtt0yimYmpY9pncnKxNtzNMXablUJtRATYAIACC45UjWUUCAAhwAAAAACooLIAKACzNyiLYEpJNpIAAAAIAABVxM3HFca/wAAAAB6zMFHtJ7cTFRzrr/AEzKSAAAAoAAAKcggAAAAAAAAAAAAAAAAAAAAAAAAAKMgNUtR63fN7M2oIagAAAAAAAAAAAAAAAAAAAAAAAAAGgAAAAAAgjW7LWwIAAAAWF1tEfyAFSABQBYUAJKiqBS0AKAgAIAAGgAbhtQAAAAAAgAAAAqLI0gAAAFlgIAAAAGhqcCIqKAAAABIAAagI1H9KIDQAKagAABeQgASSRuCAAAAAAAAAAAAIoAAAACgAyqKCoqAAAAAAAAAAAAAAAAASAAAAAAAAAAAAcBABLRlzIMigIAAAAAAGgAABIEgAAWFAAAFlFFgAAcAASTWhJXAACABoAWFgAARxJPMgDTLTIAAKMgKRKWsKq2WUUCeweoC8GjNAKaAAAAWAAHAAAAAgABQWWBuHMAoAKAAY6/sQSQIAAHAAACAAAAAAAcgAAHIbgFra/RTILyACgAgAAACE7oCgAWWUAGgAAAD0YdvXHX65RcxtLnnOEx9I1w/jvbmBQyGoAoAIAAAAcAAAAAAANAAcVAF4gAcQASagAmkADQAIAAEBAAHAASAAAAAoAAAIACNcaMtaAgaAKyKBZYAAAAAIqAqCgAABwABRQACBubBuAAA3FVyjW0DS4RExcxP8ADE1fBHZlEVGUxfwZGQACyyigCplV2GmdiOJBUajLmz2ZAWZZstAUAFEAVFQAAFAAAAAEAAOAANw2BQAAAAAADcQAAAAAAAAvgAEFAAAAAAAAAUsKAAAAoA4KWo0Bka9JPSY3BEdvThj1GuE92QBlAACHXp+39Xv8qO37cV6fyN8fTzcgBgAAABeTUAAAQAAAAAaVqmYd8YZd8OGck6hzjA9Hrjr+RPTl8E5R2e79tv4PJ6kYvT9mTHp+JyY/4r/hef0k9Xr+3eifYynRPcdo+m31E8bfk80YkxD0z4+RHj5fJPcZ/bsu4j25j7vPOEaMxi9uXi5YxdMR0T8D3G7fS8v4HjnGkp9PL8dnPXOeOP8ATF5ft8Xz+zCpai/yeXq/puXp9co1v+rmFDbwIAMgAAAAAAAJMtRhMxdwkwkA3QyAq184RkG6SktAaOGSgUAAAAAEABQAAAAAAADQAANAWqCrNkaUZssOTSWlgciZWWbWA2FZfB09b2g5iaF4M+vxPSZ0dPbCXP2nSZEn0W+KLx+LFnAFliWCgKhISAkkEkAoAAAAAAAAAHAaGgAAgABYAFFFligAAAAAAHAgABZZfIAAAAAN/ZzPs5A5q6/bPXHQHJqnScYq4ln2qKBgaqdU2kE9SmrPXiwSorkLx1PbDQFKln2g9hp0oiPWbc/aZLmdwdPWNy41cwOTpPZik546RLnNaJYc99odJ7J0JzuKZrmHSqEc+TloEZKTVqIAmgkBkAAAAAFoui6AFLtqMbA9WadfW4rVn0mKv4bag5cjSAgAI1Ao6U89OmGD3+N1TnMR8Xj6IuafX8PDnFyfovonTVyTynxfT8b8D39s9VemMdu05ZRE18fX+uY+cQ9vZ+lu/ri/ueNl+2Wf+eD6P5j/APW+J4Xb1512Y+sYzUX6eszc3esxD4Wf5bzuzLnye3H/ANuU4x/pFQ6/4q/N+rx4aaiIiv8AbH+9r2fp2Z6fJ7cfI6Znox9vWJn6savKfaYiIqP3t8OOu5p+zjr+x+D8nuyn6u/qxqdby7MYqfn64zb8rhERLOWtfTUa8fVxz9Hjm3k+j4v4f7nVjnOUYxl2x143E/VzUze0V8JfW8j9O+P48Tl2eReP/N64YR/25Z82MOr8H4+WG/thGcfGZjO5v50/PezpyphiImsb+b0Vx1pqPKfB9vr/ABP4/v8A8XGOWfr19Xvjl7YzcxHtVxFc7bw/PY4P1Hj14/4Pycsv/wDXHKIn5zNRx+8S/NYpl4W1qPyZvhry8n638P4vjdf4vzvM7PH+9lj1dv24zj2w9fXSP/dfO78hji/ceVlHR+mYwxms+zPrqt8sOybyiI/3fitspYtEemoY9mk7nXd+u/TXRh/hfPz7Orr7P+DljEZ4xlHr6ZTMRe03q/A+R0RH1P6B4Hdl0fpvy5x4yyxyyjLX1y9ImI+c8w/D+VFFoefrulxZMd4tXcej5eeMaPPMPXMbvNnBEvxPX44iYmGQGnzwAAAAADQjgAW0stAUAEABQAA1AWK1QP8AQAAAAAAAAAgI3ACdwAviYqP31/goAABGpiNJMMsYv2x9uPjXPx2ZB//Z"} | headers=HTTPHeaderDict({'Content-Length': '16511', 'Content-Type': 'application/json; charset=utf-8', 'cache-control': 'no-cache'})
2026-01-08 20:46:41 [   DEBUG] [remote_connection.py:467] Finished Request
2026-01-08 20:46:41 [   DEBUG] [remote_connection.py:405] POST http://localhost:51854/session/3b7ea9b8ae3b9f898b5332732fa74180/execute/sync {'script': '/* isDisplayed */return (function(){return (function(){var g=this||self;\nfunction aa(a){var b=typeof...', 'args': [{'element-6066-11e4-a52e-4f735466cecf': 'f.791E0EA8D4C19E44145BFD7D4024DC0E.d.EFE0D926EAA590FEC8C59A08E1B8C9FF.e.37150'}]}
2026-01-08 20:46:41 [   DEBUG] [connectionpool.py:544] http://localhost:51854 "POST /session/3b7ea9b8ae3b9f898b5332732fa74180/execute/sync HTTP/1.1" 200 0
2026-01-08 20:46:41 [   DEBUG] [remote_connection.py:438] Remote response: status=200 | data={"value":true} | headers=HTTPHeaderDict({'Content-Length': '14', 'Content-Type': 'application/json; charset=utf-8', 'cache-control': 'no-cache'})
2026-01-08 20:46:41 [   DEBUG] [remote_connection.py:467] Finished Request
2026-01-08 20:46:41 [   DEBUG] [remote_connection.py:405] POST http://localhost:51854/session/3b7ea9b8ae3b9f898b5332732fa74180/execute/sync {'script': '/* getAttribute */return (function(){return (function(){var d=this||self;function f(a,b){function c(...', 'args': [{'element-6066-11e4-a52e-4f735466cecf': 'f.791E0EA8D4C19E44145BFD7D4024DC0E.d.EFE0D926EAA590FEC8C59A08E1B8C9FF.e.37150'}, 'src']}
2026-01-08 20:46:41 [   DEBUG] [connectionpool.py:544] http://localhost:51854 "POST /session/3b7ea9b8ae3b9f898b5332732fa74180/execute/sync HTTP/1.1" 200 0
2026-01-08 20:46:41 [   DEBUG] [remote_connection.py:438] Remote response: status=200 | data={"value":"data:image/jpeg;base64,/9j//gARTGF2YzU4LjEzNC4xMDAA/9sAQwAICgoLCgsNDQ0NDQ0QDxAQEBAQEBAQEBAQEhISFRUVEhISEBASEhQUFRUXFxcVFRUVFxcZGRkeHhwcIyMkKysz/8QAiwAAAQUBAQEAAAAAAAAAAAAAAwUABAIBBgcIAQEAAAAAAAAAAAAAAAAAAAAAEAACAQIDBAUGCwYEBQMFAQAAAQIDERIhBEEFMVEyE3FhkYHBsQahImLRcuGSUjMVIxRCU7KCNKLSc/BDY8LxNSUkVIPiRKOTFoSzEQEAAAAAAAAAAAAAAAAAAAAA/8AAEQgBYAKAAwEiAAIRAAMRAP/aAAwDAQACEQMRAD8A8wGMYFzbgzcgL3ewsio89gBRmGgERpiGBYYxgWyfEecei8uRqiw6ptcQMxrvCXuWwRfErdRAtYY+sT4DzfAC4zML2seHvaAtexuJDwoeEAbV81xMVTNRyxcm7BkjJQUlmBXN8S/Apw7C/EAi8qCJJ8V7WDQRAE/zsLlC4BER6q97EFuY8wLxaayLEOL6uph2P0kwCwxjAYxjAYxmPgAHT9DytE2JB0/QfymS4gSRghgc3X3nq6NWcXRWHE+OK/i+IWnvLUVL4aVDLnVjH96SZ0KVwVXT0asbTpwfJ2Sa8qAQtRqNZKKi6KjiV/tIv0sp12p/TQX/AOWBWOghVlKcHOl7zthk7W7G2R9THWaeLcasakVwU+KAjaveeoowzp4L8G2peg5p1ZVZYpNtixVvXh+I8QkKKi7AFGMYDFjdX8wv88xIFjdX8yv88wPQ1wRpdLJDAGM0YAxlxgBLo2xawGDGMBjGMDBl7DsA0FRiCIDLBEh2CJANIJY1IukBWw7BbDsAMwLYdgBjCWHYDxvCXUSZ1aBuAALGF8EjEmBUsFSCfh94EbMvEcgYBbsIkRLl8bAnJR2hcdJcxNTZcCdKvfJFccmRYh0BZIIjEFUQK2NsGsOyAsnctZme4tnxmKo9oBlEvhB41sK4wDWQwV2O7AuwD93sCIzC5ANMsmCVOaZIVMDUwiZRUXsb8oVUnzA247hVTQeNJPiAm1FdXXFBKc8syd1KNVJcgI+ZufInYC2ABPz5Dz5Ch1Y8AEHPkVv8GX0ZfEKWAthASKakr3jJXd+jL4iSuyX0ZfEKLpmqAELCy+EnYS6gAnKLBahSUMuYsYAdWHuAIMI4Va1hE3jVz6tbOPlOncTgdXN4pt8W2BSDo9W8denB/VaquX9NNx/qEdtObtJPsv50iPOTkw9OntAkWNsEsOwAxY3R/OQ8okCxuj+ch5QPSGDYSfTYNgVGMYFBmjAdhmjAoM0YFTS9jbAOxti9jbAVSCJDSCpAZYukWsXSA1IKkNIJYDLDNGBSxlgpgAxmmAeXDGMCti1iyRewAXAG4ElgwIuAzATrDsAn9WW6snYQdmBGwF1ELYsAGwTJGvgCALiNxmYR4QCKRqbBph4gP3h2Do2wFVAIqa2hFEIogDwhFEuohMIA1EIohVEIogRbF1ELYtYDFEvY1IukBVIkRRVIMkBlh2LDAdjUixYDMI8Je47gVwmqJY1AWsbYsiwFMJdRNuXQDsBrL3CQgdfoAIrRwe9NDXTxxtKMm+HFdvI7yTOT3tVwzVNvKUZP2AcjCg1xRNjCxWnJyV2SABWKl2UAoxZ3P/Nw8voYjMWdzZ62mu30MD0OfS8CgeoveKNADGMYFRjGBUY7DsBYYzQLGoZZICxYaLoDEgqRUIgLJBEiqCICxozQMGEsMAZUuCYGMoaUA8D/ADOoXCpIl094Vk/etL2Eb8vW+o32AnTqR4wl4MBbhvNX96Fl3O/mJi3lQfNHKsoB3HX0nwnHxMVeljwucUcSaB6ElczCJWh1VKNGEJTipZpK/IWLgDKBGUApYGFBAYUNLWAyxtguEthAEkHpoyweCAKkESMSCJAXQSxQIkBqQRIxBUBtjRmAUGMYFi6BouAZBEwKCIC5pgwLmmDAuMYwGaYMAhpgwCJhLgEFQBECrdAKgdboMBFlxOI3/wDbUexnbMR95UoTp3aTcYt8L8GvjA42j0A40rIYFWULsoBgvbi/nqfZL91iELu4v5+mu6f7jA9CqdIGwtTpAmAJmFjAKjGMDRjNAtYdjRgMuVLoC6LGIsBpphoBUERiLoCxZGDAtco2UbKNga5A2zGyjYGGDGB5BV3lRhdQ9/syXiJtXeNeosKtGPK3nEiKYQCjcrm5ilDd1eo8kHqbvnQpSqTsrW773ASVe6QWx0+m0MYU4ufvOSvayyErX0lSq2jFRTV7ICFpE5aqCX1r+w9Aw2PP9JUVHV05PhfM9AAowYRlAKAw4NgUsaipYAgVALxXGUY/KaXpAz1dCkryrU+xO79gE4vBoRobz09SWG7XfLJeJKjVxP3XGXyZJ+gBYUkEvESOskuIRVQFdFiFGsS7gEQeKBxRJjEClh2JGEC0BFMGMC6Looi6AKgiKIugLDQxgFRYEaBtx3KjAsXQMIgLjGMDQqBBUAdA63QYRA63QYCHIgav7Gp8h+mJPlxIOr+xqfIfpiBxrBhGgYGGGmAVZ0Pq7/1Gn/F+5I586f1ZV94x+TP9xgd5V6cu0jskVumyOwKjGMCgzRgOxozQNGMYGhEULgaXRQugLl0ULAFNBDAJc24I0C7BsvcGwKMZYYAxlrDsB5LR3bCCV3d9nzkXV0qa1VGK5pvxsHhvfT7Yz8E/OJmo11OrXVSKeVsux3A7rBG10JO8vsoLnNecr99aN7ZLyCbrN56evCKji92V+HEDonE5rev2sfki/GqqsIzjwkrnP7zd5w7GgOaqZTO+oaqnOjGd+KOBq9LyGqUsKV3bkB3ktZRjxnHxIU960Ic2chcrfMDo6m+E+jD2/MR3vOrLhGMfaJKlT24vIFx0Nqm/KBLlr9TL9dvkqxFqV69Re9OTXab11P8AYp9svmLfmn+mnCPkuBFUJv8AS2EenqpXwNII9VWe1LsVgT1FV8ZNgYi+Fodm+CuSVodZLhRmA1q9RDo1Z273f0h4bz1EeKhLtVvQy8d0a+X+nH6aJP3Fq9rp+L/tAJHeq2035JJ+lI6HRayGoVou9vE5zUbmq6ajKrKpGVrZJPPyvgKu5kuquB1tImESkTAGwbCMGwIO0uim0ugLouiqLpAXQRFEEiBawwlh2AGaXsbYCtjbF7G2ADY1BLDsAzS1jbAYkFRVIIkARAq/QDAq/wBmwEKXEBqf5at8jzoPLiB1H8tW+R50BxL4AmFlk7A2AMYxgUOs9Vv+pf8Atz9ByZ2fqkv+4Tf+zP0oDsq/TZGJVfpsjWAwZowKDLDAwZaw7AVGMYGhEDCAWLoCXQFxmGgWNMGBcYxgYMYwNGMYFRjGB85ymnwio9l/O2a6dTbFrK+atdAWT62unWw5WwxceN738iAn0NzVK1NVJVYU09nGXhdA9du+GjpRlGbk3Kzy7u0B946lxSxYbK3u5EWpWq1cp1JzXJsDsNPVpUtLSjjirwT4iXralOpgwSUrYr28ghQJMcgI9ZXdP5Ir6LQU9RTbk5e7JrITKvFeWx1G5/eVZcpRl9JMAa3PR2Y/EyW56fw/FfEdWoDcQOJnuqmk3ilkriTQoRq1YxfCzO9r0rRZxmkdq8O92AXqW56DV3i8RQp7q08f9NPtzFKirxTJ8VYBMjoNPHhTiv4Y/EOvp6apT9yPRfBJPxSFV2BVIXhJc4sDzil9tHti/wCpHoSR57SyqX5W9kvmPSUgDxilwNlAkRiXkgEHekb6Cv3JP2iPuP7CfyvjOk3hG+h1C/25eg5zcX2E/lX9nzgdZRJhDpEwBgJkrCG01CNfUU6Um0pyUbrirgIxo2N7Oy4BEgqRiTU1FrjTjUXZJBEBqiEUQ6gEUQApFkizRJkuh/hQftl8QEEukRK/WLFJfplTjb5am7+TB7SbT95XA1IJhCKIXCBDwlLEloHhApYdgljbADQVGJBUgLJEfUdEmJEfU/ZtgIEitX+T1PyYr+otIrV/ktU+6n+8Bwc+kwYSfSYMCgxjAyx3HqhG+trPlRftkkcQd76nfzGrfKiv30B1FXpsjkir02AAqMZoFRjGAxjGBUw0wDRjNAsWRQugCDMRoFjTCwGljUiwFLDsXMAwGXZQChhpgHgX3bqM/suLX2kNnlJ8vV/WR00tTj0sox/RDUUZ1H3qEZt2W0jwcmzq926Wvq6OorQekoxopOfW1HFyTv7sE5PE2k8rMDz+ScXZ5Fbo9R3b6nUd79dN7xp0MDioppSx3vd5yjZRaz4nLa7ctLRauen69VsGL34OLTwtrZf0gRt26FahSqTuocE1tfIUdToqNGF4qV+0kbojbTuN+jORJ16/Bb5W9IHE6jJLtF/1ff4tZd0fZcQa/AXPV/7ar8lAdwVkZcFKtEANV3Vuz0nCUFbVR+XbwOqrahp3RyM706zfD3sV/LcD0XTu0ETscVxZxUK1n7rJ0asms2Av1a6ysQJ13sILqkeVZLjJLtAQcl7fSd/DW0VGDu37uw84lUjKUsP1mSfz6SSUsGFW4J3flQHpdPeNFq9peAWproW6L8uR5E9410/dl6F7EkhS029Zu0Zgd3qtVGenrK3+nLb3dhyu5ajSt3+mKJfXxnB96sJO6Z2lbs9AHocJEpTewgQfAlxYElVGyZoZf+bpv8al++hOQfTzVPUUZvhGpCT8kkwILRRdNBKjtOXa14M57fGsqaSjGpSspYrZq+QHRavWRpSpTqtKMdKl5IzkiJpt56bVSapuSta+JYXmuV3kea1d76rXToqthl1cerirZYXOU8+ecn7CVjanjWTfHwSA9ehVSRD1u8Y6OnjwOo27Rism34M8sr7w3hG2CdTbe136Amgr6mpObquWxpyTTvnwuB6HS3oq8pwlSlSqQaTg5J8eTWw6GtqIpaZvLFpoP/7tVHli+0x7ee06feNVxo7sksr6NeyvVQHSVa0fyWpaWaq6bP8AgrhtN0Uc9pa0Km79YpNualp3Hu+0UvYzotN0QJRqZS5qYGsGXYNgMqWBgXCoCmEQByLq/sn2olkPV/ZeVAILHWX/AIGq/wDaX9TMkWqxn936qWF4U6bbWdkpfG0gOBn0mDCT6TBgYMYwMPQ/U9W/Oy+BTX9TPPT0n1P+w1z76X/GAtVemwAep0mAAwYxgYMYwKjHYdgLGGjAYzbGgMsjC6AZpexawFbFki9jQGaMYDKMbBAa2UbGwYGmDGB4K5YWGhVb4Ce6uJmxqWYC9+b1DpullG/Rave/JWa4ifCpWU8Ss+eXzhITxNdwoQ0dbWT6yg4JPpKTtaW23FsBR3Xxqr5HoJ+rV6NRd3oaZH0eiraSveolarC8Wmmnhtfh5OTJleDlGS5oDgK9nF22WM0Ooemrwns4S70y9WzUkuVyBHjYD0OMq0+F32J/OFVDUz4Uav0JfEc3Q3tr+rUfzVZYcl774Epby1746qv9NgL9PdWvnUjJaaq4p8cEvOkZqPVfX6mbnS0tdye2o6cV7XE516rVS41av0pfGR3WnHjOS8rA6en6rb0haUlQgubr0beyoyV9yain09Roo9uop/GcenUqrJykDenrv9EgOtlu+nHpa7Qp8uuT9CIFfdWkrK0966KPZ1sv+BHP/k9S/wDTkEju7Uv9Fu0CBUpQoTlCnUVWKbtUScVLvSln4jpUtDNN1q1aMvqwpppeVyV/Al1dFWpdJZmUN21tTDEsMc2mnxTQAur3Wv8A1UvoLzsqp6GLy005csVbzKmLNPccv1Vorsi36Wgn3NRj0qlSXZaPmYCZ+fSyhQgl3ym/OjN2fzJ1+m3HoZq7jN9s3l4WEvdNJUd51qa4Rc0r8QOypRJ6pSewyhFdYri3ZAJS07MqUko5CrZEPUPDBsBN1cIxr6hLZXr/AP8ArI5beUrU0/hB97S1Wq1upnpnN05VG4yutub7+LOUq6PWVpSUpVmk7Zy/ukBR1YriRZ1YWvcNLdksahKNTFyxR5J8yUtyy+pU8V5mwB0JrhzzFOLy2BqO557MUeyfzCnHcdZbf6/mA5+pdPJ2Og3lNLS7qvl/4kl4aquN7mqbVF/x/MKur0K1Wn0EXxo0Jwfb+ZrgImiqwdHVK/6ab2bJrvv4XO10vRRx73bDTva8SyvZ8Jw532NnYaP7KIE5moxmxAswbDFWgAgw9gbQAyRAFYPBAGRD1v2Vu9CgkQtavw12gc4+JfXua3dhjK0ZP3lzs7fOVasxQ1WqoLc8qUlepjhGL5WlOT7cpRA80kgDJMgDQDKlijA09M9U1bQ6uV+NSHsTPL7nq3qwrboq99eT/pgAoVOkDCSKAVGMYGjGMDBmjAYxjAvYZowGXRUugLDGMC5hUqBe5lygwG2DbNYMCzZS42Rm2BIK5gsZfEB894LK5iZOdLK2JdqzMVCHwvH5gCUq9OP+m/p//E6PRVlSvKO1I51U4InUZ4Y2A67U61rqMXDHK7/hXxlJaqg/9SJy06jdk3w4AHNvJNoAVZZytwzSIWmyrw7bE18SAsp9kk/BgdNpoqGsqL6yxekW5RTEHUTdPVQktsPSEjXqqWJu/vYrc+7sAnypqKuc7rnea8vmOknvpR6Gj06a4N+878+COa1eolrK861SMcUrXw5LJWySAlaPURpLNN9hJnvmEG0qc/YIke6Ml5WRa62gL/309kYryXOq3dVlrdHXrr9E0o9jv8R5rpNNU1uopaen0qs4wXdd8exH0jpN30N0aBaVKM7JOU4vKUmrt25NvLuA4yvvLS6bTzoz01OpOcJJSks4qa499tggbn9+lP5bfjZkLfc6arWpcM/MJu79RU08pSi/q3XPiB3zVkRZpSQiz3jX229vnbFXTTdSkmwFLRXU7bLHMUfc39WXOUv6lc67QxvV8hzOtiqXrErfqjT/AHEgO2p9IWNiEin0hX2IBJ1O8KWnnCm1OpOauo044rR+s+FkcLPfVavqPxJThR4Wg3Bq/wCqTQr6ubW8Ne1lNQpRj8nD53c4lzh+Y9zEr34Zd2YHc7ufWUW+9fuxJSoRUZP/AHGvR8YnbkTdOvnwquK8lxcS6a+Hi8f+QHPV4KO8oJLpQT9KOqjQj1ayOc1nub103fT9DOtj0EBWFKOxEtUzYRJaQEJ048iLG2KMbZLGl3LG5f8AGKU0kItKpi1leF8oWt/FGDATd7RUZaa22bj44X5ha0UfwoiNvn/6R/78V4i9o/sYgSWNGyMQBDDTAKGWNGBiiGjEqgyAsiBr1eEe0nifruhHy+YBCfEg6/8AlH/jP9yBOlkxK138uv8AEk/ZEDlpAmGkBYFShcoBQ9c9Xvd3L21aj/dXmPJj17ckcG6KPe6j/rAKM0wB2MLDAYxjAwYxgVNGMC4xjA0uihYAhhQwDTBjAqYaYBhhowKAWg5lgIMgTJ8oEWUAPGLGWFhbq1W2Kj2sUKW48SeOtZ5ZKPdzxAcyldhML2HV0t1aaFSmpKU1PFlNt5RV1wsdHT01GmrRhGKWxAecRpSqNJbXYlx3XqHsS7WdPraCTjJK2eb5GUqymuIHH6jTyoNJtO6vkINVe8ztN6xUcElyfsscfV6XtA6Cr72n01S3Qcb9iy8x1On1dCjSWOVrttd4ibtgtVoZ03G7zis+edzKei1Wo0jhRd5uShKnb6t7Z37dgC3/APsO7/rT8F/cLGn3lpqkccZpp7Fx8Dl6HqvrYNOWlqVO9RyftJdbd2spy6qnQnS5yklF25bbAdrLU0aOF1KkIYr4cT42V8gUI6HWKTS09dJ2vgjJJrjxicH9w6nU1FLUV7xjwV3KVvq58O3M7Pd+no6KPV0lhjnlxzYBdPp6F5SjQoUpRbScKcIy+kopibvOpUclFSlwX6n8YuVNTCHSlGN+Zw+89fepigm4rJvsAR94UsDp34Z3fK8WJWndm1zt7CbrNVKrCMZfp4dyS4W8ol08TksKbfcAqzd1HukhY0lWUY27zk6uuw+6ou643ys/ANS3pGCzjLsA9D0ldxqJiNvqeDe+mn/tx/el5hA0++5dalKMYQ7236ESN6arr62mqfVuuN9qA9KoyvGD5pMW4vJHH7urynQp35C/Gq7WA5Hf0/ymsjWkrxqUnHja3Vu/tucdpp6eUk49ZKo+F7JeFjtfWeHXaFO13Cd13XTXt4Hn1GEqM4TwyeC+zjcD0DceU9bHZ1kJW5YosW69aNBwlJZSeFvk9nizndzTvrNT8KjQl/SjrXCNWLjJXTA5zejtrdBPY+sS/pOyhayOR3sor8k7ZxqWXlt8R0kKiVNNvYmApQZITOf/AD8I82S6GvpVO4CfU4HK0nbe9dc6cH/RA6iU1JZHJxdt/VFz00H4ZeYDd95R0r5amHnFrRP8FCPv7+XovlXpv0ipo/s0gFEZgwLXNuUNAZhgwCIOiMmHQBBO1vRQoCfreigEUR95O1Kj3yn6fmFfaIO837tPtl+8wEBsC2a2BbAtcpcrcrcAp7Ju/LdOkXwPS2eMJntemnF6DSxT4Uqf7qAZhowKjLmAYMYwNGMYFRjGBoxjAuMwYGDGMDRjGBQYzAMMNMAYxjAwYxgedVt86SGV5Tb44Vklyu2uPsIf32m24aepLuckl5bJkd6Ojp6jSh7yLcAK1tRvHWxUJqnSgndWUXJPuebFbdEq9KrKFStKspRslL9NtonKVuXC2YWnVdKaktgHV6lKVOS7mzz6q50NTig8UFO9+CcZXaXpPRV70c9p5ZroShUavnTbj5G7pAdRvK09NConlf0nF1Fd3FuhqZVdHUvwjDDLze0RJsDqPVyTbrx2JRftZ0+kf5fejjeyrrGvlI4LdGrhpNQ5TTcZRcWl2p3Oj1G9dPKrpqlOE06VS7vbOO1LjyA9phLJMQ955zjLY0/MIVL1o0UYpPrvoL+82vvzd+pSXWuNuH4ctvYBG1GrhpleadnyEuO+qOK0YTk32LzlNRLRauX84oWTwqVKpZvldXt4EalotBlKWupRfLDNe1oD0hbq0WshCdaEpZXtja4pcrA5bh3dGNo0FbvlN/8AEBo750FCjCL1NF4IxjlLN2VuFg637oJcKq8V8YHNb53Ju6lpK1WlScJxg2njm/ZKTR5np5xhXp/KPaNRqNPXo1o9ZT96DX2lPL+s8OeXbF5MCPrKM1qavfJyv8rPzgY6ac+jm+QvOelWb/Hl2YY/H6CC5yfR9xcouSXpYAnoVS+1qxj3L3peCY5zi7KOKyfFh46apUZO1G7lQ03W3bta/lYHWbmf4EFyOsijk9yL8BPlY6xMCJr6Sq6eUWsSPP1GCjax6YyK9LRk3J043fcgOQ3bLDvKGXT0lvCT8yR11TURppX2nH7xrS0+9NPUjd/hONud3JWLOTr/AGyqYl8Fv9269oEneNZ6+nThGOFU541KW1pPZ3domutvF2TqJxS4X+cm2goOTklk1mmtltqE+VZbFJ9ibAXIauGFYk8Vs1sT7ROqaypjeG3kuvQxLlWa6V0uxhaVSE+Ls+9PPwAW4b51cVZ07+Qgx3nVW9OvwpSenwW7JPPh7CTiXOp/WxKf/UYcbdVsutr5rMBS3hvKrqaKg4Ne/GV3st/Cjr93zvDtOK19OUdLOpd3WG18/wBSOv3f0IALdzbgTQL3HcFc24F7mXB3MuAZSJEWQUyTFgSRK1n6PL5hVQlazpIBNOZ3k/eXl9LOlZye8OmgElgWEYJgYCCMCBdHrkLwp01fhCK8FY8lpLFUiubS8T12r+n5KA2NdolRqxkI17GxqNMDoErm2EulqmuOaFGFWM+DAtYdggwKgwoIDBjGBUYxgMYxgO47gzADXHcHcdwMbB3DWB2A4jeHrLU0upnQhSjPq21NuTzfdy9oo6L1j0WptGbdGfKXD6RC3n6trVVKlehPDUm74Xwb738x5/qtBqtFLDXpSj8JZxfZID3SM4yV4tNc0PEeF6XeOr0kl1NVpL9Lzi+2LyOz0vrTitHUU0n9aGS8M/SB6FcsImn1tHVZ0akZ9yefhx9gpxqXA43e1JUtU8O1JiHI6/fFGTp06i4Qbi/Laz9hyMgBjGMDp9HVx0KeeaVmcnv7T4KqrRWU8n2oW93y92UeTXt/5EffWenS2Ys/DL2gcRRqqLad7Sydis5X4AksISnHG8Ph2gVTtbtFCr7iXaQHFxeGSs08xUS62UGuEVw23A3MqqmFihGhKplha7ci/wCRjHN5/wCe0CFVlwkk2ny84VRcoqxM6mKWRijhyATbN37bFOqm9hKdlUJkI3ASOpqbIt9gPC75ppnUulHYIteNqjAjKhJq9idpaCuTtMlOj5WEpxwzQE6NGxbeEP8At9XujfwzJdsg9ak6mmqQXFwdgEjcEvw2uTsdomcHuCXSj3+k7uIBkEQNBEBx296UPzegqSWTm6cuTxWsn7RTejoL/Th4EPf1o09PU2Q1FNv2i2wOe1+hpfktRKMM4wcvDMzd+jo1dPGTTu+Ta84pamvSjRrQckm6cln3qy9rOd3fq3pZadKalCN7uV4JOSdpXTv7skmuwDN86D8vKj1eOUOqjOo3moTl72FvY7PbxyYmaaomoYVZr3sV5Yk+V/dy5ChvXUVVHqVUqSptYnGe3F437fYIWkv1kbPinkB3Glu4tptOSs7bUJVfT9VvPS8bVISvf4NxZ0PBETXr/uO7nzlUj7F8YEne1NLQVrbEn4NCpu6V4Q7L+KI29VfQV18BvwzN3Y70qb+Cv3QF+5lwVx3AsaYMDRjMAuiREjIkRAkCXqun5BRErU9MCGzjNVK80vgx9COtqzVOEpvJRTb7Ejg6leFWq3F3XxICjBMyrPArg4Txq4FmCCsEBN0McWroL/ch6T1ar+n5KPMd1Rxayl3SxfRz8x6fW6TAgSQOxdyKYgKl0zCoCzS1DeTd0TYzUhCpcUKUZWAnFLGKRe4FAYRgwKjMGAQZhoAmDZIBACGXsOwBDCpjAuAqxjUi4ySknxTVzMZmIDkdb6t6Wu3Kh+BJ7FnDw2HCa3des0L/ABKTw7JRs0/C9vLme0bRyjGatJKSex5geCwrTpyxQk4tcsjptF6w6yjZVfxlzlx8Tqdf6t6XUXnR/BnyXR8Nhwet3VrNA/xIXj9eLxR8bAex6umq1CcOL4o86mLep9ZtJBYaUZ1Zc+jD2q78EcNX1jqN2aXyfjAUalaEOlJRvwuQKm8IqyjFys+N7X9gh8WOwHSaTX9TNyqPLC1ZWb9jK6vea1SwqDUU7rP5hCNAb4mDGuFgDRljtjbbO1pU4/lNLVhFL9FRracIdbuvVY9LKhLpRkprk05pALciJI143x9IKaco27ABSeWQlamdsKlztysKS08pPPPO6E3Uwamm0s3bNAQarlTat0WsmS6OtjSd5Qc2lbJ28zIdeVnnmo4JLZ+r4hPlUUnkAt1N5OUr2ko7IqdvSn6CMtQ6zu+KXiI7eYWk82B2G75xcXTbSd757bk78O9+sh4nEVdhHA9RhUp2zqQ+khYp05Tjlbynle79JOtUxLJI7u7hTu5KCjxb4IBI3OsGprQ2xnb0o76J5vo9VCGuc4NuM3e9rXd78D0mjJSz5gSEgqRZIKkByG/6Tehm+GFxl7becUaX4mnhLhiipeKuSN7RvodSudKXsVyJoJY9Dpn/ALUV4ZAcDrKOo3jPUVlFwpaeMrXec5R42OThXqQd1JntNeEalOpTfCdOcfFHC7ir0qel1NOclFuStdrau97LAcs9ZXlxa8BT0DlKvd55CbrUlqaiVrKWzhnnkKG7JxVf3ml7rA9K0S9xELeeWq3c/wDdkvHCTNBUg42xx8SPvRrFpGne2ogAo69YtDX/AMOXoI+6nfTUpfBj6CXqqtN6atG/GnJLvdhP3RNflqcfgoDohgsRuMAgzMQ8QDGZcdwLIkRI6DxAkoStR02KiEvUdNgIW8v5PUf4U/Qeb6fpHpWvpdbpq0b2vHicFTodW+N/JbzgR9VK2CP1r+yxFozwTafANqn+LTXLPxaRHqLDIBRbKMHSakgjAXdxRctfTsuF/bl5z0Ormjh/V5X1Unyj5ztaj2AQWUuVbKXAkDBG3AnUiYiHSJgEg0wYF7lLmMpcAgzDQMHcoYARspcxspcAxphoGA2EKWAjNg7h3EE4gZiL4gFi9gJCdxzpqSs0mnsYJEuOaA+frJcDAgwBjQWMJ1HhhFyfcL1Pck1HHqa8NMuTzm/4cvLmBzoqafdWqr++oqFP682or2sWI1dFor/l6Mak/wBrVWJ+RcE+9CdW1Neu71ajl7PYBH1Gn01Gm8NSVSfNK0fnEngKkoOasiH1DlUceGV13gBJmjqOnXhb9TjF+WSIKZZOzugPQOsUp4I8SVGi9pwVOtUi7qpO+zMUY7z1cP8AUb7VH4gOwVOKIlfTxqJ5ZiLHfdZP3qdOS7rp+OZJW+6T6VFrslf/AIQEPVaWq24JZpNvs2CetFWf6TtfvLRT6SqW5YY/3EqGo3cndVIrtjL+0DgHpJppcXys8vEnrdVeEXN8ErtbfSd9Gpop9GrRf8SXpsZVpKpTmoSg7q3utO1+wDgIafrpKDeG+21/iFejuGMrSlUl4fOQITUKkZcmLGr3zFKVPT93vtZ+RbAJ1atp9201BNN2uoLpeXkczW1NbWyWxLglwAUqVXVT44pPmLMdP+Wt1i6vtATqdN0NRTT22Z6Hp6zikmeda2vCrVpdW8bWVkdrpcTpRlPJ24AdLDUrhwFKnJSRzGTi7ijpdQ+DefmAVK9NVac4PhKMo+KsczuZ/wDb6S5Oa/rZ1WJNHnFCpOmq1CLwxjVk3JWurvva5AcvvLemq1FSdN1HGMJSilBuN7O13bic+KevoShqajUbRcm1t4idYCpphoEm3+bsNSyl88vjBxyDQ6aAUKCqSeLFO1mulLb5Tst0v3V5V4HM0eS/U3hR0O6OHlkB1Iy9h2A0YxgMYxgEQeLIyNTAUE8hMrP32TExMrP32BA1r/AmcTc67XStp5s5G4CPqc9RHsXp+YLXjijiQKrnqfIifZYLAItKfVzz4CpxQiyi1JpilRl7qQHderkPfrS+CvOdPVdjn/V1WpVZd9hcqu4CbUediiZlTpFEAe5qYG5ZMBYp7CYQ6WwmASBjGANgwjBgYuJIRHQdAaCYUGANlC7KNAWuWuBNAMmETIlwiYByjNLARsJXCSsJXCBGsbcvJEdsDxalQrV3hpQc33cF2sXo7r09D+crxv8As6fvPysrV3hOa6uklRprhGOXi9rEuTcn3gLH5/qF1elpQpR+tZOUu1iVUqTqyvKTYNd4rUNHi96Ul6QE6MJS4Buqd5ReTirtHQxo048EJuspSU+tjlwi33NpAKFOhThFNLMQtZTcasZQXBP2K/tOiTEXUv3Z1PDsA5d8bjGMA8JErqpNXsbpKSm5K13a6J8E2gEzAVwio6Zj07fABNwlMLJ/5ersh7UW/LVv2UgE/NcDcyd1FRcacvAfVNcYtdoENXGkmy8kAeNNOIC1p6cp8Fd+B08cNel1OtipJ8JbYvZfmcfQ3xU08MHVx/z5B1996itwjGGaacVnddrA6bT7mpaOu5XxqPRuhfwo8snvLV1K8a86jlOL5JRtywpJew9J0mqp6yjGpDg+K2p7UwFqFKEqeXEhVY9U7riGpT6uXcCrzU3kAq0q2KCOd0+nhHWayMryvhlk3Gyldvg87XsGhW6l3btHaRevo/nZrrIONWjgea7Nj7gOU3rraUq7hR6MXnJq+Ls4CTXiqEIOWGTmruK/T5c2xe3bufTazTupUlNNTlH3ZLO22zRE3vuinoqMalKc5LFhkppbeDVvaAPdeCvKzjmrZ348eVkdP+UpcjhtBpJ6qvGnCo4Sw4k1n50dR9y7whw1sl2ua+MBU/LUrJYIeHxnMa6emhXwU1FNcUoL03Qqvdm+Vw1l+1z88Gc3LR16NfBW6VnK/G+TYBKVRz1kYvsXgdjufh/FNeg4tf8AUaf8H7iO63VZTqLlOXmA6ixtiyRawAxhbGWAGM0wCppgwJEeAl1ftGKceAmTzk2Aj70/ln2o5VcDpt6/YLt+I5tgJMf5qXddE99EgUM61Ttl6RQfRAS68P1AqUrMnyjiVhKacZNAeqbjX/ht85CnUfE5L1e1toT08nm3iR005cQI0IdbUcb57O/5+4HKDg7MHCE51JODs4q67xTqfi6WnXl05OSffa2YCaEgBLwAW6ewmIT4PgTIsCTc24O5twLNlBtlbgEQVAohUBYGEBgDMNGAEwIYAM0wYEg0jYw2IAlzLg7lWwNkyJJhJME+AHkEVeSjtYqU9E3nPIi6ZqrQln70WpdvE6BSU4qS2gczqtO4Tvnh2Ml6TVvoyef1nwfb3+kVakFUVnwOar0J0ZZcNgHWQqKRTUZ07fCj+8jnKOtasqiv3rJryiwqnXR/DcaidrZ55O/B5gT75tHP6yrGFFU07t8fI2THrYJYrTusnlk/LcQMbdWVRcZP3Fyvt8gEaKvfuVyl7EtU3Hjtlh8l8wU1fFLY2BO0FRQqNy4YXmK7WGeXRlmvOIGnV287W7rk2FScZXnZ22LIBYhDESOrsUjOMQ/WRAtGJJjEpEkICNKOEQKvvyclwF+v0WIsogJs4mU9pIqQyuRqXTADqad43SzQuarQ6apolW01KMW1i2t96zbB9QmsxDnX1Glk6Uakkot8AE8V92bwnoKyd/w5NY13c+0SbjA9kU41YKcGpRe1Am7HGbh17puVCo/cece5nZVFnfYBEqM5PU0erjNJWWJSR09RiJWeN923tA52GUprlJm1Z+7YPWtTr1e+CfesrcRKnJtgH0+KE1OLaa4MWo67Vr/Xqrsm16GIka6j+m/l+YN+bX7P+r/4gLv3lrf/AFFbyzb9IlVK9WpqISnJt9G75WZi1NPkyNVqRk4uN8nmBtSrONV2e2Fv4UreArabXaihhlGecpSvkne1uaZC6pTrvkrCvQ00ZvBhTw+f/kBN++td+0X0Y/Eb996/9pH6EfiCfkYfVQ/yMfqxAH9+6/60PoIf39rvrQ+ggn5GP1YmfkY/ViBH+/df9aH0EP7+1/14fQj8QT8ivqxM/Ir6sQAffe8Prx+hH4gtPem86ztDFN/ApJ+hEetpFGEmlwi9vd3nq/qZVjU3TThGTvCU1LhxcnL0MDgE/WKfR02pf/8AO/7BZVSUFerem1lKMsmny2be49g6vtPN/WrdFXUxlOis5xjGStxdN3j7LrttzA5XW6rSYY9Z+IrvoTSl7FJeKOe1c6GFVdO54G2sM3GTTVv1R4+CBw3VX084LUaapPrI3SxdXhxJ2d7O7Tztw5gIaGvp1OpKm8X6bxU0r8cuCfDO3kAg6afS+U/ST3Jht10VKi5fWkT6unVuACM2JtXpNik0RKsQB6erKlUjJO1vSejU6yr0oz5rPtPMVkzp936jLAwOr0X21+Sb9jZO1Dw6bTQ24HKXa5MR6FTA5bbprxTXoYo6ueKp3RjGC/hAhhIAg0AFCDJsGJ0CbACTc24K5twL3NBjAlxDEeIa4DMGMAZhpUATMNMAqULgwMuUxFrFLAEuMoMAjZVsrcq2B5FpJ4K6jseTF/Tycb0+XnOXknCV9sXYXVPo1FtSTAVwc6SqJpoIWTA5TU6WVGXD3ee0hKTpu6bXedrVhGcbSVxGr6Okle6XcwEmMpSvicnFtt5Pj2uyXiNVMM8UFht0Vy733kdrlcyMJSeQF25SefAzZYUo6ZW97Pu+MytBe6rc7AJkZOLuidGu0ruMX238zRBlHDNchTpQSeCSvtT2gK2mqqrC/sJqEfqUujih8l2uRpUtQnlOb/j+YDqISJKmji8OsX66n0rmOtqodJzQHazWJCV1cpSaWwRqeurQd28Xc2/NYnx3vGPGj5VJ+dMCbUpXhmjnE8LXadD95aSW2a/g+JnPaicHVn1ecG20+HHuaA6BThSo9ZN2Rx+qqqtWlNKyZJq1quqcYLJJWUdnaTqekjhzQHPF4xcnZHRfkaX1Q8NJTXBWAgUaOGPedtpNTGtSUJO04rxESNFEqnSs7rJ8wJFe693a+BC1FP8ALJRebla6zy8UKsYXkpSzY61KNRWa7AOCqdZKcna7w4XsITo1FsO1p0o4bpbWgc6Tacc7bFxt5QOLwT+qzMLOt/Lc833j/Kx5W7AOSuwnZ7TpvydP6qITpaZNqV09tgJ1OmrRfwUL1CNoI5ynq6Ssm3kkuHIW47y0cUlja/hl5kwFpIvYTFvXRftH9Gf9oRb10X7R/Rn/AGgTsI8JD+9NF+1t2xn/AGmfemi/bR8J/wBoEvCPCQvvTRfto+Ev7R/emi/bR8Jf2gElSTyYL1S33Q3LqasdS6nUzVvcSlaceDacllZspLeei/a37Iz/ALTja8ouvVcXeMpuSdrcQPe63r9uqKXV0NRU7VGKXlUpg93+sem3tUnGN6c021B5vB8HJXttPBUz0ijpdG9yaHWaen1daFSUKtSMpYsby55Ww3S4WYHWbwpvU4I06XWShJTTw4sMuVjjd8RlRhXdnBpZxtk8UcnHuafed5u/V0aNCEHZcW52953+sld+XhzOO9aa9KtQdSkpSTSpzmk8F75PE7Xyy4Achu7U06enUZc2S6mro24s5umsMLDuAdgWO5gEOcbMNRqOnJMrV4XAJgdxpqibg28rq7JtStjnJ82cro6zthFXHIBTUyXTkJMZE2nIBWgTYkKGwmxAsMYwGaYMCWmEuR0y+IA1zLg7juBoxjAEMYwKmGjAGYEGAJg2HYNoAIzRgeP1ZKTdiZpJ3hhYlwzv3ILSngqLkB1dGeKCvx4ElCJ1ioyzeXnIdbUzm8m7cgFWvrYw6ObEKdarU6UmzcMp8CRGjbiBGhRlUfdtfIU6NFQQanSUIhQNI9Tpw/i9BII9bgnyYCLO2KcSfSpaiooNyjaN7Pi+wTq32kmLWinelbkBKpyUnbgyThI84fqjlLYwsKmNX4AHjFBcIKIS4FpUKUuMU+0gy3fRk84R8goqQQBCnuun+mTXt84n1N31Yuyafe8vjOonK3aRm78QEmjpVSXN8ybFWJFh2QFUgiQ0i6A2KJkCMg8QJKNBjAqwDDsCAHCVeQZ5HO4K8qkoTztwYCw3aDnyOPk2229ot6ic6NCUG+la3nEIBjGMC5pgwNMGMCwxjAZR8S5R8QNxWOx3Lvmjo9Fq9NqFKdOo6c0lxyqRxWv8E40zYB7Ho/W7dUIyjU09WylanaMJvDsUm5R8cw3rTX0Gs3HSq6bDjqVocL3soTbTs+KaWxniqdi0Je9cCa2tjAMwYGmmDAyWZHJBGkBJoVME0dHCWKNzk0LeknKolBZsBTjKzFjTWkyH916/ZQl4xXpYoafS6mj9pDCrpcU/Q2Ar00S0bCnkFwACuUuEaB2AwuihcAo0wYwD3NuAuO4B7juBxG4gNuZcrcy4BBmGgaMYwK2MsbcdwBWHYIMDxDA5TyHL3XYIZODXECrk5cQ1LC74iKnYKrbAFinh4IMleduRHpQTjndSJ0YqwFzCkpqPH5yNU1Lzik13u2fg2BSpX9/3XlwZNWYi3Jmmq2eFvsAjVlCnUndcYqz5GaapgqJbHkdBhTjwWZzmop9VVaWS4oDoQMHabXPMj0q8pwXutvhlbztB43ck3sv7QJppgwD8B3sAuO4GmDGBoxjAsMYwCoPEjoMgD3HcGMAhlhmgDZUuzG0uIHK7zqY6+D6q4dokl61R1Kkqj4yYO4GmmGgXRphoDNjFykkldvZtZJ0umqautGlTV5Sdl8b7j1bW7g0O7dFOvp0+uoUk5Sk8V+eWS7lZckAkUvU6eo3X+YjJ09RGOLq3mpxveLTvk2srW2HnlSjUpNxnFxadmmei7s9bZ6XSyoaiEq7uur95LDFbM07rlyIe9vWOO8dHLS/loxTlGSlf3ouN9q48doHAFNpcptAuDCAwMtdS5pXS5kqjpK+ojOVGGJU44552wx5kdEmNVKKWGPgBQYxgMYQ0AdjLBx5AJ20maabhUi07WzXaAqRsysQPd9Bqvzmmp1VtXvdq4ihGnHN8zzv1b12Cb07eU1igvhLj4npcbNXQCdODiwLQpVI3RAaAhMGw7QNoAJY2xtgKDNMAy5lzBgbcdygwLjMGAU1FSwBRjNApYywWxlgBDNsMDxVB5ZrvI8S1wBdW2yfRpKOb4g4yuHxgS8VijqPYR3IFKpyAK6i8pHB3HiA0HcvcGAsUtWlS97ihLrVXVm5Ar2Ha6AUtDJXlF7c0KvA5mlUdOaZ0UJqcUwJNx3K3BYswDF0DQRAWGYMCwxjAZdAwiAuEQMIgLjGMDRjGBYSt41er08s85ZLzimczvSqnKFNbFifl/wCQCEajDUAQYxgd7upaXeu73oa9o16bfUWybu2/H6xzFDQV6+rWlivfcnF8lbi33JCdCpOnJTg3Fp3TWw9A9UdRpPzVV15KFVxWGU5dK98Vr5LZtA67Qbm027qacFepZY57ZP4u48/35virqa9WjSlahGVmlwnKO1/EdXv/ANYaFOm6GkmpzaalOL91J+c8pvcBjGMAbKF2DAuK0N0a2ejlrVT/AAY8ZXWxpPLtaEhC6t866OgloFV/Ak8Ti0m+litiedr7LgIZUu1KzdslxexdoMAqCKINBEwNNMNAZphoA6nRZGiTHwILylYBQ01aVGrCcXZxkpeB7ju/ULU6aFSO1HgSZ6T6qa5XqaWTyfv08+HHEvOB6Ja4m1FhkxTTIuoimrgJQxjAwGFBAVGMYFWDCMGBUYxgWGM0AkSTFAYokxA2xtglhtZAAGMYFBjGB4XFhmAiHYFQ0XcAbF2AI2VMbMuAxjGBgxjAoW7srchlQKmqcou6bQwYCjDWyv7xNjXhLPEl2nPs1AdXCpF8JJ9jDpnHk3T6iUJq7ybsB0gzBgWLoGXQFwgMIAzUYaAQ0qaAQZiNA04XUVOtqynzZ1utqdXpqkk7PortZxQDNMNAIaYagLjLGgYaMYGDGMCrKF2DYBaUHVmoR4vh/nkKMuooK0bVZ5Xk7uC+Srq/lv2CbCrKEGotxb422rkzMTQEqrOrK2N8VdLhGz5JZLwIsmrruVvBh1qW1GM1Fpd2wiylG+S8c34gXTCojoMgLjGMDBjGAyPMKVkAFClotTLS16dWLzhJS8BN2hIgfQlCpGtShUg7xmroh7wo1NRR6uE1C8le6ycdq8pynqxvFOm9JJ9G84X5Piuw7u1wEOdLq3ZZR2GpNCnWp3iJ4FGCYRkdgWuEiRrhIPOwGSYO5knZ2KJgEGDNAIXQNBEBITCpkZMImBIxM24MaQG2HYJY2wAB2DWHYD//2Q=="} | headers=HTTPHeaderDict({'Content-Length': '19295', 'Content-Type': 'application/json; charset=utf-8', 'cache-control': 'no-cache'})
2026-01-08 20:46:41 [   DEBUG] [remote_connection.py:467] Finished Request
2026-01-08 20:46:41 [   DEBUG] [remote_connection.py:405] POST http://localhost:51854/session/3b7ea9b8ae3b9f898b5332732fa74180/element {'using': 'xpath', 'value': '//*[@id="simultaneousViewBrowser"]/div[1]/div[1]/simultaneous-view[3]/div/div[1]/div/div[1]/div'}
2026-01-08 20:46:41 [   DEBUG] [connectionpool.py:544] http://localhost:51854 "POST /session/3b7ea9b8ae3b9f898b5332732fa74180/element HTTP/1.1" 200 0
2026-01-08 20:46:41 [   DEBUG] [remote_connection.py:438] Remote response: status=200 | data={"value":{"element-6066-11e4-a52e-4f735466cecf":"f.791E0EA8D4C19E44145BFD7D4024DC0E.d.EFE0D926EAA590FEC8C59A08E1B8C9FF.e.36537"}} | headers=HTTPHeaderDict({'Content-Length': '129', 'Content-Type': 'application/json; charset=utf-8', 'cache-control': 'no-cache'})
2026-01-08 20:46:41 [   DEBUG] [remote_connection.py:467] Finished Request
2026-01-08 20:46:41 [   DEBUG] [remote_connection.py:405] POST http://localhost:51854/session/3b7ea9b8ae3b9f898b5332732fa74180/element {'using': 'xpath', 'value': '//*[@id="simultaneousViewBrowser"]/div[1]/div[1]/simultaneous-view[3]/div/div[2]/div'}
2026-01-08 20:46:41 [   DEBUG] [connectionpool.py:544] http://localhost:51854 "POST /session/3b7ea9b8ae3b9f898b5332732fa74180/element HTTP/1.1" 200 0
2026-01-08 20:46:41 [   DEBUG] [remote_connection.py:438] Remote response: status=200 | data={"value":{"element-6066-11e4-a52e-4f735466cecf":"f.791E0EA8D4C19E44145BFD7D4024DC0E.d.EFE0D926EAA590FEC8C59A08E1B8C9FF.e.37157"}} | headers=HTTPHeaderDict({'Content-Length': '129', 'Content-Type': 'application/json; charset=utf-8', 'cache-control': 'no-cache'})
2026-01-08 20:46:41 [   DEBUG] [remote_connection.py:467] Finished Request
2026-01-08 20:46:41 [   DEBUG] [remote_connection.py:405] POST http://localhost:51854/session/3b7ea9b8ae3b9f898b5332732fa74180/execute/sync {'script': '/* isDisplayed */return (function(){return (function(){var g=this||self;\nfunction aa(a){var b=typeof...', 'args': [{'element-6066-11e4-a52e-4f735466cecf': 'f.791E0EA8D4C19E44145BFD7D4024DC0E.d.EFE0D926EAA590FEC8C59A08E1B8C9FF.e.36537'}]}
2026-01-08 20:46:41 [   DEBUG] [connectionpool.py:544] http://localhost:51854 "POST /session/3b7ea9b8ae3b9f898b5332732fa74180/execute/sync HTTP/1.1" 200 0
2026-01-08 20:46:41 [   DEBUG] [remote_connection.py:438] Remote response: status=200 | data={"value":true} | headers=HTTPHeaderDict({'Content-Length': '14', 'Content-Type': 'application/json; charset=utf-8', 'cache-control': 'no-cache'})
2026-01-08 20:46:41 [   DEBUG] [remote_connection.py:467] Finished Request
2026-01-08 20:46:41 [   DEBUG] [remote_connection.py:405] POST http://localhost:51854/session/3b7ea9b8ae3b9f898b5332732fa74180/execute/sync {'script': '/* isDisplayed */return (function(){return (function(){var g=this||self;\nfunction aa(a){var b=typeof...', 'args': [{'element-6066-11e4-a52e-4f735466cecf': 'f.791E0EA8D4C19E44145BFD7D4024DC0E.d.EFE0D926EAA590FEC8C59A08E1B8C9FF.e.37157'}]}
2026-01-08 20:46:41 [   DEBUG] [connectionpool.py:544] http://localhost:51854 "POST /session/3b7ea9b8ae3b9f898b5332732fa74180/execute/sync HTTP/1.1" 200 0
2026-01-08 20:46:41 [   DEBUG] [remote_connection.py:438] Remote response: status=200 | data={"value":true} | headers=HTTPHeaderDict({'Content-Length': '14', 'Content-Type': 'application/json; charset=utf-8', 'cache-control': 'no-cache'})
2026-01-08 20:46:41 [   DEBUG] [remote_connection.py:467] Finished Request
2026-01-08 20:46:41 [   DEBUG] [remote_connection.py:405] DELETE http://localhost:51854/session/3b7ea9b8ae3b9f898b5332732fa74180 {}
2026-01-08 20:46:41 [   DEBUG] [connectionpool.py:544] http://localhost:51854 "DELETE /session/3b7ea9b8ae3b9f898b5332732fa74180 HTTP/1.1" 200 0
2026-01-08 20:46:41 [   DEBUG] [remote_connection.py:438] Remote response: status=200 | data={"value":null} | headers=HTTPHeaderDict({'Content-Length': '14', 'Content-Type': 'application/json; charset=utf-8', 'cache-control': 'no-cache'})
2026-01-08 20:46:41 [   DEBUG] [remote_connection.py:467] Finished Request
